C:\ST\STM32CubeIDE_1.13.2\STM32CubeIDE\plugins\com.st.stm32cube.ide.mcu.externaltools.gnu-tools-for-stm32.11.3.rel1.win32_1.1.100.202309141235\tools\bin/../lib/gcc/arm-none-eabi/11.3.1/../../../../arm-none-eabi/include/c++/11.3.1/cmath:144:3:constexpr float std::atan2(float, float)	16	static
J:/work_dir/work_dir/projects/testbed/software/robots/firmwares/libraries/general/stm32_core_cpp_lib/ext/madgwick_ahrs/MadgwickAHRS.h:38:10:void Madgwick::begin(float)	16	static
J:/work_dir/work_dir/projects/testbed/software/robots/firmwares/robots/TWIPR/firmware_v1/estimation/twipr_estimation.cpp:16:1:TWIPR_Estimation::TWIPR_Estimation()	16	static
J:/work_dir/work_dir/projects/testbed/software/robots/firmwares/robots/TWIPR/firmware_v1/estimation/twipr_estimation.cpp:23:6:void TWIPR_Estimation::init(twipr_estimation_config_t)	24	static
J:/work_dir/work_dir/projects/testbed/software/robots/firmwares/robots/TWIPR/firmware_v1/estimation/twipr_estimation.cpp:33:6:void TWIPR_Estimation::start()	16	static
J:/work_dir/work_dir/projects/testbed/software/robots/firmwares/robots/TWIPR/firmware_v1/estimation/twipr_estimation.cpp:37:6:void TWIPR_Estimation::reset()	16	static
J:/work_dir/work_dir/projects/testbed/software/robots/firmwares/robots/TWIPR/firmware_v1/estimation/twipr_estimation.cpp:41:6:void TWIPR_Estimation::task_function()	24	static
J:/work_dir/work_dir/projects/testbed/software/robots/firmwares/robots/TWIPR/firmware_v1/estimation/twipr_estimation.cpp:55:6:void TWIPR_Estimation::stop()	16	static
J:/work_dir/work_dir/projects/testbed/software/robots/firmwares/robots/TWIPR/firmware_v1/estimation/twipr_estimation.cpp:59:6:void TWIPR_Estimation::update()	176	static
J:/work_dir/work_dir/projects/testbed/software/robots/firmwares/robots/TWIPR/firmware_v1/estimation/twipr_estimation.cpp:141:26:twipr_estimation_state_t TWIPR_Estimation::getMeanState()	24	static
J:/work_dir/work_dir/projects/testbed/software/robots/firmwares/robots/TWIPR/firmware_v1/estimation/twipr_estimation.cpp:149:26:twipr_estimation_state_t TWIPR_Estimation::getState()	24	static
J:/work_dir/work_dir/projects/testbed/software/robots/firmwares/robots/TWIPR/firmware_v1/estimation/twipr_estimation.cpp:156:6:void TWIPR_Estimation::setState(twipr_estimation_state_t)	16	static
J:/work_dir/work_dir/projects/testbed/software/robots/firmwares/robots/TWIPR/firmware_v1/estimation/twipr_estimation.cpp:160:28:twipr_logging_estimation_t TWIPR_Estimation::getSample()	48	static
J:/work_dir/work_dir/projects/testbed/software/robots/firmwares/robots/TWIPR/firmware_v1/estimation/twipr_estimation.cpp:166:6:void estimation_task(void*)	24	static
