J:/work_dir/work_dir/projects/testbed/software/robots/firmwares/libraries/general/stm32_core_cpp_lib/communication/uart_interface/../../utils/core_utils_Callback.h:16:2:Callback::Callback()	16	static
J:/work_dir/work_dir/projects/testbed/software/robots/firmwares/libraries/general/stm32_core_cpp_lib/communication/uart_interface/../../utils/core_utils_Callback.h:20:15:virtual void Callback::call()	16	static
J:/work_dir/work_dir/projects/testbed/software/robots/firmwares/libraries/general/stm32_core_cpp_lib/communication/uart_interface/../../utils/core_utils_Callback.h:24:15:virtual void Callback::call(void*)	16	static
J:/work_dir/work_dir/projects/testbed/software/robots/firmwares/libraries/general/stm32_core_cpp_lib/communication/uart_interface/../../utils/core_utils_BufferQueue.h:16:2:Buffer::Buffer()	16	static
J:/work_dir/work_dir/projects/testbed/software/robots/firmwares/libraries/general/stm32_core_cpp_lib/communication/uart_interface/../../utils/core_utils_Callback.h:14:7:constexpr Callback& Callback::operator=(const Callback&)	16	static
J:/work_dir/work_dir/projects/testbed/software/robots/firmwares/libraries/general/stm32_core_cpp_lib/communication/uart_interface/../../utils/core_utils_Callback.h:67:7:constexpr core_utils_Callback<void, void>& core_utils_Callback<void, void>::operator=(const core_utils_Callback<void, void>&)	24	static
J:/work_dir/work_dir/projects/testbed/software/robots/firmwares/libraries/general/stm32_core_cpp_lib/communication/uart_interface/../../utils/core_utils.h:23:13:void nop()	4	static
J:/work_dir/work_dir/projects/testbed/software/robots/firmwares/libraries/general/stm32_core_cpp_lib/hardware/UART/core_hardware_UART.h:51:2:UART::UART()	16	static
J:/work_dir/work_dir/projects/testbed/software/robots/firmwares/libraries/general/stm32_core_cpp_lib/hardware/UART/core_hardware_UART.h:55:15:virtual void UART::rxFunction(uint16_t)	16	static
J:/work_dir/work_dir/projects/testbed/software/robots/firmwares/libraries/general/stm32_core_cpp_lib/hardware/UART/core_hardware_UART.h:59:30:virtual UART_HandleTypeDef* UART::get_huart()	16	static
J:/work_dir/work_dir/projects/testbed/software/robots/firmwares/libraries/general/stm32_core_cpp_lib/communication/uart_interface/core_comm_UartInterface.h:55:2:UartInterface::UartInterface()	16	static
J:/work_dir/work_dir/projects/testbed/software/robots/firmwares/libraries/general/stm32_core_cpp_lib/communication/uart_interface/core_comm_UartInterface.h:58:18:virtual uint8_t UartInterface::rx_function()	16	static
J:/work_dir/work_dir/projects/testbed/software/robots/firmwares/libraries/general/stm32_core_cpp_lib/communication/uart_interface/core_comm_UartInterface.h:61:15:virtual void UartInterface::setTaskID(TaskHandle_t)	16	static
J:/work_dir/work_dir/projects/testbed/software/robots/firmwares/libraries/general/stm32_core_cpp_lib/communication/uart_interface/core_comm_UartInterface.h:64:23:virtual tskTaskControlBlock* UartInterface::getTaskID()	16	static
J:/work_dir/work_dir/projects/testbed/software/robots/firmwares/libraries/general/stm32_core_cpp_lib/utils/core_debug.cpp:17:1:core_debug_Interface::core_debug_Interface(debug_interface_type, UART_HandleTypeDef*)	24	static
J:/work_dir/work_dir/projects/testbed/software/robots/firmwares/libraries/general/stm32_core_cpp_lib/utils/core_debug.cpp:33:6:void core_debug_Interface::registerCallback(core_debug_CB_ID, void (*)(void*, void*), void*)	24	static
J:/work_dir/work_dir/projects/testbed/software/robots/firmwares/libraries/general/stm32_core_cpp_lib/utils/core_debug.cpp:39:6:void core_debug_Interface::start()	16	static
J:/work_dir/work_dir/projects/testbed/software/robots/firmwares/libraries/general/stm32_core_cpp_lib/utils/core_debug.cpp:46:6:void core_debug_Interface::write(uint8_t*, uint16_t)	24	static
J:/work_dir/work_dir/projects/testbed/software/robots/firmwares/libraries/general/stm32_core_cpp_lib/utils/core_debug.cpp:59:6:void core_debug_Interface::print(uint8_t*, uint16_t)	24	static
J:/work_dir/work_dir/projects/testbed/software/robots/firmwares/libraries/general/stm32_core_cpp_lib/utils/core_debug.cpp:63:6:void core_debug_Interface::println(uint8_t*, uint16_t)	24	static
J:/work_dir/work_dir/projects/testbed/software/robots/firmwares/libraries/general/stm32_core_cpp_lib/utils/core_debug.cpp:68:6:void core_debug_Interface::println()	24	static
J:/work_dir/work_dir/projects/testbed/software/robots/firmwares/libraries/general/stm32_core_cpp_lib/utils/core_debug.cpp:73:6:void core_debug_Interface::print(float)	16	static
J:/work_dir/work_dir/projects/testbed/software/robots/firmwares/libraries/general/stm32_core_cpp_lib/utils/core_debug.cpp:77:6:void core_debug_Interface::print(uint8_t)	16	static
J:/work_dir/work_dir/projects/testbed/software/robots/firmwares/libraries/general/stm32_core_cpp_lib/utils/core_debug.cpp:81:6:void core_debug_Interface::print(uint16_t)	16	static
J:/work_dir/work_dir/projects/testbed/software/robots/firmwares/libraries/general/stm32_core_cpp_lib/utils/core_debug.cpp:92:6:void print(const char*, uint16_t)	16	static
J:/work_dir/work_dir/projects/testbed/software/robots/firmwares/libraries/general/stm32_core_cpp_lib/utils/core_debug.cpp:98:6:void print(uint8_t*, uint16_t)	16	static
J:/work_dir/work_dir/projects/testbed/software/robots/firmwares/libraries/general/stm32_core_cpp_lib/utils/core_debug.cpp:103:6:void println(const char*, uint16_t)	16	static
J:/work_dir/work_dir/projects/testbed/software/robots/firmwares/libraries/general/stm32_core_cpp_lib/utils/core_debug.cpp:109:6:void println(uint8_t*, uint16_t)	16	static
J:/work_dir/work_dir/projects/testbed/software/robots/firmwares/libraries/general/stm32_core_cpp_lib/utils/core_debug.cpp:114:6:void println()	8	static
J:/work_dir/work_dir/projects/testbed/software/robots/firmwares/libraries/general/stm32_core_cpp_lib/utils/core_debug.cpp:119:6:void print(float)	16	static
J:/work_dir/work_dir/projects/testbed/software/robots/firmwares/libraries/general/stm32_core_cpp_lib/utils/core_debug.cpp:122:6:void print(uint8_t)	16	static
J:/work_dir/work_dir/projects/testbed/software/robots/firmwares/libraries/general/stm32_core_cpp_lib/utils/core_debug.cpp:125:6:void print(uint16_t)	16	static
J:/work_dir/work_dir/projects/testbed/software/robots/firmwares/libraries/general/stm32_core_cpp_lib/communication/uart_interface/../../utils/core_utils_Callback.h:69:2:core_utils_Callback<R, void>::core_utils_Callback() [with R = void]	16	static
J:/work_dir/work_dir/projects/testbed/software/robots/firmwares/libraries/general/stm32_core_cpp_lib/communication/uart_interface/../../utils/core_utils_Callback.h:83:4:R core_utils_Callback<R, void>::call() [with R = void]	16	static
J:/work_dir/work_dir/projects/testbed/software/robots/firmwares/libraries/general/stm32_core_cpp_lib/hardware/UART/core_hardware_UART.h:33:16:constexpr core_hardware_UART_config::core_hardware_UART_config()	16	static
J:/work_dir/work_dir/projects/testbed/software/robots/firmwares/libraries/general/stm32_core_cpp_lib/communication/uart_interface/core_comm_UartInterface.h:43:16:core_comm_UartInterface_config_t::core_comm_UartInterface_config_t()	16	static
J:/work_dir/work_dir/projects/testbed/software/robots/firmwares/libraries/general/stm32_core_cpp_lib/communication/uart_interface/core_comm_MessageQueue.h:14:7:core_comm_MessageQueue<10, 128>::core_comm_MessageQueue()	24	static
J:/work_dir/work_dir/projects/testbed/software/robots/firmwares/libraries/general/stm32_core_cpp_lib/communication/uart_interface/core_comm_UartInterface.h:37:16:core_comm_UartInterface_callbacks_t::core_comm_UartInterface_callbacks_t()	16	static
J:/work_dir/work_dir/projects/testbed/software/robots/firmwares/libraries/general/stm32_core_cpp_lib/communication/uart_interface/core_comm_UartInterface.h:83:2:core_comm_UartInterface<uart_buffers, uart_buffer_size>::core_comm_UartInterface() [with int uart_buffers = 10; int uart_buffer_size = 128]	16	static
J:/work_dir/work_dir/projects/testbed/software/robots/firmwares/libraries/general/stm32_core_cpp_lib/communication/uart_interface/core_comm_UartInterface.h:92:7:void core_comm_UartInterface<uart_buffers, uart_buffer_size>::init(UART_HandleTypeDef*, core_comm_UartInterface_config_t) [with int uart_buffers = 10; int uart_buffer_size = 128]	72	static
J:/work_dir/work_dir/projects/testbed/software/robots/firmwares/libraries/general/stm32_core_cpp_lib/communication/uart_interface/core_comm_UartInterface.h:106:7:void core_comm_UartInterface<uart_buffers, uart_buffer_size>::start() [with int uart_buffers = 10; int uart_buffer_size = 128]	16	static
J:/work_dir/work_dir/projects/testbed/software/robots/firmwares/libraries/general/stm32_core_cpp_lib/communication/uart_interface/core_comm_UartInterface.h:121:7:void core_comm_UartInterface<uart_buffers, uart_buffer_size>::send(uint8_t*, uint16_t) [with int uart_buffers = 10; int uart_buffer_size = 128]	24	static
J:/work_dir/work_dir/projects/testbed/software/robots/firmwares/libraries/general/stm32_core_cpp_lib/communication/uart_interface/../../utils/core_utils_functionpointer.h:118:2:core_utils_FunctionPointer<R, void>::core_utils_FunctionPointer(R (*)()) [with R = void]	16	static
J:/work_dir/work_dir/projects/testbed/software/robots/firmwares/libraries/general/stm32_core_cpp_lib/communication/uart_interface/../../utils/core_utils_functionpointer.h:171:7:R core_utils_FunctionPointer<R, void>::operator()() [with R = void]	16	static
J:/work_dir/work_dir/projects/testbed/software/robots/firmwares/libraries/general/stm32_core_cpp_lib/communication/uart_interface/core_comm_SerialProtocol.h:42:2:core_comm_SerialMessage_memory<size>::core_comm_SerialMessage_memory() [with int size = 128]	16	static
J:/work_dir/work_dir/projects/testbed/software/robots/firmwares/libraries/general/stm32_core_cpp_lib/hardware/UART/core_hardware_UART.h:40:16:core_hardware_UART_callbacks_t::core_hardware_UART_callbacks_t()	16	static
J:/work_dir/work_dir/projects/testbed/software/robots/firmwares/libraries/general/stm32_core_cpp_lib/hardware/UART/core_hardware_UART.h:72:2:core_hardware_UART<num_buffers, size_buffers>::core_hardware_UART() [with int num_buffers = 10; int size_buffers = 128]	16	static
J:/work_dir/work_dir/projects/testbed/software/robots/firmwares/libraries/general/stm32_core_cpp_lib/communication/uart_interface/../../utils/core_utils_Callback.h:34:2:core_utils_Callback<R, A>::core_utils_Callback() [with R = void; A = void*]	16	static
J:/work_dir/work_dir/projects/testbed/software/robots/firmwares/libraries/general/stm32_core_cpp_lib/communication/uart_interface/../../utils/core_utils_Callback.h:34:2:core_utils_Callback<R, A>::core_utils_Callback() [with R = void; A = core_comm_SerialMessage*]	16	static
J:/work_dir/work_dir/projects/testbed/software/robots/firmwares/libraries/general/stm32_core_cpp_lib/hardware/UART/core_hardware_UART.h:82:7:void core_hardware_UART<num_buffers, size_buffers>::init(UART_HandleTypeDef*, core_hardware_UART_config) [with int num_buffers = 10; int size_buffers = 128]	24	static
J:/work_dir/work_dir/projects/testbed/software/robots/firmwares/libraries/general/stm32_core_cpp_lib/communication/uart_interface/core_comm_UartInterface.h:245:7:void core_comm_UartInterface<uart_buffers, uart_buffer_size>::_rxNotify_callback() [with int uart_buffers = 10; int uart_buffer_size = 128]	24	static,ignoring_inline_asm
J:/work_dir/work_dir/projects/testbed/software/robots/firmwares/libraries/general/stm32_core_cpp_lib/communication/uart_interface/../../utils/core_utils_Callback.h:78:2:core_utils_Callback<R, void>::core_utils_Callback(T*, R (T::*)()) [with T = core_comm_UartInterface<10, 128>; R = void]	56	static
J:/work_dir/work_dir/projects/testbed/software/robots/firmwares/libraries/general/stm32_core_cpp_lib/hardware/UART/core_hardware_UART.h:198:7:void core_hardware_UART<num_buffers, size_buffers>::registerCallback(core_hardware_UART_CB_ID, core_utils_Callback<void, void>) [with int num_buffers = 10; int size_buffers = 128]	24	static
J:/work_dir/work_dir/projects/testbed/software/robots/firmwares/libraries/general/stm32_core_cpp_lib/hardware/UART/core_hardware_UART.h:99:7:void core_hardware_UART<num_buffers, size_buffers>::start() [with int num_buffers = 10; int size_buffers = 128]	16	static
J:/work_dir/work_dir/projects/testbed/software/robots/firmwares/libraries/general/stm32_core_cpp_lib/communication/uart_interface/core_comm_UartInterface.h:235:7:void core_comm_UartInterface<uart_buffers, uart_buffer_size>::_startRTOS() [with int uart_buffers = 10; int uart_buffer_size = 128]	56	static
J:/work_dir/work_dir/projects/testbed/software/robots/firmwares/libraries/general/stm32_core_cpp_lib/hardware/UART/core_hardware_UART.h:120:7:void core_hardware_UART<num_buffers, size_buffers>::send(uint8_t*, uint16_t) [with int num_buffers = 10; int size_buffers = 128]	32	static
J:/work_dir/work_dir/projects/testbed/software/robots/firmwares/libraries/general/stm32_core_cpp_lib/communication/uart_interface/../../utils/core_utils_functionpointer.h:136:10:void core_utils_FunctionPointer<R, void>::attach(R (*)()) [with R = void]	16	static
J:/work_dir/work_dir/projects/testbed/software/robots/firmwares/libraries/general/stm32_core_cpp_lib/communication/uart_interface/../../utils/core_utils_functionpointer.h:155:7:R core_utils_FunctionPointer<R, void>::call() [with R = void]	16	static
J:/work_dir/work_dir/projects/testbed/software/robots/firmwares/libraries/general/stm32_core_cpp_lib/communication/uart_interface/../../utils/core_utils_BufferQueue.h:35:2:core_utils_BufferQueue<num, size>::core_utils_BufferQueue() [with int num = 10; int size = 128]	24	static
J:/work_dir/work_dir/projects/testbed/software/robots/firmwares/libraries/general/stm32_core_cpp_lib/communication/uart_interface/../../utils/core_utils_BufferQueue.h:26:2:core_utils_Buffer<size>::core_utils_Buffer() [with int size = 128]	16	static
J:/work_dir/work_dir/projects/testbed/software/robots/firmwares/libraries/general/stm32_core_cpp_lib/communication/uart_interface/../../utils/core_utils_functionpointer.h:33:2:core_utils_FunctionPointer<R, A1>::core_utils_FunctionPointer(R (*)(A1)) [with R = void; A1 = void*]	16	static
J:/work_dir/work_dir/projects/testbed/software/robots/firmwares/libraries/general/stm32_core_cpp_lib/communication/uart_interface/../../utils/core_utils_functionpointer.h:33:2:core_utils_FunctionPointer<R, A1>::core_utils_FunctionPointer(R (*)(A1)) [with R = void; A1 = core_comm_SerialMessage*]	16	static
J:/work_dir/work_dir/projects/testbed/software/robots/firmwares/libraries/general/stm32_core_cpp_lib/communication/uart_interface/../../utils/core_utils_functionpointer.h:128:5:core_utils_FunctionPointer<R, void>::core_utils_FunctionPointer(T*, R (T::*)()) [with T = core_comm_UartInterface<10, 128>; R = void]	24	static
J:/work_dir/work_dir/projects/testbed/software/robots/firmwares/libraries/general/stm32_core_cpp_lib/hardware/UART/core_hardware_UART.h:164:7:void core_hardware_UART<num_buffers, size_buffers>::startReceiveDMA() [with int num_buffers = 10; int size_buffers = 128]	16	static
J:/work_dir/work_dir/projects/testbed/software/robots/firmwares/libraries/general/stm32_core_cpp_lib/communication/uart_interface/../../utils/core_utils_BufferQueue.h:43:10:uint8_t core_utils_BufferQueue<num, size>::write(Buffer*) [with int num = 10; int size = 128]	24	static
J:/work_dir/work_dir/projects/testbed/software/robots/firmwares/libraries/general/stm32_core_cpp_lib/communication/uart_interface/../../utils/core_utils_BufferQueue.h:52:10:uint8_t core_utils_BufferQueue<num, size>::write(uint8_t*, uint16_t) [with int num = 10; int size = 128]	32	static
J:/work_dir/work_dir/projects/testbed/software/robots/firmwares/libraries/general/stm32_core_cpp_lib/hardware/UART/core_hardware_UART.h:225:7:void core_hardware_UART<num_buffers, size_buffers>::flushTx() [with int num_buffers = 10; int size_buffers = 128]	16	static
J:/work_dir/work_dir/projects/testbed/software/robots/firmwares/libraries/general/stm32_core_cpp_lib/communication/uart_interface/../../utils/core_utils_functionpointer.h:51:10:void core_utils_FunctionPointer<R, A1>::attach(R (*)(A1)) [with R = void; A1 = void*]	16	static
J:/work_dir/work_dir/projects/testbed/software/robots/firmwares/libraries/general/stm32_core_cpp_lib/communication/uart_interface/../../utils/core_utils_functionpointer.h:51:10:void core_utils_FunctionPointer<R, A1>::attach(R (*)(A1)) [with R = void; A1 = core_comm_SerialMessage*]	16	static
J:/work_dir/work_dir/projects/testbed/software/robots/firmwares/libraries/general/stm32_core_cpp_lib/communication/uart_interface/../../utils/core_utils_functionpointer.h:147:10:void core_utils_FunctionPointer<R, void>::attach(T*, R (T::*)()) [with T = core_comm_UartInterface<10, 128>; R = void]	24	static
J:/work_dir/work_dir/projects/testbed/software/robots/firmwares/libraries/general/stm32_core_cpp_lib/communication/uart_interface/../../utils/core_utils_BufferQueue.h:133:10:uint8_t core_utils_BufferQueue<num, size>::inc_write() [with int num = 10; int size = 128]	16	static
J:/work_dir/work_dir/projects/testbed/software/robots/firmwares/libraries/general/stm32_core_cpp_lib/hardware/UART/core_hardware_UART.h:233:7:void core_hardware_UART<num_buffers, size_buffers>::sendNextBuffer() [with int num_buffers = 10; int size_buffers = 128]	24	static
J:/work_dir/work_dir/projects/testbed/software/robots/firmwares/libraries/general/stm32_core_cpp_lib/communication/uart_interface/../../utils/core_utils_functionpointer.h:181:14:static R core_utils_FunctionPointer<R, void>::membercaller(void*, uintptr_t*) [with T = core_comm_UartInterface<10, 128>; R = void]	24	static
J:/work_dir/work_dir/projects/testbed/software/robots/firmwares/libraries/general/stm32_core_cpp_lib/communication/uart_interface/../../utils/core_utils_BufferQueue.h:110:9:int8_t core_utils_BufferQueue<num, size>::available() [with int num = 10; int size = 128]	24	static
J:/work_dir/work_dir/projects/testbed/software/robots/firmwares/libraries/general/stm32_core_cpp_lib/communication/uart_interface/../../utils/core_utils_BufferQueue.h:90:10:uint8_t core_utils_BufferQueue<num, size>::read(uint8_t**) [with int num = 10; int size = 128]	24	static
J:/work_dir/work_dir/projects/testbed/software/robots/firmwares/libraries/general/stm32_core_cpp_lib/communication/uart_interface/../../utils/core_utils_BufferQueue.h:146:10:uint8_t core_utils_BufferQueue<num, size>::inc_read() [with int num = 10; int size = 128]	16	static
J:/work_dir/work_dir/projects/testbed/software/robots/firmwares/libraries/general/stm32_core_cpp_lib/communication/uart_interface/core_comm_UartInterface.h:190:10:uint8_t core_comm_UartInterface<uart_buffers, uart_buffer_size>::rx_function() [with int uart_buffers = 10; int uart_buffer_size = 128]	32	static
J:/work_dir/work_dir/projects/testbed/software/robots/firmwares/libraries/general/stm32_core_cpp_lib/communication/uart_interface/core_comm_UartInterface.h:180:7:void core_comm_UartInterface<uart_buffers, uart_buffer_size>::setTaskID(TaskHandle_t) [with int uart_buffers = 10; int uart_buffer_size = 128]	16	static
J:/work_dir/work_dir/projects/testbed/software/robots/firmwares/libraries/general/stm32_core_cpp_lib/communication/uart_interface/core_comm_UartInterface.h:185:15:tskTaskControlBlock* core_comm_UartInterface<uart_buffers, uart_buffer_size>::getTaskID() [with int uart_buffers = 10; int uart_buffer_size = 128]	16	static
J:/work_dir/work_dir/projects/testbed/software/robots/firmwares/libraries/general/stm32_core_cpp_lib/hardware/UART/core_hardware_UART.h:176:7:void core_hardware_UART<num_buffers, size_buffers>::rxFunction(uint16_t) [with int num_buffers = 10; int size_buffers = 128]	16	static
J:/work_dir/work_dir/projects/testbed/software/robots/firmwares/libraries/general/stm32_core_cpp_lib/hardware/UART/core_hardware_UART.h:206:22:UART_HandleTypeDef* core_hardware_UART<num_buffers, size_buffers>::get_huart() [with int num_buffers = 10; int size_buffers = 128]	16	static
J:/work_dir/work_dir/projects/testbed/software/robots/firmwares/libraries/general/stm32_core_cpp_lib/communication/uart_interface/../../utils/core_utils_Callback.h:48:4:R core_utils_Callback<R, A>::call(A) [with R = void; A = void*]	16	static
J:/work_dir/work_dir/projects/testbed/software/robots/firmwares/libraries/general/stm32_core_cpp_lib/hardware/UART/core_hardware_UART.h:159:9:int8_t core_hardware_UART<num_buffers, size_buffers>::available() [with int num_buffers = 10; int size_buffers = 128]	16	static
J:/work_dir/work_dir/projects/testbed/software/robots/firmwares/libraries/general/stm32_core_cpp_lib/communication/uart_interface/../../utils/core_utils_BufferQueue.h:100:10:Buffer* core_utils_BufferQueue<num, size>::read() [with int num = 10; int size = 128]	24	static
J:/work_dir/work_dir/projects/testbed/software/robots/firmwares/libraries/general/stm32_core_cpp_lib/communication/uart_interface/core_comm_MessageQueue.h:39:10:uint8_t core_comm_MessageQueue<num_messages, buf_size>::write(core_comm_SerialMessage*) [with int num_messages = 10; int buf_size = 128]	16	static
J:/work_dir/work_dir/projects/testbed/software/robots/firmwares/libraries/general/stm32_core_cpp_lib/communication/uart_interface/../../utils/core_utils_Callback.h:48:4:R core_utils_Callback<R, A>::call(A) [with R = void; A = core_comm_SerialMessage*]	16	static
J:/work_dir/work_dir/projects/testbed/software/robots/firmwares/libraries/general/stm32_core_cpp_lib/communication/uart_interface/../../utils/core_utils_functionpointer.h:86:7:R core_utils_FunctionPointer<R, A1>::operator()(A1) [with R = void; A1 = void*]	16	static
J:/work_dir/work_dir/projects/testbed/software/robots/firmwares/libraries/general/stm32_core_cpp_lib/communication/uart_interface/core_comm_MessageQueue.h:23:10:uint8_t core_comm_MessageQueue<num_messages, buf_size>::inc_write() [with int num_messages = 10; int buf_size = 128]	16	static
J:/work_dir/work_dir/projects/testbed/software/robots/firmwares/libraries/general/stm32_core_cpp_lib/communication/uart_interface/../../utils/core_utils_functionpointer.h:86:7:R core_utils_FunctionPointer<R, A1>::operator()(A1) [with R = void; A1 = core_comm_SerialMessage*]	16	static
J:/work_dir/work_dir/projects/testbed/software/robots/firmwares/libraries/general/stm32_core_cpp_lib/communication/uart_interface/../../utils/core_utils_functionpointer.h:70:7:R core_utils_FunctionPointer<R, A1>::call(A1) [with R = void; A1 = void*]	16	static
J:/work_dir/work_dir/projects/testbed/software/robots/firmwares/libraries/general/stm32_core_cpp_lib/communication/uart_interface/../../utils/core_utils_functionpointer.h:70:7:R core_utils_FunctionPointer<R, A1>::call(A1) [with R = void; A1 = core_comm_SerialMessage*]	16	static
