../Core/Src/main.c:107:5:main	8	static
../Core/Src/main.c:197:6:SystemClock_Config	120	static
../Core/Src/main.c:256:13:MX_I2C3_Init	8	static
../Core/Src/main.c:304:13:MX_SPI1_Init	8	static
../Core/Src/main.c:351:13:MX_SPI2_Init	8	static
../Core/Src/main.c:399:13:MX_TIM2_Init	40	static
../Core/Src/main.c:444:13:MX_UART8_Init	8	static
../Core/Src/main.c:492:13:MX_USART1_UART_Init	8	static
../Core/Src/main.c:540:13:MX_USART2_UART_Init	8	static
../Core/Src/main.c:588:13:MX_DMA_Init	16	static
../Core/Src/main.c:650:13:MX_GPIO_Init	56	static
../Core/Src/main.c:774:6:StartDefaultTask	16	static
../Core/Src/main.c:787:6:Callback01	16	static
../Core/Src/main.c:802:6:HAL_TIM_PeriodElapsedCallback	16	static
../Core/Src/main.c:819:6:Error_Handler	4	static,ignoring_inline_asm
