Archive member included to satisfy reference by file (symbol)

C:/ST/STM32CubeIDE_1.14.0/STM32CubeIDE/plugins/com.st.stm32cube.ide.mcu.externaltools.gnu-tools-for-stm32.11.3.rel1.win32_1.1.100.202309141235/tools/bin/../lib/gcc/arm-none-eabi/11.3.1/../../../../arm-none-eabi/lib/thumb/v7e-m+fp/hard\libc_nano.a(libc_a-exit.o)
                              C:/ST/STM32CubeIDE_1.14.0/STM32CubeIDE/plugins/com.st.stm32cube.ide.mcu.externaltools.gnu-tools-for-stm32.11.3.rel1.win32_1.1.100.202309141235/tools/bin/../lib/gcc/arm-none-eabi/11.3.1/../../../../arm-none-eabi/lib/thumb/v7e-m+fp/hard/crt0.o (exit)
C:/ST/STM32CubeIDE_1.14.0/STM32CubeIDE/plugins/com.st.stm32cube.ide.mcu.externaltools.gnu-tools-for-stm32.11.3.rel1.win32_1.1.100.202309141235/tools/bin/../lib/gcc/arm-none-eabi/11.3.1/../../../../arm-none-eabi/lib/thumb/v7e-m+fp/hard\libc_nano.a(libc_a-findfp.o)
                              C:/ST/STM32CubeIDE_1.14.0/STM32CubeIDE/plugins/com.st.stm32cube.ide.mcu.externaltools.gnu-tools-for-stm32.11.3.rel1.win32_1.1.100.202309141235/tools/bin/../lib/gcc/arm-none-eabi/11.3.1/../../../../arm-none-eabi/lib/thumb/v7e-m+fp/hard\libc_nano.a(libc_a-exit.o) (__stdio_exit_handler)
C:/ST/STM32CubeIDE_1.14.0/STM32CubeIDE/plugins/com.st.stm32cube.ide.mcu.externaltools.gnu-tools-for-stm32.11.3.rel1.win32_1.1.100.202309141235/tools/bin/../lib/gcc/arm-none-eabi/11.3.1/../../../../arm-none-eabi/lib/thumb/v7e-m+fp/hard\libc_nano.a(libc_a-fwalk.o)
                              C:/ST/STM32CubeIDE_1.14.0/STM32CubeIDE/plugins/com.st.stm32cube.ide.mcu.externaltools.gnu-tools-for-stm32.11.3.rel1.win32_1.1.100.202309141235/tools/bin/../lib/gcc/arm-none-eabi/11.3.1/../../../../arm-none-eabi/lib/thumb/v7e-m+fp/hard\libc_nano.a(libc_a-findfp.o) (_fwalk_sglue)
C:/ST/STM32CubeIDE_1.14.0/STM32CubeIDE/plugins/com.st.stm32cube.ide.mcu.externaltools.gnu-tools-for-stm32.11.3.rel1.win32_1.1.100.202309141235/tools/bin/../lib/gcc/arm-none-eabi/11.3.1/../../../../arm-none-eabi/lib/thumb/v7e-m+fp/hard\libc_nano.a(libc_a-stdio.o)
                              C:/ST/STM32CubeIDE_1.14.0/STM32CubeIDE/plugins/com.st.stm32cube.ide.mcu.externaltools.gnu-tools-for-stm32.11.3.rel1.win32_1.1.100.202309141235/tools/bin/../lib/gcc/arm-none-eabi/11.3.1/../../../../arm-none-eabi/lib/thumb/v7e-m+fp/hard\libc_nano.a(libc_a-findfp.o) (__sread)
C:/ST/STM32CubeIDE_1.14.0/STM32CubeIDE/plugins/com.st.stm32cube.ide.mcu.externaltools.gnu-tools-for-stm32.11.3.rel1.win32_1.1.100.202309141235/tools/bin/../lib/gcc/arm-none-eabi/11.3.1/../../../../arm-none-eabi/lib/thumb/v7e-m+fp/hard\libc_nano.a(libc_a-memset.o)
                              C:/ST/STM32CubeIDE_1.14.0/STM32CubeIDE/plugins/com.st.stm32cube.ide.mcu.externaltools.gnu-tools-for-stm32.11.3.rel1.win32_1.1.100.202309141235/tools/bin/../lib/gcc/arm-none-eabi/11.3.1/../../../../arm-none-eabi/lib/thumb/v7e-m+fp/hard/crt0.o (memset)
C:/ST/STM32CubeIDE_1.14.0/STM32CubeIDE/plugins/com.st.stm32cube.ide.mcu.externaltools.gnu-tools-for-stm32.11.3.rel1.win32_1.1.100.202309141235/tools/bin/../lib/gcc/arm-none-eabi/11.3.1/../../../../arm-none-eabi/lib/thumb/v7e-m+fp/hard\libc_nano.a(libc_a-closer.o)
                              C:/ST/STM32CubeIDE_1.14.0/STM32CubeIDE/plugins/com.st.stm32cube.ide.mcu.externaltools.gnu-tools-for-stm32.11.3.rel1.win32_1.1.100.202309141235/tools/bin/../lib/gcc/arm-none-eabi/11.3.1/../../../../arm-none-eabi/lib/thumb/v7e-m+fp/hard\libc_nano.a(libc_a-stdio.o) (_close_r)
C:/ST/STM32CubeIDE_1.14.0/STM32CubeIDE/plugins/com.st.stm32cube.ide.mcu.externaltools.gnu-tools-for-stm32.11.3.rel1.win32_1.1.100.202309141235/tools/bin/../lib/gcc/arm-none-eabi/11.3.1/../../../../arm-none-eabi/lib/thumb/v7e-m+fp/hard\libc_nano.a(libc_a-reent.o)
                              C:/ST/STM32CubeIDE_1.14.0/STM32CubeIDE/plugins/com.st.stm32cube.ide.mcu.externaltools.gnu-tools-for-stm32.11.3.rel1.win32_1.1.100.202309141235/tools/bin/../lib/gcc/arm-none-eabi/11.3.1/../../../../arm-none-eabi/lib/thumb/v7e-m+fp/hard\libc_nano.a(libc_a-closer.o) (errno)
C:/ST/STM32CubeIDE_1.14.0/STM32CubeIDE/plugins/com.st.stm32cube.ide.mcu.externaltools.gnu-tools-for-stm32.11.3.rel1.win32_1.1.100.202309141235/tools/bin/../lib/gcc/arm-none-eabi/11.3.1/../../../../arm-none-eabi/lib/thumb/v7e-m+fp/hard\libc_nano.a(libc_a-impure.o)
                              C:/ST/STM32CubeIDE_1.14.0/STM32CubeIDE/plugins/com.st.stm32cube.ide.mcu.externaltools.gnu-tools-for-stm32.11.3.rel1.win32_1.1.100.202309141235/tools/bin/../lib/gcc/arm-none-eabi/11.3.1/../../../../arm-none-eabi/lib/thumb/v7e-m+fp/hard\libc_nano.a(libc_a-reent.o) (_impure_ptr)
C:/ST/STM32CubeIDE_1.14.0/STM32CubeIDE/plugins/com.st.stm32cube.ide.mcu.externaltools.gnu-tools-for-stm32.11.3.rel1.win32_1.1.100.202309141235/tools/bin/../lib/gcc/arm-none-eabi/11.3.1/../../../../arm-none-eabi/lib/thumb/v7e-m+fp/hard\libc_nano.a(libc_a-lseekr.o)
[...]
Memory Configuration

Name             Origin             Length             Attributes
RAM              0x0000000020000000 0x0000000000010000 xrw
RAM2             0x0000000010000000 0x0000000000004000 xrw
FLASH            0x0000000008000000 0x0000000000040000 xr
*default*        0x0000000000000000 0xffffffffffffffff

Linker script and memory map

LOAD C:/ST/STM32CubeIDE_1.14.0/STM32CubeIDE/plugins/com.st.stm32cube.ide.mcu.externaltools.gnu-tools-for-stm32.11.3.rel1.win32_1.1.100.202309141235/tools/bin/../lib/gcc/arm-none-eabi/11.3.1/thumb/v7e-m+fp/hard/crti.o
LOAD C:/ST/STM32CubeIDE_1.14.0/STM32CubeIDE/plugins/com.st.stm32cube.ide.mcu.externaltools.gnu-tools-for-stm32.11.3.rel1.win32_1.1.100.202309141235/tools/bin/../lib/gcc/arm-none-eabi/11.3.1/thumb/v7e-m+fp/hard/crtbegin.o
LOAD C:/ST/STM32CubeIDE_1.14.0/STM32CubeIDE/plugins/com.st.stm32cube.ide.mcu.externaltools.gnu-tools-for-stm32.11.3.rel1.win32_1.1.100.202309141235/tools/bin/../lib/gcc/arm-none-eabi/11.3.1/../../../../arm-none-eabi/lib/thumb/v7e-m+fp/hard/crt0.o
LOAD ./Core/Src/main.o
LOAD ./Core/Src/stm32l4xx_hal_msp.o
LOAD ./Core/Src/stm32l4xx_it.o
LOAD ./Core/Src/syscalls.o
LOAD ./Core/Src/sysmem.o
LOAD ./Core/Src/system_stm32l4xx.o
LOAD ./Core/Startup/startup_stm32l431ccux.o
LOAD ./Drivers/STM32L4xx_HAL_Driver/Src/stm32l4xx_hal.o
LOAD ./Drivers/STM32L4xx_HAL_Driver/Src/stm32l4xx_hal_cortex.o
LOAD ./Drivers/STM32L4xx_HAL_Driver/Src/stm32l4xx_hal_dma.o
LOAD ./Drivers/STM32L4xx_HAL_Driver/Src/stm32l4xx_hal_dma_ex.o
LOAD ./Drivers/STM32L4xx_HAL_Driver/Src/stm32l4xx_hal_exti.o
LOAD ./Drivers/STM32L4xx_HAL_Driver/Src/stm32l4xx_hal_flash.o
LOAD ./Drivers/STM32L4xx_HAL_Driver/Src/stm32l4xx_hal_flash_ex.o
LOAD ./Drivers/STM32L4xx_HAL_Driver/Src/stm32l4xx_hal_flash_ramfunc.o
LOAD ./Drivers/STM32L4xx_HAL_Driver/Src/stm32l4xx_hal_gpio.o
LOAD ./Drivers/STM32L4xx_HAL_Driver/Src/stm32l4xx_hal_i2c.o
LOAD ./Drivers/STM32L4xx_HAL_Driver/Src/stm32l4xx_hal_i2c_ex.o
LOAD ./Drivers/STM32L4xx_HAL_Driver/Src/stm32l4xx_hal_pwr.o
LOAD ./Drivers/STM32L4xx_HAL_Driver/Src/stm32l4xx_hal_pwr_ex.o
LOAD ./Drivers/STM32L4xx_HAL_Driver/Src/stm32l4xx_hal_rcc.o
LOAD ./Drivers/STM32L4xx_HAL_Driver/Src/stm32l4xx_hal_rcc_ex.o
LOAD ./Drivers/STM32L4xx_HAL_Driver/Src/stm32l4xx_hal_tim.o
LOAD ./Drivers/STM32L4xx_HAL_Driver/Src/stm32l4xx_hal_tim_ex.o
LOAD ./firmware/buzzer/buzzer.o
LOAD ./firmware/callbacks/callback.o
LOAD ./firmware/eeprom/eeprom.o
LOAD ./firmware/firmware.o
LOAD ./firmware/registers.o
LOAD ./firmware/i2c/i2c_slave.o
LOAD ./firmware/led/led.o
LOAD ./firmware/neopixel/ws2812.o
LOAD ./firmware/utils/elapsedMillis.o
START GROUP
LOAD C:/ST/STM32CubeIDE_1.14.0/STM32CubeIDE/plugins/com.st.stm32cube.ide.mcu.externaltools.gnu-tools-for-stm32.11.3.rel1.win32_1.1.100.202309141235/tools/bin/../lib/gcc/arm-none-eabi/11.3.1/../../../../arm-none-eabi/lib/thumb/v7e-m+fp/hard\libstdc++_nano.a
LOAD C:/ST/STM32CubeIDE_1.14.0/STM32CubeIDE/plugins/com.st.stm32cube.ide.mcu.externaltools.gnu-tools-for-stm32.11.3.rel1.win32_1.1.100.202309141235/tools/bin/../lib/gcc/arm-none-eabi/11.3.1/../../../../arm-none-eabi/lib/thumb/v7e-m+fp/hard\libsupc++_nano.a
END GROUP
LOAD C:/ST/STM32CubeIDE_1.14.0/STM32CubeIDE/plugins/com.st.stm32cube.ide.mcu.externaltools.gnu-tools-for-stm32.11.3.rel1.win32_1.1.100.202309141235/tools/bin/../lib/gcc/arm-none-eabi/11.3.1/../../../../arm-none-eabi/lib/thumb/v7e-m+fp/hard\libstdc++_nano.a
LOAD C:/ST/STM32CubeIDE_1.14.0/STM32CubeIDE/plugins/com.st.stm32cube.ide.mcu.externaltools.gnu-tools-for-stm32.11.3.rel1.win32_1.1.100.202309141235/tools/bin/../lib/gcc/arm-none-eabi/11.3.1/../../../../arm-none-eabi/lib/thumb/v7e-m+fp/hard\libm.a
LOAD C:/ST/STM32CubeIDE_1.14.0/STM32CubeIDE/plugins/com.st.stm32cube.ide.mcu.externaltools.gnu-tools-for-stm32.11.3.rel1.win32_1.1.100.202309141235/tools/bin/../lib/gcc/arm-none-eabi/11.3.1/../../../../arm-none-eabi/lib/thumb/v7e-m+fp/hard\libc_nano.a
START GROUP
LOAD C:/ST/STM32CubeIDE_1.14.0/STM32CubeIDE/plugins/com.st.stm32cube.ide.mcu.externaltools.gnu-tools-for-stm32.11.3.rel1.win32_1.1.100.202309141235/tools/bin/../lib/gcc/arm-none-eabi/11.3.1/thumb/v7e-m+fp/hard\libgcc.a
LOAD C:/ST/STM32CubeIDE_1.14.0/STM32CubeIDE/plugins/com.st.stm32cube.ide.mcu.externaltools.gnu-tools-for-stm32.11.3.rel1.win32_1.1.100.202309141235/tools/bin/../lib/gcc/arm-none-eabi/11.3.1/../../../../arm-none-eabi/lib/thumb/v7e-m+fp/hard\libc_nano.a
END GROUP
START GROUP
LOAD C:/ST/STM32CubeIDE_1.14.0/STM32CubeIDE/plugins/com.st.stm32cube.ide.mcu.externaltools.gnu-tools-for-stm32.11.3.rel1.win32_1.1.100.202309141235/tools/bin/../lib/gcc/arm-none-eabi/11.3.1/thumb/v7e-m+fp/hard\libgcc.a
LOAD C:/ST/STM32CubeIDE_1.14.0/STM32CubeIDE/plugins/com.st.stm32cube.ide.mcu.externaltools.gnu-tools-for-stm32.11.3.rel1.win32_1.1.100.202309141235/tools/bin/../lib/gcc/arm-none-eabi/11.3.1/../../../../arm-none-eabi/lib/thumb/v7e-m+fp/hard\libc_nano.a
LOAD C:/ST/STM32CubeIDE_1.14.0/STM32CubeIDE/plugins/com.st.stm32cube.ide.mcu.externaltools.gnu-tools-for-stm32.11.3.rel1.win32_1.1.100.202309141235/tools/bin/../lib/gcc/arm-none-eabi/11.3.1/../../../../arm-none-eabi/lib/thumb/v7e-m+fp/hard\libnosys.a
END GROUP
START GROUP
LOAD C:/ST/STM32CubeIDE_1.14.0/STM32CubeIDE/plugins/com.st.stm32cube.ide.mcu.externaltools.gnu-tools-for-stm32.11.3.rel1.win32_1.1.100.202309141235/tools/bin/../lib/gcc/arm-none-eabi/11.3.1/thumb/v7e-m+fp/hard\libgcc.a
LOAD C:/ST/STM32CubeIDE_1.14.0/STM32CubeIDE/plugins/com.st.stm32cube.ide.mcu.externaltools.gnu-tools-for-stm32.11.3.rel1.win32_1.1.100.202309141235/tools/bin/../lib/gcc/arm-none-eabi/11.3.1/../../../../arm-none-eabi/lib/thumb/v7e-m+fp/hard\libc_nano.a
LOAD C:/ST/STM32CubeIDE_1.14.0/STM32CubeIDE/plugins/com.st.stm32cube.ide.mcu.externaltools.gnu-tools-for-stm32.11.3.rel1.win32_1.1.100.202309141235/tools/bin/../lib/gcc/arm-none-eabi/11.3.1/../../../../arm-none-eabi/lib/thumb/v7e-m+fp/hard\libnosys.a
END GROUP
LOAD C:/ST/STM32CubeIDE_1.14.0/STM32CubeIDE/plugins/com.st.stm32cube.ide.mcu.externaltools.gnu-tools-for-stm32.11.3.rel1.win32_1.1.100.202309141235/tools/bin/../lib/gcc/arm-none-eabi/11.3.1/thumb/v7e-m+fp/hard/crtend.o
LOAD C:/ST/STM32CubeIDE_1.14.0/STM32CubeIDE/plugins/com.st.stm32cube.ide.mcu.externaltools.gnu-tools-for-stm32.11.3.rel1.win32_1.1.100.202309141235/tools/bin/../lib/gcc/arm-none-eabi/11.3.1/thumb/v7e-m+fp/hard/crtn.o
                0x0000000020010000                _estack = (ORIGIN (RAM) + LENGTH (RAM))
                0x0000000000000200                _Min_Heap_Size = 0x200
                0x0000000000000400                _Min_Stack_Size = 0x400

.isr_vector     0x0000000008000000      0x18c
                0x0000000008000000                . = ALIGN (0x4)
 *(.isr_vector)
 .isr_vector    0x0000000008000000      0x18c ./Core/Startup/startup_stm32l431ccux.o
                0x0000000008000000                g_pfnVectors
                0x000000000800018c                . = ALIGN (0x4)

.text           0x000000000800018c     0x6878
                0x000000000800018c                . = ALIGN (0x4)
 *(.text)
 .text          0x000000000800018c       0x40 C:/ST/STM32CubeIDE_1.14.0/STM32CubeIDE/plugins/com.st.stm32cube.ide.mcu.externaltools.gnu-tools-for-stm32.11.3.rel1.win32_1.1.100.202309141235/tools/bin/../lib/gcc/arm-none-eabi/11.3.1/thumb/v7e-m+fp/hard/crtbegin.o
 *(.text*)
 .text.main     0x00000000080001cc       0x32 ./Core/Src/main.o
                0x00000000080001cc                main
 .text.SystemClock_Config
                0x00000000080001fe       0xa4 ./Core/Src/main.o
                0x00000000080001fe                SystemClock_Config
 *fill*         0x00000000080002a2        0x2 
 .text.MX_I2C1_Init
                0x00000000080002a4       0x80 ./Core/Src/main.o
 .text.MX_I2C2_Init
                0x0000000008000324       0x80 ./Core/Src/main.o
 .text.MX_TIM1_Init
                0x00000000080003a4      0x11c ./Core/Src/main.o
 .text.MX_TIM2_Init
                0x00000000080004c0       0xb0 ./Core/Src/main.o
 .text.MX_TIM15_Init
                0x0000000008000570      0x108 ./Core/Src/main.o
 .text.MX_DMA_Init
                0x0000000008000678       0x4c ./Core/Src/main.o
 .text.MX_GPIO_Init
                0x00000000080006c4       0xe4 ./Core/Src/main.o
 .text.Error_Handler
                0x00000000080007a8        0xa ./Core/Src/main.o
                0x00000000080007a8                Error_Handler
 *fill*         0x00000000080007b2        0x2 
 .text.HAL_MspInit
                0x00000000080007b4       0x48 ./Core/Src/stm32l4xx_hal_msp.o
                0x00000000080007b4                HAL_MspInit
 .text.HAL_I2C_MspInit
                0x00000000080007fc      0x17c ./Core/Src/stm32l4xx_hal_msp.o
                0x00000000080007fc                HAL_I2C_MspInit
 .text.HAL_TIM_PWM_MspInit
                0x0000000008000978      0x140 ./Core/Src/stm32l4xx_hal_msp.o
                0x0000000008000978                HAL_TIM_PWM_MspInit
 .text.HAL_TIM_MspPostInit
                0x0000000008000ab8      0x100 ./Core/Src/stm32l4xx_hal_msp.o
                0x0000000008000ab8                HAL_TIM_MspPostInit
 .text.NMI_Handler
                0x0000000008000bb8        0x6 ./Core/Src/stm32l4xx_it.o
                0x0000000008000bb8                NMI_Handler
 .text.HardFault_Handler
                0x0000000008000bbe        0x6 ./Core/Src/stm32l4xx_it.o
                0x0000000008000bbe                HardFault_Handler
 .text.MemManage_Handler
                0x0000000008000bc4        0x6 ./Core/Src/stm32l4xx_it.o
                0x0000000008000bc4                MemManage_Handler
 .text.BusFault_Handler
                0x0000000008000bca        0x6 ./Core/Src/stm32l4xx_it.o
                0x0000000008000bca                BusFault_Handler
 .text.UsageFault_Handler
                0x0000000008000bd0        0x6 ./Core/Src/stm32l4xx_it.o
                0x0000000008000bd0                UsageFault_Handler
 .text.SVC_Handler
                0x0000000008000bd6        0xe ./Core/Src/stm32l4xx_it.o
                0x0000000008000bd6                SVC_Handler
 .text.DebugMon_Handler
                0x0000000008000be4        0xe ./Core/Src/stm32l4xx_it.o
                0x0000000008000be4                DebugMon_Handler
 .text.PendSV_Handler
                0x0000000008000bf2        0xe ./Core/Src/stm32l4xx_it.o
                0x0000000008000bf2                PendSV_Handler
 .text.SysTick_Handler
                0x0000000008000c00        0xc ./Core/Src/stm32l4xx_it.o
                0x0000000008000c00                SysTick_Handler
 .text.DMA1_Channel2_IRQHandler
                0x0000000008000c0c       0x14 ./Core/Src/stm32l4xx_it.o
                0x0000000008000c0c                DMA1_Channel2_IRQHandler
 .text.DMA1_Channel5_IRQHandler
                0x0000000008000c20       0x14 ./Core/Src/stm32l4xx_it.o
                0x0000000008000c20                DMA1_Channel5_IRQHandler
 .text.I2C1_EV_IRQHandler
                0x0000000008000c34       0x14 ./Core/Src/stm32l4xx_it.o
                0x0000000008000c34                I2C1_EV_IRQHandler
 .text.I2C1_ER_IRQHandler
                0x0000000008000c48       0x14 ./Core/Src/stm32l4xx_it.o
                0x0000000008000c48                I2C1_ER_IRQHandler
 .text.I2C2_EV_IRQHandler
                0x0000000008000c5c       0x14 ./Core/Src/stm32l4xx_it.o
                0x0000000008000c5c                I2C2_EV_IRQHandler
 .text.I2C2_ER_IRQHandler
                0x0000000008000c70       0x14 ./Core/Src/stm32l4xx_it.o
                0x0000000008000c70                I2C2_ER_IRQHandler
 .text.SystemInit
                0x0000000008000c84       0x24 ./Core/Src/system_stm32l4xx.o
                0x0000000008000c84                SystemInit
 .text.Reset_Handler
                0x0000000008000ca8       0x50 ./Core/Startup/startup_stm32l431ccux.o
                0x0000000008000ca8                Reset_Handler
 .text.Default_Handler
                0x0000000008000cf8        0x2 ./Core/Startup/startup_stm32l431ccux.o
                0x0000000008000cf8                RTC_Alarm_IRQHandler
                0x0000000008000cf8                EXTI2_IRQHandler
                0x0000000008000cf8                TIM1_CC_IRQHandler
                0x0000000008000cf8                TSC_IRQHandler
                0x0000000008000cf8                TAMP_STAMP_IRQHandler
                0x0000000008000cf8                EXTI3_IRQHandler
                0x0000000008000cf8                LPTIM2_IRQHandler
                0x0000000008000cf8                I2C3_ER_IRQHandler
                0x0000000008000cf8                EXTI0_IRQHandler
                0x0000000008000cf8                CAN1_RX0_IRQHandler
                0x0000000008000cf8                FPU_IRQHandler
                0x0000000008000cf8                TIM1_UP_TIM16_IRQHandler
                0x0000000008000cf8                SPI1_IRQHandler
                0x0000000008000cf8                TIM6_DAC_IRQHandler
                0x0000000008000cf8                DMA2_Channel2_IRQHandler
                0x0000000008000cf8                DMA1_Channel4_IRQHandler
                0x0000000008000cf8                ADC1_IRQHandler
                0x0000000008000cf8                USART3_IRQHandler
                0x0000000008000cf8                DMA1_Channel7_IRQHandler
                0x0000000008000cf8                CAN1_RX1_IRQHandler
                0x0000000008000cf8                DMA2_Channel1_IRQHandler
                0x0000000008000cf8                QUADSPI_IRQHandler
                0x0000000008000cf8                DMA1_Channel6_IRQHandler
                0x0000000008000cf8                DMA2_Channel4_IRQHandler
                0x0000000008000cf8                RCC_IRQHandler
                0x0000000008000cf8                TIM1_TRG_COM_IRQHandler
                0x0000000008000cf8                DMA1_Channel1_IRQHandler
                0x0000000008000cf8                Default_Handler
                0x0000000008000cf8                DMA2_Channel7_IRQHandler
                0x0000000008000cf8                EXTI15_10_IRQHandler
                0x0000000008000cf8                TIM7_IRQHandler
                0x0000000008000cf8                SDMMC1_IRQHandler
                0x0000000008000cf8                I2C3_EV_IRQHandler
                0x0000000008000cf8                EXTI9_5_IRQHandler
                0x0000000008000cf8                RTC_WKUP_IRQHandler
                0x0000000008000cf8                PVD_PVM_IRQHandler
                0x0000000008000cf8                SPI2_IRQHandler
                0x0000000008000cf8                CAN1_TX_IRQHandler
                0x0000000008000cf8                DMA2_Channel5_IRQHandler
                0x0000000008000cf8                CRS_IRQHandler
                0x0000000008000cf8                EXTI4_IRQHandler
                0x0000000008000cf8                RNG_IRQHandler
                0x0000000008000cf8                DMA1_Channel3_IRQHandler
                0x0000000008000cf8                COMP_IRQHandler
                0x0000000008000cf8                WWDG_IRQHandler
                0x0000000008000cf8                LPUART1_IRQHandler
                0x0000000008000cf8                DMA2_Channel6_IRQHandler
                0x0000000008000cf8                TIM2_IRQHandler
                0x0000000008000cf8                EXTI1_IRQHandler
                0x0000000008000cf8                USART2_IRQHandler
                0x0000000008000cf8                CAN1_SCE_IRQHandler
                0x0000000008000cf8                FLASH_IRQHandler
                0x0000000008000cf8                USART1_IRQHandler
                0x0000000008000cf8                SPI3_IRQHandler
                0x0000000008000cf8                SWPMI1_IRQHandler
                0x0000000008000cf8                LPTIM1_IRQHandler
                0x0000000008000cf8                SAI1_IRQHandler
                0x0000000008000cf8                DMA2_Channel3_IRQHandler
                0x0000000008000cf8                TIM1_BRK_TIM15_IRQHandler
 .text.HAL_Init
                0x0000000008000cfa       0x30 ./Drivers/STM32L4xx_HAL_Driver/Src/stm32l4xx_hal.o
                0x0000000008000cfa                HAL_Init
 *fill*         0x0000000008000d2a        0x2 
 .text.HAL_InitTick
                0x0000000008000d2c       0x78 ./Drivers/STM32L4xx_HAL_Driver/Src/stm32l4xx_hal.o
                0x0000000008000d2c                HAL_InitTick
 .text.HAL_IncTick
                0x0000000008000da4       0x28 ./Drivers/STM32L4xx_HAL_Driver/Src/stm32l4xx_hal.o
                0x0000000008000da4                HAL_IncTick
 .text.HAL_GetTick
                0x0000000008000dcc       0x18 ./Drivers/STM32L4xx_HAL_Driver/Src/stm32l4xx_hal.o
                0x0000000008000dcc                HAL_GetTick
 .text.HAL_Delay
                0x0000000008000de4       0x48 ./Drivers/STM32L4xx_HAL_Driver/Src/stm32l4xx_hal.o
                0x0000000008000de4                HAL_Delay
 .text.__NVIC_SetPriorityGrouping
                0x0000000008000e2c       0x48 ./Drivers/STM32L4xx_HAL_Driver/Src/stm32l4xx_hal_cortex.o
 .text.__NVIC_GetPriorityGrouping
                0x0000000008000e74       0x1c ./Drivers/STM32L4xx_HAL_Driver/Src/stm32l4xx_hal_cortex.o
 .text.__NVIC_EnableIRQ
                0x0000000008000e90       0x3c ./Drivers/STM32L4xx_HAL_Driver/Src/stm32l4xx_hal_cortex.o
 .text.__NVIC_SetPriority
                0x0000000008000ecc       0x54 ./Drivers/STM32L4xx_HAL_Driver/Src/stm32l4xx_hal_cortex.o
 .text.NVIC_EncodePriority
                0x0000000008000f20       0x66 ./Drivers/STM32L4xx_HAL_Driver/Src/stm32l4xx_hal_cortex.o
 *fill*         0x0000000008000f86        0x2 
 .text.SysTick_Config
                0x0000000008000f88       0x44 ./Drivers/STM32L4xx_HAL_Driver/Src/stm32l4xx_hal_cortex.o
 .text.HAL_NVIC_SetPriorityGrouping
                0x0000000008000fcc       0x16 ./Drivers/STM32L4xx_HAL_Driver/Src/stm32l4xx_hal_cortex.o
                0x0000000008000fcc                HAL_NVIC_SetPriorityGrouping
 .text.HAL_NVIC_SetPriority
                0x0000000008000fe2       0x38 ./Drivers/STM32L4xx_HAL_Driver/Src/stm32l4xx_hal_cortex.o
                0x0000000008000fe2                HAL_NVIC_SetPriority
 .text.HAL_NVIC_EnableIRQ
                0x000000000800101a       0x1c ./Drivers/STM32L4xx_HAL_Driver/Src/stm32l4xx_hal_cortex.o
                0x000000000800101a                HAL_NVIC_EnableIRQ
 .text.HAL_SYSTICK_Config
                0x0000000008001036       0x18 ./Drivers/STM32L4xx_HAL_Driver/Src/stm32l4xx_hal_cortex.o
                0x0000000008001036                HAL_SYSTICK_Config
 *fill*         0x000000000800104e        0x2 
 .text.HAL_DMA_Init
                0x0000000008001050      0x170 ./Drivers/STM32L4xx_HAL_Driver/Src/stm32l4xx_hal_dma.o
                0x0000000008001050                HAL_DMA_Init
 .text.HAL_DMA_Start_IT
                0x00000000080011c0       0xc0 ./Drivers/STM32L4xx_HAL_Driver/Src/stm32l4xx_hal_dma.o
                0x00000000080011c0                HAL_DMA_Start_IT
 .text.HAL_DMA_Abort_IT
                0x0000000008001280       0x82 ./Drivers/STM32L4xx_HAL_Driver/Src/stm32l4xx_hal_dma.o
                0x0000000008001280                HAL_DMA_Abort_IT
 .text.HAL_DMA_IRQHandler
                0x0000000008001302      0x15e ./Drivers/STM32L4xx_HAL_Driver/Src/stm32l4xx_hal_dma.o
                0x0000000008001302                HAL_DMA_IRQHandler
 .text.HAL_DMA_GetState
                0x0000000008001460       0x1c ./Drivers/STM32L4xx_HAL_Driver/Src/stm32l4xx_hal_dma.o
                0x0000000008001460                HAL_DMA_GetState
 .text.DMA_SetConfig
                0x000000000800147c       0x60 ./Drivers/STM32L4xx_HAL_Driver/Src/stm32l4xx_hal_dma.o
 .text.HAL_GPIO_Init
                0x00000000080014dc      0x2f4 ./Drivers/STM32L4xx_HAL_Driver/Src/stm32l4xx_hal_gpio.o
                0x00000000080014dc                HAL_GPIO_Init
 .text.HAL_GPIO_ReadPin
                0x00000000080017d0       0x30 ./Drivers/STM32L4xx_HAL_Driver/Src/stm32l4xx_hal_gpio.o
                0x00000000080017d0                HAL_GPIO_ReadPin
 .text.HAL_GPIO_WritePin
                0x0000000008001800       0x30 ./Drivers/STM32L4xx_HAL_Driver/Src/stm32l4xx_hal_gpio.o
                0x0000000008001800                HAL_GPIO_WritePin
 .text.HAL_GPIO_TogglePin
                0x0000000008001830       0x34 ./Drivers/STM32L4xx_HAL_Driver/Src/stm32l4xx_hal_gpio.o
                0x0000000008001830                HAL_GPIO_TogglePin
 .text.HAL_I2C_Init
                0x0000000008001864      0x136 ./Drivers/STM32L4xx_HAL_Driver/Src/stm32l4xx_hal_i2c.o
                0x0000000008001864                HAL_I2C_Init
 *fill*         0x000000000800199a        0x2 
 .text.HAL_I2C_Slave_Seq_Transmit_IT
                0x000000000800199c      0x164 ./Drivers/STM32L4xx_HAL_Driver/Src/stm32l4xx_hal_i2c.o
                0x000000000800199c                HAL_I2C_Slave_Seq_Transmit_IT
 .text.HAL_I2C_Slave_Seq_Receive_IT
                0x0000000008001b00      0x164 ./Drivers/STM32L4xx_HAL_Driver/Src/stm32l4xx_hal_i2c.o
                0x0000000008001b00                HAL_I2C_Slave_Seq_Receive_IT
 .text.HAL_I2C_EnableListen_IT
                0x0000000008001c64       0x40 ./Drivers/STM32L4xx_HAL_Driver/Src/stm32l4xx_hal_i2c.o
                0x0000000008001c64                HAL_I2C_EnableListen_IT
 .text.HAL_I2C_EV_IRQHandler
                0x0000000008001ca4       0x34 ./Drivers/STM32L4xx_HAL_Driver/Src/stm32l4xx_hal_i2c.o
                0x0000000008001ca4                HAL_I2C_EV_IRQHandler
 .text.HAL_I2C_ER_IRQHandler
                0x0000000008001cd8       0xb6 ./Drivers/STM32L4xx_HAL_Driver/Src/stm32l4xx_hal_i2c.o
                0x0000000008001cd8                HAL_I2C_ER_IRQHandler
 .text.HAL_I2C_MasterTxCpltCallback
                0x0000000008001d8e       0x14 ./Drivers/STM32L4xx_HAL_Driver/Src/stm32l4xx_hal_i2c.o
                0x0000000008001d8e                HAL_I2C_MasterTxCpltCallback
 .text.HAL_I2C_MasterRxCpltCallback
                0x0000000008001da2       0x14 ./Drivers/STM32L4xx_HAL_Driver/Src/stm32l4xx_hal_i2c.o
                0x0000000008001da2                HAL_I2C_MasterRxCpltCallback
 .text.HAL_I2C_MemTxCpltCallback
                0x0000000008001db6       0x14 ./Drivers/STM32L4xx_HAL_Driver/Src/stm32l4xx_hal_i2c.o
                0x0000000008001db6                HAL_I2C_MemTxCpltCallback
 .text.HAL_I2C_MemRxCpltCallback
                0x0000000008001dca       0x14 ./Drivers/STM32L4xx_HAL_Driver/Src/stm32l4xx_hal_i2c.o
                0x0000000008001dca                HAL_I2C_MemRxCpltCallback
 .text.HAL_I2C_GetError
                0x0000000008001dde       0x18 ./Drivers/STM32L4xx_HAL_Driver/Src/stm32l4xx_hal_i2c.o
                0x0000000008001dde                HAL_I2C_GetError
 .text.I2C_Slave_ISR_IT
                0x0000000008001df6      0x1f0 ./Drivers/STM32L4xx_HAL_Driver/Src/stm32l4xx_hal_i2c.o
 .text.I2C_Master_ISR_DMA
                0x0000000008001fe6      0x1d6 ./Drivers/STM32L4xx_HAL_Driver/Src/stm32l4xx_hal_i2c.o
 .text.I2C_Mem_ISR_DMA
                0x00000000080021bc      0x24c ./Drivers/STM32L4xx_HAL_Driver/Src/stm32l4xx_hal_i2c.o
 .text.I2C_Slave_ISR_DMA
                0x0000000008002408      0x1ac ./Drivers/STM32L4xx_HAL_Driver/Src/stm32l4xx_hal_i2c.o
 .text.I2C_ITAddrCplt
                0x00000000080025b4      0x108 ./Drivers/STM32L4xx_HAL_Driver/Src/stm32l4xx_hal_i2c.o
 .text.I2C_ITMasterSeqCplt
                0x00000000080026bc       0x7a ./Drivers/STM32L4xx_HAL_Driver/Src/stm32l4xx_hal_i2c.o
 .text.I2C_ITSlaveSeqCplt
                0x0000000008002736       0xb8 ./Drivers/STM32L4xx_HAL_Driver/Src/stm32l4xx_hal_i2c.o
 *fill*         0x00000000080027ee        0x2 
 .text.I2C_ITMasterCplt
                0x00000000080027f0      0x190 ./Drivers/STM32L4xx_HAL_Driver/Src/stm32l4xx_hal_i2c.o
 .text.I2C_ITSlaveCplt
                0x0000000008002980      0x224 ./Drivers/STM32L4xx_HAL_Driver/Src/stm32l4xx_hal_i2c.o
 .text.I2C_ITListenCplt
                0x0000000008002ba4       0xa8 ./Drivers/STM32L4xx_HAL_Driver/Src/stm32l4xx_hal_i2c.o
 .text.I2C_ITError
                0x0000000008002c4c      0x1e0 ./Drivers/STM32L4xx_HAL_Driver/Src/stm32l4xx_hal_i2c.o
 .text.I2C_TreatErrorCallback
                0x0000000008002e2c       0x4e ./Drivers/STM32L4xx_HAL_Driver/Src/stm32l4xx_hal_i2c.o
 .text.I2C_Flush_TXDR
                0x0000000008002e7a       0x48 ./Drivers/STM32L4xx_HAL_Driver/Src/stm32l4xx_hal_i2c.o
 .text.I2C_DMAAbort
                0x0000000008002ec2       0x3c ./Drivers/STM32L4xx_HAL_Driver/Src/stm32l4xx_hal_i2c.o
 *fill*         0x0000000008002efe        0x2 
 .text.I2C_TransferConfig
                0x0000000008002f00       0x64 ./Drivers/STM32L4xx_HAL_Driver/Src/stm32l4xx_hal_i2c.o
 .text.I2C_Enable_IRQ
                0x0000000008002f64      0x108 ./Drivers/STM32L4xx_HAL_Driver/Src/stm32l4xx_hal_i2c.o
 .text.I2C_Disable_IRQ
                0x000000000800306c       0xbc ./Drivers/STM32L4xx_HAL_Driver/Src/stm32l4xx_hal_i2c.o
 .text.HAL_I2CEx_ConfigAnalogFilter
                0x0000000008003128       0x96 ./Drivers/STM32L4xx_HAL_Driver/Src/stm32l4xx_hal_i2c_ex.o
                0x0000000008003128                HAL_I2CEx_ConfigAnalogFilter
 .text.HAL_I2CEx_ConfigDigitalFilter
                0x00000000080031be       0x98 ./Drivers/STM32L4xx_HAL_Driver/Src/stm32l4xx_hal_i2c_ex.o
                0x00000000080031be                HAL_I2CEx_ConfigDigitalFilter
 *fill*         0x0000000008003256        0x2 
 .text.HAL_PWREx_GetVoltageRange
                0x0000000008003258       0x1c ./Drivers/STM32L4xx_HAL_Driver/Src/stm32l4xx_hal_pwr_ex.o
                0x0000000008003258                HAL_PWREx_GetVoltageRange
 .text.HAL_PWREx_ControlVoltageScaling
                0x0000000008003274       0xac ./Drivers/STM32L4xx_HAL_Driver/Src/stm32l4xx_hal_pwr_ex.o
                0x0000000008003274                HAL_PWREx_ControlVoltageScaling
 .text.HAL_RCC_OscConfig
                0x0000000008003320      0x828 ./Drivers/STM32L4xx_HAL_Driver/Src/stm32l4xx_hal_rcc.o
                0x0000000008003320                HAL_RCC_OscConfig
 .text.HAL_RCC_ClockConfig
                0x0000000008003b48      0x200 ./Drivers/STM32L4xx_HAL_Driver/Src/stm32l4xx_hal_rcc.o
                0x0000000008003b48                HAL_RCC_ClockConfig
 .text.HAL_RCC_GetSysClockFreq
                0x0000000008003d48      0x118 ./Drivers/STM32L4xx_HAL_Driver/Src/stm32l4xx_hal_rcc.o
                0x0000000008003d48                HAL_RCC_GetSysClockFreq
 .text.RCC_SetFlashLatencyFromMSIRange
                0x0000000008003e60       0xc0 ./Drivers/STM32L4xx_HAL_Driver/Src/stm32l4xx_hal_rcc.o
 .text.HAL_RCCEx_PeriphCLKConfig
                0x0000000008003f20      0x430 ./Drivers/STM32L4xx_HAL_Driver/Src/stm32l4xx_hal_rcc_ex.o
                0x0000000008003f20                HAL_RCCEx_PeriphCLKConfig
 .text.RCCEx_PLLSAI1_Config
                0x0000000008004350      0x1e4 ./Drivers/STM32L4xx_HAL_Driver/Src/stm32l4xx_hal_rcc_ex.o
 .text.HAL_TIM_PWM_Init
                0x0000000008004534       0xae ./Drivers/STM32L4xx_HAL_Driver/Src/stm32l4xx_hal_tim.o
                0x0000000008004534                HAL_TIM_PWM_Init
 *fill*         0x00000000080045e2        0x2 
 .text.HAL_TIM_PWM_Start
                0x00000000080045e4      0x1bc ./Drivers/STM32L4xx_HAL_Driver/Src/stm32l4xx_hal_tim.o
                0x00000000080045e4                HAL_TIM_PWM_Start
 .text.HAL_TIM_PWM_Stop
                0x00000000080047a0      0x110 ./Drivers/STM32L4xx_HAL_Driver/Src/stm32l4xx_hal_tim.o
                0x00000000080047a0                HAL_TIM_PWM_Stop
 .text.HAL_TIM_PWM_Start_DMA
                0x00000000080048b0      0x3f0 ./Drivers/STM32L4xx_HAL_Driver/Src/stm32l4xx_hal_tim.o
                0x00000000080048b0                HAL_TIM_PWM_Start_DMA
 .text.HAL_TIM_PWM_Stop_DMA
                0x0000000008004ca0      0x1d0 ./Drivers/STM32L4xx_HAL_Driver/Src/stm32l4xx_hal_tim.o
                0x0000000008004ca0                HAL_TIM_PWM_Stop_DMA
 .text.HAL_TIM_PWM_ConfigChannel
                0x0000000008004e70      0x228 ./Drivers/STM32L4xx_HAL_Driver/Src/stm32l4xx_hal_tim.o
                0x0000000008004e70                HAL_TIM_PWM_ConfigChannel
 .text.HAL_TIM_PWM_PulseFinishedHalfCpltCallback
                0x0000000008005098       0x14 ./Drivers/STM32L4xx_HAL_Driver/Src/stm32l4xx_hal_tim.o
                0x0000000008005098                HAL_TIM_PWM_PulseFinishedHalfCpltCallback
 .text.HAL_TIM_ErrorCallback
                0x00000000080050ac       0x14 ./Drivers/STM32L4xx_HAL_Driver/Src/stm32l4xx_hal_tim.o
                0x00000000080050ac                HAL_TIM_ErrorCallback
 .text.TIM_DMAError
                0x00000000080050c0       0x92 ./Drivers/STM32L4xx_HAL_Driver/Src/stm32l4xx_hal_tim.o
                0x00000000080050c0                TIM_DMAError
 .text.TIM_DMADelayPulseCplt
                0x0000000008005152       0xa8 ./Drivers/STM32L4xx_HAL_Driver/Src/stm32l4xx_hal_tim.o
 .text.TIM_DMADelayPulseHalfCplt
                0x00000000080051fa       0x68 ./Drivers/STM32L4xx_HAL_Driver/Src/stm32l4xx_hal_tim.o
                0x00000000080051fa                TIM_DMADelayPulseHalfCplt
 *fill*         0x0000000008005262        0x2 
 .text.TIM_Base_SetConfig
                0x0000000008005264       0xc8 ./Drivers/STM32L4xx_HAL_Driver/Src/stm32l4xx_hal_tim.o
                0x0000000008005264                TIM_Base_SetConfig
 .text.TIM_OC1_SetConfig
                0x000000000800532c       0xf8 ./Drivers/STM32L4xx_HAL_Driver/Src/stm32l4xx_hal_tim.o
 .text.TIM_OC2_SetConfig
                0x0000000008005424       0xf4 ./Drivers/STM32L4xx_HAL_Driver/Src/stm32l4xx_hal_tim.o
                0x0000000008005424                TIM_OC2_SetConfig
 .text.TIM_OC3_SetConfig
                0x0000000008005518       0xf0 ./Drivers/STM32L4xx_HAL_Driver/Src/stm32l4xx_hal_tim.o
 .text.TIM_OC4_SetConfig
                0x0000000008005608       0xbc ./Drivers/STM32L4xx_HAL_Driver/Src/stm32l4xx_hal_tim.o
 .text.TIM_OC5_SetConfig
                0x00000000080056c4       0xb0 ./Drivers/STM32L4xx_HAL_Driver/Src/stm32l4xx_hal_tim.o
 .text.TIM_OC6_SetConfig
                0x0000000008005774       0xb4 ./Drivers/STM32L4xx_HAL_Driver/Src/stm32l4xx_hal_tim.o
 .text.TIM_CCxChannelCmd
                0x0000000008005828       0x4a ./Drivers/STM32L4xx_HAL_Driver/Src/stm32l4xx_hal_tim.o
                0x0000000008005828                TIM_CCxChannelCmd
 *fill*         0x0000000008005872        0x2 
 .text.HAL_TIMEx_MasterConfigSynchronization
                0x0000000008005874       0xcc ./Drivers/STM32L4xx_HAL_Driver/Src/stm32l4xx_hal_tim_ex.o
                0x0000000008005874                HAL_TIMEx_MasterConfigSynchronization
 .text.HAL_TIMEx_ConfigBreakDeadTime
                0x0000000008005940       0xf0 ./Drivers/STM32L4xx_HAL_Driver/Src/stm32l4xx_hal_tim_ex.o
                0x0000000008005940                HAL_TIMEx_ConfigBreakDeadTime
 .text._ZN13elapsedMillis5resetEv
                0x0000000008005a30       0x1a ./firmware/buzzer/buzzer.o
                0x0000000008005a30                elapsedMillis::reset()
 .text._ZN13elapsedMillisC2Ev
                0x0000000008005a4a       0x1c ./firmware/buzzer/buzzer.o
                0x0000000008005a4a                elapsedMillis::elapsedMillis()
                0x0000000008005a4a                elapsedMillis::elapsedMillis()
 .text._ZNK13elapsedMilliscvmEv
                0x0000000008005a66       0x1c ./firmware/buzzer/buzzer.o
                0x0000000008005a66                elapsedMillis::operator unsigned long() const
 .text._ZN6BuzzerC2EP17TIM_HandleTypeDefm
                0x0000000008005a82       0x3e ./firmware/buzzer/buzzer.o
                0x0000000008005a82                Buzzer::Buzzer(TIM_HandleTypeDef*, unsigned long)
                0x0000000008005a82                Buzzer::Buzzer(TIM_HandleTypeDef*, unsigned long)
 .text._ZN6Buzzer8pwmStartEv
                0x0000000008005ac0      0x1a8 ./firmware/buzzer/buzzer.o
                0x0000000008005ac0                Buzzer::pwmStart()
 .text._ZN6Buzzer7pwmStopEv
                0x0000000008005c68       0x26 ./firmware/buzzer/buzzer.o
                0x0000000008005c68                Buzzer::pwmStop()
 .text._ZN6Buzzer5startEv
                0x0000000008005c8e       0x30 ./firmware/buzzer/buzzer.o
                0x0000000008005c8e                Buzzer::start()
 .text._ZN6Buzzer6updateEv
                0x0000000008005cbe       0x9c ./firmware/buzzer/buzzer.o
                0x0000000008005cbe                Buzzer::update()
 .text._ZN19core_utils_CallbackC2Ev
                0x0000000008005d5a       0x1c ./firmware/callbacks/callback.o
                0x0000000008005d5a                core_utils_Callback::core_utils_Callback()
                0x0000000008005d5a                core_utils_Callback::core_utils_Callback()
 .text._ZN19core_utils_Callback4callEPv
                0x0000000008005d76       0x20 ./firmware/callbacks/callback.o
                0x0000000008005d76                core_utils_Callback::call(void*)
 .text._ZN6EEPROMC2EP19__I2C_HandleTypeDefh
                0x0000000008005d96       0x28 ./firmware/eeprom/eeprom.o
                0x0000000008005d96                EEPROM::EEPROM(__I2C_HandleTypeDef*, unsigned char)
                0x0000000008005d96                EEPROM::EEPROM(__I2C_HandleTypeDef*, unsigned char)
 .text._ZN13elapsedMillisC2Em
                0x0000000008005dbe       0x22 ./firmware/firmware.o
                0x0000000008005dbe                elapsedMillis::elapsedMillis(unsigned long)
                0x0000000008005dbe                elapsedMillis::elapsedMillis(unsigned long)
 .text._ZN13elapsedMillisaSEm
                0x0000000008005de0       0x22 ./firmware/firmware.o
                0x0000000008005de0                elapsedMillis::operator=(unsigned long)
 *fill*         0x0000000008005e02        0x2 
 .text.firmware_init
                0x0000000008005e04       0xf0 ./firmware/firmware.o
                0x0000000008005e04                firmware_init
 .text.firmware_update
                0x0000000008005ef4       0xb0 ./firmware/firmware.o
                0x0000000008005ef4                firmware_update
 .text._Z8checkUsbv
                0x0000000008005fa4        0xe ./firmware/firmware.o
                0x0000000008005fa4                checkUsb()
 *fill*         0x0000000008005fb2        0x2 
 .text._Z7checkSDv
                0x0000000008005fb4       0x40 ./firmware/firmware.o
                0x0000000008005fb4                checkSD()
 .text._Z41__static_initialization_and_destruction_0ii
                0x0000000008005ff4       0xf4 ./firmware/firmware.o
 .text._GLOBAL__sub_I_neopixel_intern
                0x00000000080060e8       0x10 ./firmware/firmware.o
 .text._Z3nopv  0x00000000080060f8        0xe ./firmware/i2c/i2c_slave.o
                0x00000000080060f8                nop()
 *fill*         0x0000000008006106        0x2 
 .text._Z13get_I2C_slaveP19__I2C_HandleTypeDef
                0x0000000008006108       0x50 ./firmware/i2c/i2c_slave.o
                0x0000000008006108                get_I2C_slave(__I2C_HandleTypeDef*)
 .text.HAL_I2C_ListenCpltCallback
                0x0000000008006158       0x24 ./firmware/i2c/i2c_slave.o
                0x0000000008006158                HAL_I2C_ListenCpltCallback
 .text.HAL_I2C_AddrCallback
                0x000000000800617c       0x32 ./firmware/i2c/i2c_slave.o
                0x000000000800617c                HAL_I2C_AddrCallback
 .text.HAL_I2C_SlaveRxCpltCallback
                0x00000000080061ae       0x24 ./firmware/i2c/i2c_slave.o
                0x00000000080061ae                HAL_I2C_SlaveRxCpltCallback
 .text.HAL_I2C_SlaveTxCpltCallback
                0x00000000080061d2       0x24 ./firmware/i2c/i2c_slave.o
                0x00000000080061d2                HAL_I2C_SlaveTxCpltCallback
 .text.HAL_I2C_ErrorCallback
                0x00000000080061f6       0x2c ./firmware/i2c/i2c_slave.o
                0x00000000080061f6                HAL_I2C_ErrorCallback
 .text.HAL_I2C_AbortCpltCallback
                0x0000000008006222       0x24 ./firmware/i2c/i2c_slave.o
                0x0000000008006222                HAL_I2C_AbortCpltCallback
 .text._ZN19I2C_Slave_callbacksC2Ev
                0x0000000008006246       0x1a ./firmware/i2c/i2c_slave.o
                0x0000000008006246                I2C_Slave_callbacks::I2C_Slave_callbacks()
                0x0000000008006246                I2C_Slave_callbacks::I2C_Slave_callbacks()
 .text._ZN9I2C_SlaveC2EP19__I2C_HandleTypeDefhPhh
                0x0000000008006260       0x74 ./firmware/i2c/i2c_slave.o
                0x0000000008006260                I2C_Slave::I2C_Slave(__I2C_HandleTypeDef*, unsigned char, unsigned char*, unsigned char)
                0x0000000008006260                I2C_Slave::I2C_Slave(__I2C_HandleTypeDef*, unsigned char, unsigned char*, unsigned char)
 .text._ZN9I2C_Slave4initEv
                0x00000000080062d4       0x14 ./firmware/i2c/i2c_slave.o
                0x00000000080062d4                I2C_Slave::init()
 .text._ZN9I2C_Slave5startEv
                0x00000000080062e8       0x1a ./firmware/i2c/i2c_slave.o
                0x00000000080062e8                I2C_Slave::start()
 .text._ZN9I2C_Slave16i2c_addrCallbackEht
                0x0000000008006302       0x74 ./firmware/i2c/i2c_slave.o
                0x0000000008006302                I2C_Slave::i2c_addrCallback(unsigned char, unsigned short)
 .text._ZN9I2C_Slave26i2c_listenCompleteCallbackEv
                0x0000000008006376       0x38 ./firmware/i2c/i2c_slave.o
                0x0000000008006376                I2C_Slave::i2c_listenCompleteCallback()
 .text._ZN9I2C_Slave22i2c_rxCompleteCallbackEv
                0x00000000080063ae       0x48 ./firmware/i2c/i2c_slave.o
                0x00000000080063ae                I2C_Slave::i2c_rxCompleteCallback()
 .text._ZN9I2C_Slave22i2c_txCompleteCallbackEv
                0x00000000080063f6       0x40 ./firmware/i2c/i2c_slave.o
                0x00000000080063f6                I2C_Slave::i2c_txCompleteCallback()
 .text._ZN9I2C_Slave17i2c_errorCallbackEv
                0x0000000008006436       0x1e ./firmware/i2c/i2c_slave.o
                0x0000000008006436                I2C_Slave::i2c_errorCallback()
 .text._ZN9I2C_Slave25i2c_abortCompleteCallbackEv
                0x0000000008006454       0x14 ./firmware/i2c/i2c_slave.o
                0x0000000008006454                I2C_Slave::i2c_abortCompleteCallback()
 .text._ZN3LEDC2EP12GPIO_TypeDeft
                0x0000000008006468       0x28 ./firmware/led/led.o
                0x0000000008006468                LED::LED(GPIO_TypeDef*, unsigned short)
                0x0000000008006468                LED::LED(GPIO_TypeDef*, unsigned short)
 .text._ZN3LED3offEv
                0x0000000008006490       0x20 ./firmware/led/led.o
                0x0000000008006490                LED::off()
 .text._ZN3LED6toggleEv
                0x00000000080064b0       0x20 ./firmware/led/led.o
                0x00000000080064b0                LED::toggle()
 .text._ZN10WS2812_LEDC2Ev
                0x00000000080064d0       0x42 ./firmware/neopixel/ws2812.o
                0x00000000080064d0                WS2812_LED::WS2812_LED()
                0x00000000080064d0                WS2812_LED::WS2812_LED()
 .text._ZN10WS2812_LED8setColorEhhh
                0x0000000008006512       0x38 ./firmware/neopixel/ws2812.o
                0x0000000008006512                WS2812_LED::setColor(unsigned char, unsigned char, unsigned char)
 .text._ZN10WS2812_LED6updateEv
                0x000000000800654a       0xfe ./firmware/neopixel/ws2812.o
                0x000000000800654a                WS2812_LED::update()
 .text._ZN13WS2812_StrandC2EP17TIM_HandleTypeDefmh
                0x0000000008006648       0x56 ./firmware/neopixel/ws2812.o
                0x0000000008006648                WS2812_Strand::WS2812_Strand(TIM_HandleTypeDef*, unsigned long, unsigned char)
                0x0000000008006648                WS2812_Strand::WS2812_Strand(TIM_HandleTypeDef*, unsigned long, unsigned char)
 *fill*         0x000000000800669e        0x2 
 .text._ZN13WS2812_Strand4initEv
                0x00000000080066a0       0x70 ./firmware/neopixel/ws2812.o
                0x00000000080066a0                WS2812_Strand::init()
 .text._ZN13WS2812_Strand6updateEv
                0x0000000008006710      0x126 ./firmware/neopixel/ws2812.o
                0x0000000008006710                WS2812_Strand::update()
 .text._ZN13WS2812_Strand4sendEv
                0x0000000008006836       0x4e ./firmware/neopixel/ws2812.o
                0x0000000008006836                WS2812_Strand::send()
 .text._ZN13WS2812_Strand5resetEv
                0x0000000008006884       0x8c ./firmware/neopixel/ws2812.o
                0x0000000008006884                WS2812_Strand::reset()
 .text.HAL_TIM_PWM_PulseFinishedCallback
                0x0000000008006910       0x74 ./firmware/neopixel/ws2812.o
                0x0000000008006910                HAL_TIM_PWM_PulseFinishedCallback
 .text._Z6millisv
                0x0000000008006984        0xe ./firmware/utils/elapsedMillis.o
                0x0000000008006984                millis()
 .text.memset   0x0000000008006992       0x10 C:/ST/STM32CubeIDE_1.14.0/STM32CubeIDE/plugins/com.st.stm32cube.ide.mcu.externaltools.gnu-tools-for-stm32.11.3.rel1.win32_1.1.100.202309141235/tools/bin/../lib/gcc/arm-none-eabi/11.3.1/../../../../arm-none-eabi/lib/thumb/v7e-m+fp/hard\libc_nano.a(libc_a-memset.o)
                0x0000000008006992                memset
 *fill*         0x00000000080069a2        0x2 
 .text.__libc_init_array
                0x00000000080069a4       0x48 C:/ST/STM32CubeIDE_1.14.0/STM32CubeIDE/plugins/com.st.stm32cube.ide.mcu.externaltools.gnu-tools-for-stm32.11.3.rel1.win32_1.1.100.202309141235/tools/bin/../lib/gcc/arm-none-eabi/11.3.1/../../../../arm-none-eabi/lib/thumb/v7e-m+fp/hard\libc_nano.a(libc_a-init.o)
                0x00000000080069a4                __libc_init_array
 *(.glue_7)
 .glue_7        0x00000000080069ec        0x0 linker stubs
 *(.glue_7t)
 .glue_7t       0x00000000080069ec        0x0 linker stubs
 *(.eh_frame)
 .eh_frame      0x00000000080069ec        0x0 C:/ST/STM32CubeIDE_1.14.0/STM32CubeIDE/plugins/com.st.stm32cube.ide.mcu.externaltools.gnu-tools-for-stm32.11.3.rel1.win32_1.1.100.202309141235/tools/bin/../lib/gcc/arm-none-eabi/11.3.1/thumb/v7e-m+fp/hard/crtbegin.o
 *(.init)
 .init          0x00000000080069ec        0x4 C:/ST/STM32CubeIDE_1.14.0/STM32CubeIDE/plugins/com.st.stm32cube.ide.mcu.externaltools.gnu-tools-for-stm32.11.3.rel1.win32_1.1.100.202309141235/tools/bin/../lib/gcc/arm-none-eabi/11.3.1/thumb/v7e-m+fp/hard/crti.o
                0x00000000080069ec                _init
 .init          0x00000000080069f0        0x8 C:/ST/STM32CubeIDE_1.14.0/STM32CubeIDE/plugins/com.st.stm32cube.ide.mcu.externaltools.gnu-tools-for-stm32.11.3.rel1.win32_1.1.100.202309141235/tools/bin/../lib/gcc/arm-none-eabi/11.3.1/thumb/v7e-m+fp/hard/crtn.o
 *(.fini)
 .fini          0x00000000080069f8        0x4 C:/ST/STM32CubeIDE_1.14.0/STM32CubeIDE/plugins/com.st.stm32cube.ide.mcu.externaltools.gnu-tools-for-stm32.11.3.rel1.win32_1.1.100.202309141235/tools/bin/../lib/gcc/arm-none-eabi/11.3.1/thumb/v7e-m+fp/hard/crti.o
                0x00000000080069f8                _fini
 .fini          0x00000000080069fc        0x8 C:/ST/STM32CubeIDE_1.14.0/STM32CubeIDE/plugins/com.st.stm32cube.ide.mcu.externaltools.gnu-tools-for-stm32.11.3.rel1.win32_1.1.100.202309141235/tools/bin/../lib/gcc/arm-none-eabi/11.3.1/thumb/v7e-m+fp/hard/crtn.o
                0x0000000008006a04                . = ALIGN (0x4)
                0x0000000008006a04                _etext = .

.vfp11_veneer   0x0000000008006a04        0x0
 .vfp11_veneer  0x0000000008006a04        0x0 linker stubs

.v4_bx          0x0000000008006a04        0x0
 .v4_bx         0x0000000008006a04        0x0 linker stubs

.iplt           0x0000000008006a04        0x0
 .iplt          0x0000000008006a04        0x0 C:/ST/STM32CubeIDE_1.14.0/STM32CubeIDE/plugins/com.st.stm32cube.ide.mcu.externaltools.gnu-tools-for-stm32.11.3.rel1.win32_1.1.100.202309141235/tools/bin/../lib/gcc/arm-none-eabi/11.3.1/thumb/v7e-m+fp/hard/crtbegin.o

.rodata         0x0000000008006a04       0x50
                0x0000000008006a04                . = ALIGN (0x4)
 *(.rodata)
 .rodata        0x0000000008006a04       0x10 ./firmware/neopixel/ws2812.o
 *(.rodata*)
 .rodata.AHBPrescTable
                0x0000000008006a14       0x10 ./Core/Src/system_stm32l4xx.o
                0x0000000008006a14                AHBPrescTable
 .rodata.MSIRangeTable
                0x0000000008006a24       0x30 ./Core/Src/system_stm32l4xx.o
                0x0000000008006a24                MSIRangeTable
                0x0000000008006a54                . = ALIGN (0x4)

.rel.dyn        0x0000000008006a54        0x0
 .rel.iplt      0x0000000008006a54        0x0 C:/ST/STM32CubeIDE_1.14.0/STM32CubeIDE/plugins/com.st.stm32cube.ide.mcu.externaltools.gnu-tools-for-stm32.11.3.rel1.win32_1.1.100.202309141235/tools/bin/../lib/gcc/arm-none-eabi/11.3.1/thumb/v7e-m+fp/hard/crtbegin.o

.ARM.extab      0x0000000008006a54        0x0
                0x0000000008006a54                . = ALIGN (0x4)
 *(.ARM.extab* .gnu.linkonce.armextab.*)
                0x0000000008006a54                . = ALIGN (0x4)

.ARM            0x0000000008006a54        0x0
                0x0000000008006a54                . = ALIGN (0x4)
                0x0000000008006a54                __exidx_start = .
 *(.ARM.exidx*)
                0x0000000008006a54                __exidx_end = .
                0x0000000008006a54                . = ALIGN (0x4)

.preinit_array  0x0000000008006a54        0x0
                0x0000000008006a54                . = ALIGN (0x4)
                0x0000000008006a54                PROVIDE (__preinit_array_start = .)
 *(.preinit_array*)
                0x0000000008006a54                PROVIDE (__preinit_array_end = .)
                0x0000000008006a54                . = ALIGN (0x4)

.init_array     0x0000000008006a54        0x8
                0x0000000008006a54                . = ALIGN (0x4)
                0x0000000008006a54                PROVIDE (__init_array_start = .)
 *(SORT_BY_NAME(.init_array.*))
 *(.init_array*)
 .init_array    0x0000000008006a54        0x4 C:/ST/STM32CubeIDE_1.14.0/STM32CubeIDE/plugins/com.st.stm32cube.ide.mcu.externaltools.gnu-tools-for-stm32.11.3.rel1.win32_1.1.100.202309141235/tools/bin/../lib/gcc/arm-none-eabi/11.3.1/thumb/v7e-m+fp/hard/crtbegin.o
 .init_array    0x0000000008006a58        0x4 ./firmware/firmware.o
                0x0000000008006a5c                PROVIDE (__init_array_end = .)
                0x0000000008006a5c                . = ALIGN (0x4)

.fini_array     0x0000000008006a5c        0x4
                0x0000000008006a5c                . = ALIGN (0x4)
                [!provide]                        PROVIDE (__fini_array_start = .)
 *(SORT_BY_NAME(.fini_array.*))
 *(.fini_array*)
 .fini_array    0x0000000008006a5c        0x4 C:/ST/STM32CubeIDE_1.14.0/STM32CubeIDE/plugins/com.st.stm32cube.ide.mcu.externaltools.gnu-tools-for-stm32.11.3.rel1.win32_1.1.100.202309141235/tools/bin/../lib/gcc/arm-none-eabi/11.3.1/thumb/v7e-m+fp/hard/crtbegin.o
                [!provide]                        PROVIDE (__fini_array_end = .)
                0x0000000008006a60                . = ALIGN (0x4)
                0x0000000008006a60                _sidata = LOADADDR (.data)

.data           0x0000000020000000        0xc load address 0x0000000008006a60
                0x0000000020000000                . = ALIGN (0x4)
                0x0000000020000000                _sdata = .
 *(.data)
 *(.data*)
 .data.SystemCoreClock
                0x0000000020000000        0x4 ./Core/Src/system_stm32l4xx.o
                0x0000000020000000                SystemCoreClock
 .data.uwTickPrio
                0x0000000020000004        0x4 ./Drivers/STM32L4xx_HAL_Driver/Src/stm32l4xx_hal.o
                0x0000000020000004                uwTickPrio
 .data.uwTickFreq
                0x0000000020000008        0x1 ./Drivers/STM32L4xx_HAL_Driver/Src/stm32l4xx_hal.o
                0x0000000020000008                uwTickFreq
 *(.RamFunc)
 *(.RamFunc*)
                0x000000002000000c                . = ALIGN (0x4)
 *fill*         0x0000000020000009        0x3 
                0x000000002000000c                _edata = .

.igot.plt       0x000000002000000c        0x0 load address 0x0000000008006a6c
 .igot.plt      0x000000002000000c        0x0 C:/ST/STM32CubeIDE_1.14.0/STM32CubeIDE/plugins/com.st.stm32cube.ide.mcu.externaltools.gnu-tools-for-stm32.11.3.rel1.win32_1.1.100.202309141235/tools/bin/../lib/gcc/arm-none-eabi/11.3.1/thumb/v7e-m+fp/hard/crtbegin.o
                0x000000002000000c                . = ALIGN (0x4)

.bss            0x000000002000000c      0xad0 load address 0x0000000008006a6c
                0x000000002000000c                _sbss = .
                0x000000002000000c                __bss_start__ = _sbss
 *(.bss)
 .bss           0x000000002000000c       0x1c C:/ST/STM32CubeIDE_1.14.0/STM32CubeIDE/plugins/com.st.stm32cube.ide.mcu.externaltools.gnu-tools-for-stm32.11.3.rel1.win32_1.1.100.202309141235/tools/bin/../lib/gcc/arm-none-eabi/11.3.1/thumb/v7e-m+fp/hard/crtbegin.o
 *(.bss*)
 .bss.hi2c1     0x0000000020000028       0x54 ./Core/Src/main.o
                0x0000000020000028                hi2c1
 .bss.hi2c2     0x000000002000007c       0x54 ./Core/Src/main.o
                0x000000002000007c                hi2c2
 .bss.htim1     0x00000000200000d0       0x4c ./Core/Src/main.o
                0x00000000200000d0                htim1
 .bss.htim2     0x000000002000011c       0x4c ./Core/Src/main.o
                0x000000002000011c                htim2
 .bss.htim15    0x0000000020000168       0x4c ./Core/Src/main.o
                0x0000000020000168                htim15
 .bss.hdma_tim1_ch1
                0x00000000200001b4       0x48 ./Core/Src/main.o
                0x00000000200001b4                hdma_tim1_ch1
 .bss.hdma_tim2_ch1
                0x00000000200001fc       0x48 ./Core/Src/main.o
                0x00000000200001fc                hdma_tim2_ch1
 .bss.uwTick    0x0000000020000244        0x4 ./Drivers/STM32L4xx_HAL_Driver/Src/stm32l4xx_hal.o
                0x0000000020000244                uwTick
 .bss.neopixel_intern
                0x0000000020000248      0x380 ./firmware/firmware.o
                0x0000000020000248                neopixel_intern
 .bss.neopixel_extern
                0x00000000200005c8      0x380 ./firmware/firmware.o
                0x00000000200005c8                neopixel_extern
 .bss.rc_buzzer
                0x0000000020000948       0x18 ./firmware/firmware.o
                0x0000000020000948                rc_buzzer
 .bss.led_status
                0x0000000020000960        0x8 ./firmware/firmware.o
                0x0000000020000960                led_status
 .bss.led_error
                0x0000000020000968        0x8 ./firmware/firmware.o
                0x0000000020000968                led_error
 .bss.eeprom_config
                0x0000000020000970        0x8 ./firmware/firmware.o
                0x0000000020000970                eeprom_config
 .bss.timer_check
                0x0000000020000978        0x4 ./firmware/firmware.o
                0x0000000020000978                timer_check
 .bss.timer_led_update
                0x000000002000097c        0x4 ./firmware/firmware.o
                0x000000002000097c                timer_led_update
 .bss.timer_led_register_read
                0x0000000020000980        0x4 ./firmware/firmware.o
                0x0000000020000980                timer_led_register_read
 .bss.register_map
                0x0000000020000984       0xff ./firmware/firmware.o
                0x0000000020000984                register_map
 *fill*         0x0000000020000a83        0x1 
 .bss.i2c_slave_cm4
                0x0000000020000a84       0x20 ./firmware/firmware.o
                0x0000000020000a84                i2c_slave_cm4
 .bss.i2c_slave_intern
                0x0000000020000aa4       0x20 ./firmware/firmware.o
                0x0000000020000aa4                i2c_slave_intern
 .bss.timer_test
                0x0000000020000ac4        0x4 ./firmware/firmware.o
                0x0000000020000ac4                timer_test
 .bss.registered_i2c_slaves
                0x0000000020000ac8        0x8 ./firmware/i2c/i2c_slave.o
                0x0000000020000ac8                registered_i2c_slaves
 .bss.num_i2c_slave
                0x0000000020000ad0        0x1 ./firmware/i2c/i2c_slave.o
                0x0000000020000ad0                num_i2c_slave
 .bss.num_neopixel
                0x0000000020000ad1        0x1 ./firmware/neopixel/ws2812.o
                0x0000000020000ad1                num_neopixel
 *fill*         0x0000000020000ad2        0x2 
 .bss.neopixel_handler
                0x0000000020000ad4        0x8 ./firmware/neopixel/ws2812.o
                0x0000000020000ad4                neopixel_handler
 *(COMMON)
                0x0000000020000adc                . = ALIGN (0x4)
                0x0000000020000adc                _ebss = .
                0x0000000020000adc                __bss_end__ = _ebss

._user_heap_stack
                0x0000000020000adc      0x604 load address 0x0000000008006a6c
                0x0000000020000ae0                . = ALIGN (0x8)
 *fill*         0x0000000020000adc        0x4 
                [!provide]                        PROVIDE (end = .)
                0x0000000020000ae0                PROVIDE (_end = .)
                0x0000000020000ce0                . = (. + _Min_Heap_Size)
 *fill*         0x0000000020000ae0      0x200 
                0x00000000200010e0                . = (. + _Min_Stack_Size)
 *fill*         0x0000000020000ce0      0x400 
                0x00000000200010e0                . = ALIGN (0x8)

/DISCARD/
 libc.a(*)
 libm.a(*)
 libgcc.a(*)

.ARM.attributes
                0x0000000000000000       0x30
 *(.ARM.attributes)
 .ARM.attributes
                0x0000000000000000       0x1e C:/ST/STM32CubeIDE_1.14.0/STM32CubeIDE/plugins/com.st.stm32cube.ide.mcu.externaltools.gnu-tools-for-stm32.11.3.rel1.win32_1.1.100.202309141235/tools/bin/../lib/gcc/arm-none-eabi/11.3.1/thumb/v7e-m+fp/hard/crti.o
 .ARM.attributes
                0x000000000000001e       0x34 C:/ST/STM32CubeIDE_1.14.0/STM32CubeIDE/plugins/com.st.stm32cube.ide.mcu.externaltools.gnu-tools-for-stm32.11.3.rel1.win32_1.1.100.202309141235/tools/bin/../lib/gcc/arm-none-eabi/11.3.1/thumb/v7e-m+fp/hard/crtbegin.o
 .ARM.attributes
                0x0000000000000052       0x34 ./Core/Src/main.o
 .ARM.attributes
                0x0000000000000086       0x34 ./Core/Src/stm32l4xx_hal_msp.o
 .ARM.attributes
                0x00000000000000ba       0x34 ./Core/Src/stm32l4xx_it.o
 .ARM.attributes
                0x00000000000000ee       0x34 ./Core/Src/system_stm32l4xx.o
 .ARM.attributes
                0x0000000000000122       0x21 ./Core/Startup/startup_stm32l431ccux.o
 .ARM.attributes
                0x0000000000000143       0x34 ./Drivers/STM32L4xx_HAL_Driver/Src/stm32l4xx_hal.o
 .ARM.attributes
                0x0000000000000177       0x34 ./Drivers/STM32L4xx_HAL_Driver/Src/stm32l4xx_hal_cortex.o
 .ARM.attributes
                0x00000000000001ab       0x34 ./Drivers/STM32L4xx_HAL_Driver/Src/stm32l4xx_hal_dma.o
 .ARM.attributes
                0x00000000000001df       0x34 ./Drivers/STM32L4xx_HAL_Driver/Src/stm32l4xx_hal_gpio.o
 .ARM.attributes
                0x0000000000000213       0x34 ./Drivers/STM32L4xx_HAL_Driver/Src/stm32l4xx_hal_i2c.o
 .ARM.attributes
                0x0000000000000247       0x34 ./Drivers/STM32L4xx_HAL_Driver/Src/stm32l4xx_hal_i2c_ex.o
 .ARM.attributes
                0x000000000000027b       0x34 ./Drivers/STM32L4xx_HAL_Driver/Src/stm32l4xx_hal_pwr_ex.o
 .ARM.attributes
                0x00000000000002af       0x34 ./Drivers/STM32L4xx_HAL_Driver/Src/stm32l4xx_hal_rcc.o
 .ARM.attributes
                0x00000000000002e3       0x34 ./Drivers/STM32L4xx_HAL_Driver/Src/stm32l4xx_hal_rcc_ex.o
 .ARM.attributes
                0x0000000000000317       0x34 ./Drivers/STM32L4xx_HAL_Driver/Src/stm32l4xx_hal_tim.o
 .ARM.attributes
                0x000000000000034b       0x34 ./Drivers/STM32L4xx_HAL_Driver/Src/stm32l4xx_hal_tim_ex.o
 .ARM.attributes
                0x000000000000037f       0x34 ./firmware/buzzer/buzzer.o
 .ARM.attributes
                0x00000000000003b3       0x34 ./firmware/callbacks/callback.o
 .ARM.attributes
                0x00000000000003e7       0x34 ./firmware/eeprom/eeprom.o
 .ARM.attributes
                0x000000000000041b       0x34 ./firmware/firmware.o
 .ARM.attributes
                0x000000000000044f       0x34 ./firmware/i2c/i2c_slave.o
 .ARM.attributes
                0x0000000000000483       0x34 ./firmware/led/led.o
 .ARM.attributes
                0x00000000000004b7       0x34 ./firmware/neopixel/ws2812.o
 .ARM.attributes
                0x00000000000004eb       0x34 ./firmware/utils/elapsedMillis.o
 .ARM.attributes
                0x000000000000051f       0x34 C:/ST/STM32CubeIDE_1.14.0/STM32CubeIDE/plugins/com.st.stm32cube.ide.mcu.externaltools.gnu-tools-for-stm32.11.3.rel1.win32_1.1.100.202309141235/tools/bin/../lib/gcc/arm-none-eabi/11.3.1/../../../../arm-none-eabi/lib/thumb/v7e-m+fp/hard\libc_nano.a(libc_a-memset.o)
 .ARM.attributes
                0x0000000000000553       0x34 C:/ST/STM32CubeIDE_1.14.0/STM32CubeIDE/plugins/com.st.stm32cube.ide.mcu.externaltools.gnu-tools-for-stm32.11.3.rel1.win32_1.1.100.202309141235/tools/bin/../lib/gcc/arm-none-eabi/11.3.1/../../../../arm-none-eabi/lib/thumb/v7e-m+fp/hard\libc_nano.a(libc_a-init.o)
 .ARM.attributes
                0x0000000000000587       0x1e C:/ST/STM32CubeIDE_1.14.0/STM32CubeIDE/plugins/com.st.stm32cube.ide.mcu.externaltools.gnu-tools-for-stm32.11.3.rel1.win32_1.1.100.202309141235/tools/bin/../lib/gcc/arm-none-eabi/11.3.1/thumb/v7e-m+fp/hard/crtn.o
OUTPUT(RC_v4_BoardExtender.elf elf32-littlearm)
LOAD linker stubs
LOAD C:/ST/STM32CubeIDE_1.14.0/STM32CubeIDE/plugins/com.st.stm32cube.ide.mcu.externaltools.gnu-tools-for-stm32.11.3.rel1.win32_1.1.100.202309141235/tools/bin/../lib/gcc/arm-none-eabi/11.3.1/../../../../arm-none-eabi/lib/thumb/v7e-m+fp/hard\libc.a
LOAD C:/ST/STM32CubeIDE_1.14.0/STM32CubeIDE/plugins/com.st.stm32cube.ide.mcu.externaltools.gnu-tools-for-stm32.11.3.rel1.win32_1.1.100.202309141235/tools/bin/../lib/gcc/arm-none-eabi/11.3.1/../../../../arm-none-eabi/lib/thumb/v7e-m+fp/hard\libm.a
LOAD C:/ST/STM32CubeIDE_1.14.0/STM32CubeIDE/plugins/com.st.stm32cube.ide.mcu.externaltools.gnu-tools-for-stm32.11.3.rel1.win32_1.1.100.202309141235/tools/bin/../lib/gcc/arm-none-eabi/11.3.1/thumb/v7e-m+fp/hard\libgcc.a

.comment        0x0000000000000000       0x43
 .comment       0x0000000000000000       0x43 C:/ST/STM32CubeIDE_1.14.0/STM32CubeIDE/plugins/com.st.stm32cube.ide.mcu.externaltools.gnu-tools-for-stm32.11.3.rel1.win32_1.1.100.202309141235/tools/bin/../lib/gcc/arm-none-eabi/11.3.1/thumb/v7e-m+fp/hard/crtbegin.o
                                         0x44 (size before relaxing)
 .comment       0x0000000000000043       0x44 ./Core/Src/main.o
 .comment       0x0000000000000043       0x44 ./Core/Src/stm32l4xx_hal_msp.o
 .comment       0x0000000000000043       0x44 ./Core/Src/stm32l4xx_it.o
 .comment       0x0000000000000043       0x44 ./Core/Src/system_stm32l4xx.o
 .comment       0x0000000000000043       0x44 ./Drivers/STM32L4xx_HAL_Driver/Src/stm32l4xx_hal.o
 .comment       0x0000000000000043       0x44 ./Drivers/STM32L4xx_HAL_Driver/Src/stm32l4xx_hal_cortex.o
 .comment       0x0000000000000043       0x44 ./Drivers/STM32L4xx_HAL_Driver/Src/stm32l4xx_hal_dma.o
 .comment       0x0000000000000043       0x44 ./Drivers/STM32L4xx_HAL_Driver/Src/stm32l4xx_hal_gpio.o
 .comment       0x0000000000000043       0x44 ./Drivers/STM32L4xx_HAL_Driver/Src/stm32l4xx_hal_i2c.o
 .comment       0x0000000000000043       0x44 ./Drivers/STM32L4xx_HAL_Driver/Src/stm32l4xx_hal_i2c_ex.o
 .comment       0x0000000000000043       0x44 ./Drivers/STM32L4xx_HAL_Driver/Src/stm32l4xx_hal_pwr_ex.o
 .comment       0x0000000000000043       0x44 ./Drivers/STM32L4xx_HAL_Driver/Src/stm32l4xx_hal_rcc.o
 .comment       0x0000000000000043       0x44 ./Drivers/STM32L4xx_HAL_Driver/Src/stm32l4xx_hal_rcc_ex.o
 .comment       0x0000000000000043       0x44 ./Drivers/STM32L4xx_HAL_Driver/Src/stm32l4xx_hal_tim.o
 .comment       0x0000000000000043       0x44 ./Drivers/STM32L4xx_HAL_Driver/Src/stm32l4xx_hal_tim_ex.o
 .comment       0x0000000000000043       0x44 ./firmware/buzzer/buzzer.o
 .comment       0x0000000000000043       0x44 ./firmware/callbacks/callback.o
 .comment       0x0000000000000043       0x44 ./firmware/eeprom/eeprom.o
 .comment       0x0000000000000043       0x44 ./firmware/firmware.o
 .comment       0x0000000000000043       0x44 ./firmware/i2c/i2c_slave.o
 .comment       0x0000000000000043       0x44 ./firmware/led/led.o
 .comment       0x0000000000000043       0x44 ./firmware/neopixel/ws2812.o
 .comment       0x0000000000000043       0x44 ./firmware/utils/elapsedMillis.o

.debug_info     0x0000000000000000    0x16f84
 .debug_info    0x0000000000000000     0x1598 ./Core/Src/main.o
 .debug_info    0x0000000000001598     0x131e ./Core/Src/stm32l4xx_hal_msp.o
 .debug_info    0x00000000000028b6      0x743 ./Core/Src/stm32l4xx_it.o
 .debug_info    0x0000000000002ff9      0x5bf ./Core/Src/system_stm32l4xx.o
 .debug_info    0x00000000000035b8       0x23 ./Core/Startup/startup_stm32l431ccux.o
 .debug_info    0x00000000000035db      0xa93 ./Drivers/STM32L4xx_HAL_Driver/Src/stm32l4xx_hal.o
 .debug_info    0x000000000000406e      0xce6 ./Drivers/STM32L4xx_HAL_Driver/Src/stm32l4xx_hal_cortex.o
 .debug_info    0x0000000000004d54      0x6f4 ./Drivers/STM32L4xx_HAL_Driver/Src/stm32l4xx_hal_dma.o
 .debug_info    0x0000000000005448      0x757 ./Drivers/STM32L4xx_HAL_Driver/Src/stm32l4xx_hal_gpio.o
 .debug_info    0x0000000000005b9f     0x2093 ./Drivers/STM32L4xx_HAL_Driver/Src/stm32l4xx_hal_i2c.o
 .debug_info    0x0000000000007c32      0x98d ./Drivers/STM32L4xx_HAL_Driver/Src/stm32l4xx_hal_i2c_ex.o
 .debug_info    0x00000000000085bf      0x8c6 ./Drivers/STM32L4xx_HAL_Driver/Src/stm32l4xx_hal_pwr_ex.o
 .debug_info    0x0000000000008e85      0xbc3 ./Drivers/STM32L4xx_HAL_Driver/Src/stm32l4xx_hal_rcc.o
 .debug_info    0x0000000000009a48      0xeff ./Drivers/STM32L4xx_HAL_Driver/Src/stm32l4xx_hal_rcc_ex.o
 .debug_info    0x000000000000a947     0x2a9a ./Drivers/STM32L4xx_HAL_Driver/Src/stm32l4xx_hal_tim.o
 .debug_info    0x000000000000d3e1     0x169e ./Drivers/STM32L4xx_HAL_Driver/Src/stm32l4xx_hal_tim_ex.o
 .debug_info    0x000000000000ea7f      0xd7b ./firmware/buzzer/buzzer.o
 .debug_info    0x000000000000f7fa      0x211 ./firmware/callbacks/callback.o
 .debug_info    0x000000000000fa0b      0x823 ./firmware/eeprom/eeprom.o
 .debug_info    0x000000000001022e     0x31a7 ./firmware/firmware.o
 .debug_info    0x00000000000133d5      0xfa4 ./firmware/i2c/i2c_slave.o
 .debug_info    0x0000000000014379      0x3a5 ./firmware/led/led.o
 .debug_info    0x000000000001471e     0x27aa ./firmware/neopixel/ws2812.o
 .debug_info    0x0000000000016ec8       0xbc ./firmware/utils/elapsedMillis.o

.debug_abbrev   0x0000000000000000     0x3884
 .debug_abbrev  0x0000000000000000      0x2cc ./Core/Src/main.o
 .debug_abbrev  0x00000000000002cc      0x249 ./Core/Src/stm32l4xx_hal_msp.o
 .debug_abbrev  0x0000000000000515      0x198 ./Core/Src/stm32l4xx_it.o
 .debug_abbrev  0x00000000000006ad      0x11a ./Core/Src/system_stm32l4xx.o
 .debug_abbrev  0x00000000000007c7       0x12 ./Core/Startup/startup_stm32l431ccux.o
 .debug_abbrev  0x00000000000007d9      0x242 ./Drivers/STM32L4xx_HAL_Driver/Src/stm32l4xx_hal.o
 .debug_abbrev  0x0000000000000a1b      0x327 ./Drivers/STM32L4xx_HAL_Driver/Src/stm32l4xx_hal_cortex.o
 .debug_abbrev  0x0000000000000d42      0x1e4 ./Drivers/STM32L4xx_HAL_Driver/Src/stm32l4xx_hal_dma.o
 .debug_abbrev  0x0000000000000f26      0x1cb ./Drivers/STM32L4xx_HAL_Driver/Src/stm32l4xx_hal_gpio.o
 .debug_abbrev  0x00000000000010f1      0x261 ./Drivers/STM32L4xx_HAL_Driver/Src/stm32l4xx_hal_i2c.o
 .debug_abbrev  0x0000000000001352      0x1c3 ./Drivers/STM32L4xx_HAL_Driver/Src/stm32l4xx_hal_i2c_ex.o
 .debug_abbrev  0x0000000000001515      0x1f9 ./Drivers/STM32L4xx_HAL_Driver/Src/stm32l4xx_hal_pwr_ex.o
 .debug_abbrev  0x000000000000170e      0x2cb ./Drivers/STM32L4xx_HAL_Driver/Src/stm32l4xx_hal_rcc.o
 .debug_abbrev  0x00000000000019d9      0x2a1 ./Drivers/STM32L4xx_HAL_Driver/Src/stm32l4xx_hal_rcc_ex.o
 .debug_abbrev  0x0000000000001c7a      0x278 ./Drivers/STM32L4xx_HAL_Driver/Src/stm32l4xx_hal_tim.o
 .debug_abbrev  0x0000000000001ef2      0x283 ./Drivers/STM32L4xx_HAL_Driver/Src/stm32l4xx_hal_tim_ex.o
 .debug_abbrev  0x0000000000002175      0x31c ./firmware/buzzer/buzzer.o
 .debug_abbrev  0x0000000000002491      0x16f ./firmware/callbacks/callback.o
 .debug_abbrev  0x0000000000002600      0x241 ./firmware/eeprom/eeprom.o
 .debug_abbrev  0x0000000000002841      0x5c0 ./firmware/firmware.o
 .debug_abbrev  0x0000000000002e01      0x33a ./firmware/i2c/i2c_slave.o
 .debug_abbrev  0x000000000000313b      0x20b ./firmware/led/led.o
 .debug_abbrev  0x0000000000003346      0x4ce ./firmware/neopixel/ws2812.o
 .debug_abbrev  0x0000000000003814       0x70 ./firmware/utils/elapsedMillis.o

.debug_aranges  0x0000000000000000     0x12a0
 .debug_aranges
                0x0000000000000000       0x68 ./Core/Src/main.o
 .debug_aranges
                0x0000000000000068       0x48 ./Core/Src/stm32l4xx_hal_msp.o
 .debug_aranges
                0x00000000000000b0       0x90 ./Core/Src/stm32l4xx_it.o
 .debug_aranges
                0x0000000000000140       0x28 ./Core/Src/system_stm32l4xx.o
 .debug_aranges
                0x0000000000000168       0x28 ./Core/Startup/startup_stm32l431ccux.o
 .debug_aranges
                0x0000000000000190      0x130 ./Drivers/STM32L4xx_HAL_Driver/Src/stm32l4xx_hal.o
 .debug_aranges
                0x00000000000002c0      0x118 ./Drivers/STM32L4xx_HAL_Driver/Src/stm32l4xx_hal_cortex.o
 .debug_aranges
                0x00000000000003d8       0x80 ./Drivers/STM32L4xx_HAL_Driver/Src/stm32l4xx_hal_dma.o
 .debug_aranges
                0x0000000000000458       0x58 ./Drivers/STM32L4xx_HAL_Driver/Src/stm32l4xx_hal_gpio.o
 .debug_aranges
                0x00000000000004b0      0x2a0 ./Drivers/STM32L4xx_HAL_Driver/Src/stm32l4xx_hal_i2c.o
 .debug_aranges
                0x0000000000000750       0x48 ./Drivers/STM32L4xx_HAL_Driver/Src/stm32l4xx_hal_i2c_ex.o
 .debug_aranges
                0x0000000000000798      0x100 ./Drivers/STM32L4xx_HAL_Driver/Src/stm32l4xx_hal_pwr_ex.o
 .debug_aranges
                0x0000000000000898       0x90 ./Drivers/STM32L4xx_HAL_Driver/Src/stm32l4xx_hal_rcc.o
 .debug_aranges
                0x0000000000000928       0xf0 ./Drivers/STM32L4xx_HAL_Driver/Src/stm32l4xx_hal_rcc_ex.o
 .debug_aranges
                0x0000000000000a18      0x3e0 ./Drivers/STM32L4xx_HAL_Driver/Src/stm32l4xx_hal_tim.o
 .debug_aranges
                0x0000000000000df8      0x180 ./Drivers/STM32L4xx_HAL_Driver/Src/stm32l4xx_hal_tim_ex.o
 .debug_aranges
                0x0000000000000f78       0x70 ./firmware/buzzer/buzzer.o
 .debug_aranges
                0x0000000000000fe8       0x30 ./firmware/callbacks/callback.o
 .debug_aranges
                0x0000000000001018       0x30 ./firmware/eeprom/eeprom.o
 .debug_aranges
                0x0000000000001048       0x90 ./firmware/firmware.o
 .debug_aranges
                0x00000000000010d8       0xb8 ./firmware/i2c/i2c_slave.o
 .debug_aranges
                0x0000000000001190       0x40 ./firmware/led/led.o
 .debug_aranges
                0x00000000000011d0       0xb0 ./firmware/neopixel/ws2812.o
 .debug_aranges
                0x0000000000001280       0x20 ./firmware/utils/elapsedMillis.o

.debug_rnglists
                0x0000000000000000      0xe56
 .debug_rnglists
                0x0000000000000000       0x50 ./Core/Src/main.o
 .debug_rnglists
                0x0000000000000050       0x35 ./Core/Src/stm32l4xx_hal_msp.o
 .debug_rnglists
                0x0000000000000085       0x67 ./Core/Src/stm32l4xx_it.o
 .debug_rnglists
                0x00000000000000ec       0x1a ./Core/Src/system_stm32l4xx.o
 .debug_rnglists
                0x0000000000000106       0x19 ./Core/Startup/startup_stm32l431ccux.o
 .debug_rnglists
                0x000000000000011f       0xdf ./Drivers/STM32L4xx_HAL_Driver/Src/stm32l4xx_hal.o
 .debug_rnglists
                0x00000000000001fe       0xce ./Drivers/STM32L4xx_HAL_Driver/Src/stm32l4xx_hal_cortex.o
 .debug_rnglists
                0x00000000000002cc       0x64 ./Drivers/STM32L4xx_HAL_Driver/Src/stm32l4xx_hal_dma.o
 .debug_rnglists
                0x0000000000000330       0x3f ./Drivers/STM32L4xx_HAL_Driver/Src/stm32l4xx_hal_gpio.o
 .debug_rnglists
                0x000000000000036f      0x228 ./Drivers/STM32L4xx_HAL_Driver/Src/stm32l4xx_hal_i2c.o
 .debug_rnglists
                0x0000000000000597       0x35 ./Drivers/STM32L4xx_HAL_Driver/Src/stm32l4xx_hal_i2c_ex.o
 .debug_rnglists
                0x00000000000005cc       0xc1 ./Drivers/STM32L4xx_HAL_Driver/Src/stm32l4xx_hal_pwr_ex.o
 .debug_rnglists
                0x000000000000068d       0x6d ./Drivers/STM32L4xx_HAL_Driver/Src/stm32l4xx_hal_rcc.o
 .debug_rnglists
                0x00000000000006fa       0xba ./Drivers/STM32L4xx_HAL_Driver/Src/stm32l4xx_hal_rcc_ex.o
 .debug_rnglists
                0x00000000000007b4      0x328 ./Drivers/STM32L4xx_HAL_Driver/Src/stm32l4xx_hal_tim.o
 .debug_rnglists
                0x0000000000000adc      0x139 ./Drivers/STM32L4xx_HAL_Driver/Src/stm32l4xx_hal_tim_ex.o
 .debug_rnglists
                0x0000000000000c15       0x51 ./firmware/buzzer/buzzer.o
 .debug_rnglists
                0x0000000000000c66       0x1f ./firmware/callbacks/callback.o
 .debug_rnglists
                0x0000000000000c85       0x1f ./firmware/eeprom/eeprom.o
 .debug_rnglists
                0x0000000000000ca4       0x6d ./firmware/firmware.o
 .debug_rnglists
                0x0000000000000d11       0x85 ./firmware/i2c/i2c_slave.o
 .debug_rnglists
                0x0000000000000d96       0x2b ./firmware/led/led.o
 .debug_rnglists
                0x0000000000000dc1       0x82 ./firmware/neopixel/ws2812.o
 .debug_rnglists
                0x0000000000000e43       0x13 ./firmware/utils/elapsedMillis.o

.debug_macro    0x0000000000000000    0x24af0
 .debug_macro   0x0000000000000000      0x1de ./Core/Src/main.o
 .debug_macro   0x00000000000001de      0xaa8 ./Core/Src/main.o
 .debug_macro   0x0000000000000c86      0x1a7 ./Core/Src/main.o
 .debug_macro   0x0000000000000e2d       0x2e ./Core/Src/main.o
 .debug_macro   0x0000000000000e5b       0x28 ./Core/Src/main.o
 .debug_macro   0x0000000000000e83       0x22 ./Core/Src/main.o
 .debug_macro   0x0000000000000ea5       0x8e ./Core/Src/main.o
 .debug_macro   0x0000000000000f33       0x51 ./Core/Src/main.o
 .debug_macro   0x0000000000000f84      0x103 ./Core/Src/main.o
 .debug_macro   0x0000000000001087       0x6a ./Core/Src/main.o
 .debug_macro   0x00000000000010f1      0x1df ./Core/Src/main.o
 .debug_macro   0x00000000000012d0       0x1c ./Core/Src/main.o
 .debug_macro   0x00000000000012ec       0x22 ./Core/Src/main.o
 .debug_macro   0x000000000000130e       0xfb ./Core/Src/main.o
 .debug_macro   0x0000000000001409     0x1011 ./Core/Src/main.o
 .debug_macro   0x000000000000241a      0x11f ./Core/Src/main.o
 .debug_macro   0x0000000000002539    0x1511c ./Core/Src/main.o
 .debug_macro   0x0000000000017655       0x6d ./Core/Src/main.o
 .debug_macro   0x00000000000176c2     0x38e6 ./Core/Src/main.o
 .debug_macro   0x000000000001afa8      0x174 ./Core/Src/main.o
 .debug_macro   0x000000000001b11c       0x5c ./Core/Src/main.o
 .debug_macro   0x000000000001b178     0x1328 ./Core/Src/main.o
 .debug_macro   0x000000000001c4a0      0x5a5 ./Core/Src/main.o
 .debug_macro   0x000000000001ca45      0x1b9 ./Core/Src/main.o
 .debug_macro   0x000000000001cbfe      0x11b ./Core/Src/main.o
 .debug_macro   0x000000000001cd19      0x26b ./Core/Src/main.o
 .debug_macro   0x000000000001cf84      0x23d ./Core/Src/main.o
 .debug_macro   0x000000000001d1c1      0x241 ./Core/Src/main.o
 .debug_macro   0x000000000001d402      0x375 ./Core/Src/main.o
 .debug_macro   0x000000000001d777       0xd6 ./Core/Src/main.o
 .debug_macro   0x000000000001d84d      0x22c ./Core/Src/main.o
 .debug_macro   0x000000000001da79       0x61 ./Core/Src/main.o
 .debug_macro   0x000000000001dada       0xa5 ./Core/Src/main.o
 .debug_macro   0x000000000001db7f      0x122 ./Core/Src/main.o
 .debug_macro   0x000000000001dca1      0x2ee ./Core/Src/main.o
 .debug_macro   0x000000000001df8f      0xa98 ./Core/Src/main.o
 .debug_macro   0x000000000001ea27      0x12d ./Core/Src/main.o
 .debug_macro   0x000000000001eb54      0x26d ./Core/Src/main.o
 .debug_macro   0x000000000001edc1       0x58 ./Core/Src/main.o
 .debug_macro   0x000000000001ee19      0x1de ./Core/Src/stm32l4xx_hal_msp.o
 .debug_macro   0x000000000001eff7      0x1e8 ./Core/Src/stm32l4xx_it.o
 .debug_macro   0x000000000001f1df      0x1c5 ./Core/Src/system_stm32l4xx.o
 .debug_macro   0x000000000001f3a4      0x213 ./Drivers/STM32L4xx_HAL_Driver/Src/stm32l4xx_hal.o
 .debug_macro   0x000000000001f5b7      0x1c5 ./Drivers/STM32L4xx_HAL_Driver/Src/stm32l4xx_hal_cortex.o
 .debug_macro   0x000000000001f77c      0x1c5 ./Drivers/STM32L4xx_HAL_Driver/Src/stm32l4xx_hal_dma.o
 .debug_macro   0x000000000001f941      0x1cc ./Drivers/STM32L4xx_HAL_Driver/Src/stm32l4xx_hal_gpio.o
 .debug_macro   0x000000000001fb0d      0x291 ./Drivers/STM32L4xx_HAL_Driver/Src/stm32l4xx_hal_i2c.o
 .debug_macro   0x000000000001fd9e      0x1c5 ./Drivers/STM32L4xx_HAL_Driver/Src/stm32l4xx_hal_i2c_ex.o
 .debug_macro   0x000000000001ff63      0x1e9 ./Drivers/STM32L4xx_HAL_Driver/Src/stm32l4xx_hal_pwr_ex.o
 .debug_macro   0x000000000002014c      0x207 ./Drivers/STM32L4xx_HAL_Driver/Src/stm32l4xx_hal_rcc.o
 .debug_macro   0x0000000000020353      0x1fb ./Drivers/STM32L4xx_HAL_Driver/Src/stm32l4xx_hal_rcc_ex.o
 .debug_macro   0x000000000002054e      0x1c6 ./Drivers/STM32L4xx_HAL_Driver/Src/stm32l4xx_hal_tim.o
 .debug_macro   0x0000000000020714      0x1c5 ./Drivers/STM32L4xx_HAL_Driver/Src/stm32l4xx_hal_tim_ex.o
 .debug_macro   0x00000000000208d9      0x1e7 ./firmware/buzzer/buzzer.o
 .debug_macro   0x0000000000020ac0      0xb80 ./firmware/buzzer/buzzer.o
 .debug_macro   0x0000000000021640       0x1c ./firmware/buzzer/buzzer.o
 .debug_macro   0x000000000002165c     0x1011 ./firmware/buzzer/buzzer.o
 .debug_macro   0x000000000002266d      0x17b ./firmware/buzzer/buzzer.o
 .debug_macro   0x00000000000227e8       0x10 ./firmware/buzzer/buzzer.o
 .debug_macro   0x00000000000227f8       0x72 ./firmware/callbacks/callback.o
 .debug_macro   0x000000000002286a      0x1d4 ./firmware/eeprom/eeprom.o
 .debug_macro   0x0000000000022a3e      0x399 ./firmware/firmware.o
 .debug_macro   0x0000000000022dd7      0x1b2 ./firmware/firmware.o
 .debug_macro   0x0000000000022f89       0x10 ./firmware/firmware.o
 .debug_macro   0x0000000000022f99      0x3ed ./firmware/firmware.o
 .debug_macro   0x0000000000023386       0x18 ./firmware/firmware.o
 .debug_macro   0x000000000002339e       0x61 ./firmware/firmware.o
 .debug_macro   0x00000000000233ff       0x34 ./firmware/firmware.o
 .debug_macro   0x0000000000023433       0x43 ./firmware/firmware.o
 .debug_macro   0x0000000000023476       0x16 ./firmware/firmware.o
 .debug_macro   0x000000000002348c      0x38c ./firmware/firmware.o
 .debug_macro   0x0000000000023818      0x194 ./firmware/firmware.o
 .debug_macro   0x00000000000239ac       0x10 ./firmware/firmware.o
 .debug_macro   0x00000000000239bc       0x35 ./firmware/firmware.o
 .debug_macro   0x00000000000239f1       0x10 ./firmware/firmware.o
 .debug_macro   0x0000000000023a01      0x3c7 ./firmware/firmware.o
 .debug_macro   0x0000000000023dc8       0x28 ./firmware/firmware.o
 .debug_macro   0x0000000000023df0       0x16 ./firmware/firmware.o
 .debug_macro   0x0000000000023e06       0x3a ./firmware/firmware.o
 .debug_macro   0x0000000000023e40      0x3a5 ./firmware/firmware.o
 .debug_macro   0x00000000000241e5      0x1e4 ./firmware/i2c/i2c_slave.o
 .debug_macro   0x00000000000243c9      0x1d4 ./firmware/led/led.o
 .debug_macro   0x000000000002459d      0x329 ./firmware/neopixel/ws2812.o
 .debug_macro   0x00000000000248c6       0x56 ./firmware/neopixel/ws2812.o
 .debug_macro   0x000000000002491c      0x1d4 ./firmware/utils/elapsedMillis.o

.debug_line     0x0000000000000000    0x176af
 .debug_line    0x0000000000000000      0xad0 ./Core/Src/main.o
 .debug_line    0x0000000000000ad0      0x9b5 ./Core/Src/stm32l4xx_hal_msp.o
 .debug_line    0x0000000000001485      0x924 ./Core/Src/stm32l4xx_it.o
 .debug_line    0x0000000000001da9      0x7e5 ./Core/Src/system_stm32l4xx.o
 .debug_line    0x000000000000258e       0x7a ./Core/Startup/startup_stm32l431ccux.o
 .debug_line    0x0000000000002608      0xb3d ./Drivers/STM32L4xx_HAL_Driver/Src/stm32l4xx_hal.o
 .debug_line    0x0000000000003145      0xce4 ./Drivers/STM32L4xx_HAL_Driver/Src/stm32l4xx_hal_cortex.o
 .debug_line    0x0000000000003e29      0xd2e ./Drivers/STM32L4xx_HAL_Driver/Src/stm32l4xx_hal_dma.o
 .debug_line    0x0000000000004b57      0xb5d ./Drivers/STM32L4xx_HAL_Driver/Src/stm32l4xx_hal_gpio.o
 .debug_line    0x00000000000056b4     0x391c ./Drivers/STM32L4xx_HAL_Driver/Src/stm32l4xx_hal_i2c.o
 .debug_line    0x0000000000008fd0      0x96b ./Drivers/STM32L4xx_HAL_Driver/Src/stm32l4xx_hal_i2c_ex.o
 .debug_line    0x000000000000993b      0xba2 ./Drivers/STM32L4xx_HAL_Driver/Src/stm32l4xx_hal_pwr_ex.o
 .debug_line    0x000000000000a4dd      0xff2 ./Drivers/STM32L4xx_HAL_Driver/Src/stm32l4xx_hal_rcc.o
 .debug_line    0x000000000000b4cf     0x13c3 ./Drivers/STM32L4xx_HAL_Driver/Src/stm32l4xx_hal_rcc_ex.o
 .debug_line    0x000000000000c892     0x3be7 ./Drivers/STM32L4xx_HAL_Driver/Src/stm32l4xx_hal_tim.o
 .debug_line    0x0000000000010479     0x1b54 ./Drivers/STM32L4xx_HAL_Driver/Src/stm32l4xx_hal_tim_ex.o
 .debug_line    0x0000000000011fcd      0x9ea ./firmware/buzzer/buzzer.o
 .debug_line    0x00000000000129b7      0x466 ./firmware/callbacks/callback.o
 .debug_line    0x0000000000012e1d      0x789 ./firmware/eeprom/eeprom.o
 .debug_line    0x00000000000135a6     0x14bb ./firmware/firmware.o
 .debug_line    0x0000000000014a61      0xa88 ./firmware/i2c/i2c_slave.o
 .debug_line    0x00000000000154e9      0x7a0 ./firmware/led/led.o
 .debug_line    0x0000000000015c89     0x12cd ./firmware/neopixel/ws2812.o
 .debug_line    0x0000000000016f56      0x759 ./firmware/utils/elapsedMillis.o

.debug_str      0x0000000000000000    0xd1365
 .debug_str     0x0000000000000000    0xc4410 ./Core/Src/main.o
                                      0xc4a05 (size before relaxing)
 .debug_str     0x00000000000c4410      0x299 ./Core/Src/stm32l4xx_hal_msp.o
                                      0xc47d6 (size before relaxing)
 .debug_str     0x00000000000c46a9      0x186 ./Core/Src/stm32l4xx_it.o
                                      0xc3d78 (size before relaxing)
 .debug_str     0x00000000000c482f       0xf2 ./Core/Src/system_stm32l4xx.o
                                      0xc377e (size before relaxing)
 .debug_str     0x00000000000c4921       0x34 ./Core/Startup/startup_stm32l431ccux.o
                                         0xa5 (size before relaxing)
 .debug_str     0x00000000000c4955      0x636 ./Drivers/STM32L4xx_HAL_Driver/Src/stm32l4xx_hal.o
                                      0xc422e (size before relaxing)
 .debug_str     0x00000000000c4f8b      0x314 ./Drivers/STM32L4xx_HAL_Driver/Src/stm32l4xx_hal_cortex.o
                                      0xc3edf (size before relaxing)
 .debug_str     0x00000000000c529f      0x229 ./Drivers/STM32L4xx_HAL_Driver/Src/stm32l4xx_hal_dma.o
                                      0xc39e5 (size before relaxing)
 .debug_str     0x00000000000c54c8      0x11a ./Drivers/STM32L4xx_HAL_Driver/Src/stm32l4xx_hal_gpio.o
                                      0xc38f2 (size before relaxing)
 .debug_str     0x00000000000c55e2      0xd80 ./Drivers/STM32L4xx_HAL_Driver/Src/stm32l4xx_hal_i2c.o
                                      0xc498a (size before relaxing)
 .debug_str     0x00000000000c6362       0xb8 ./Drivers/STM32L4xx_HAL_Driver/Src/stm32l4xx_hal_i2c_ex.o
                                      0xc3cb5 (size before relaxing)
 .debug_str     0x00000000000c641a      0x40c ./Drivers/STM32L4xx_HAL_Driver/Src/stm32l4xx_hal_pwr_ex.o
                                      0xc3bb5 (size before relaxing)
 .debug_str     0x00000000000c6826      0x381 ./Drivers/STM32L4xx_HAL_Driver/Src/stm32l4xx_hal_rcc.o
                                      0xc3d7e (size before relaxing)
 .debug_str     0x00000000000c6ba7      0x52e ./Drivers/STM32L4xx_HAL_Driver/Src/stm32l4xx_hal_rcc_ex.o
                                      0xc4009 (size before relaxing)
 .debug_str     0x00000000000c70d5      0xe25 ./Drivers/STM32L4xx_HAL_Driver/Src/stm32l4xx_hal_tim.o
                                      0xc4abb (size before relaxing)
 .debug_str     0x00000000000c7efa      0x4ae ./Drivers/STM32L4xx_HAL_Driver/Src/stm32l4xx_hal_tim_ex.o
                                      0xc43cf (size before relaxing)
 .debug_str     0x00000000000c83a8      0xb8b ./firmware/buzzer/buzzer.o
                                      0xc448d (size before relaxing)
 .debug_str     0x00000000000c8f33      0x125 ./firmware/callbacks/callback.o
                                       0x42b9 (size before relaxing)
 .debug_str     0x00000000000c9058      0x126 ./firmware/eeprom/eeprom.o
                                      0xc4084 (size before relaxing)
 .debug_str     0x00000000000c917e     0x7f84 ./firmware/firmware.o
                                      0xcccb0 (size before relaxing)
 .debug_str     0x00000000000d1102      0x13f ./firmware/i2c/i2c_slave.o
                                      0xc4798 (size before relaxing)
 .debug_str     0x00000000000d1241       0x33 ./firmware/led/led.o
                                      0xc3b6a (size before relaxing)
 .debug_str     0x00000000000d1274       0xcd ./firmware/neopixel/ws2812.o
                                      0xca965 (size before relaxing)
 .debug_str     0x00000000000d1341       0x24 ./firmware/utils/elapsedMillis.o
                                      0xc3a18 (size before relaxing)

.debug_frame    0x0000000000000000     0x4c7c
 .debug_frame   0x0000000000000000      0x154 ./Core/Src/main.o
 .debug_frame   0x0000000000000154       0xf0 ./Core/Src/stm32l4xx_hal_msp.o
 .debug_frame   0x0000000000000244      0x1ac ./Core/Src/stm32l4xx_it.o
 .debug_frame   0x00000000000003f0       0x58 ./Core/Src/system_stm32l4xx.o
 .debug_frame   0x0000000000000448      0x498 ./Drivers/STM32L4xx_HAL_Driver/Src/stm32l4xx_hal.o
 .debug_frame   0x00000000000008e0      0x498 ./Drivers/STM32L4xx_HAL_Driver/Src/stm32l4xx_hal_cortex.o
 .debug_frame   0x0000000000000d78      0x204 ./Drivers/STM32L4xx_HAL_Driver/Src/stm32l4xx_hal_dma.o
 .debug_frame   0x0000000000000f7c      0x14c ./Drivers/STM32L4xx_HAL_Driver/Src/stm32l4xx_hal_gpio.o
 .debug_frame   0x00000000000010c8      0xc38 ./Drivers/STM32L4xx_HAL_Driver/Src/stm32l4xx_hal_i2c.o
 .debug_frame   0x0000000000001d00      0x100 ./Drivers/STM32L4xx_HAL_Driver/Src/stm32l4xx_hal_i2c_ex.o
 .debug_frame   0x0000000000001e00      0x404 ./Drivers/STM32L4xx_HAL_Driver/Src/stm32l4xx_hal_pwr_ex.o
 .debug_frame   0x0000000000002204      0x21c ./Drivers/STM32L4xx_HAL_Driver/Src/stm32l4xx_hal_rcc.o
 .debug_frame   0x0000000000002420      0x3d0 ./Drivers/STM32L4xx_HAL_Driver/Src/stm32l4xx_hal_rcc_ex.o
 .debug_frame   0x00000000000027f0     0x1218 ./Drivers/STM32L4xx_HAL_Driver/Src/stm32l4xx_hal_tim.o
 .debug_frame   0x0000000000003a08      0x6b0 ./Drivers/STM32L4xx_HAL_Driver/Src/stm32l4xx_hal_tim_ex.o
 .debug_frame   0x00000000000040b8      0x1a8 ./firmware/buzzer/buzzer.o
 .debug_frame   0x0000000000004260       0x84 ./firmware/callbacks/callback.o
 .debug_frame   0x00000000000042e4       0x80 ./firmware/eeprom/eeprom.o
 .debug_frame   0x0000000000004364      0x218 ./firmware/firmware.o
 .debug_frame   0x000000000000457c      0x2e8 ./firmware/i2c/i2c_slave.o
 .debug_frame   0x0000000000004864       0xc8 ./firmware/led/led.o
 .debug_frame   0x000000000000492c      0x2d8 ./firmware/neopixel/ws2812.o
 .debug_frame   0x0000000000004c04       0x2c ./firmware/utils/elapsedMillis.o
 .debug_frame   0x0000000000004c30       0x20 C:/ST/STM32CubeIDE_1.14.0/STM32CubeIDE/plugins/com.st.stm32cube.ide.mcu.externaltools.gnu-tools-for-stm32.11.3.rel1.win32_1.1.100.202309141235/tools/bin/../lib/gcc/arm-none-eabi/11.3.1/../../../../arm-none-eabi/lib/thumb/v7e-m+fp/hard\libc_nano.a(libc_a-memset.o)
 .debug_frame   0x0000000000004c50       0x2c C:/ST/STM32CubeIDE_1.14.0/STM32CubeIDE/plugins/com.st.stm32cube.ide.mcu.externaltools.gnu-tools-for-stm32.11.3.rel1.win32_1.1.100.202309141235/tools/bin/../lib/gcc/arm-none-eabi/11.3.1/../../../../arm-none-eabi/lib/thumb/v7e-m+fp/hard\libc_nano.a(libc_a-init.o)

.debug_line_str
                0x0000000000000000       0x99
 .debug_line_str
                0x0000000000000000       0x99 ./Core/Startup/startup_stm32l431ccux.o
                                         0xb1 (size before relaxing)
