J:/work_dir/work_dir/projects/testbed/software/robots/firmwares/libraries/general/stm32_core_cpp_lib/communication/uart_interface/../../utils/core_math.h:15:14:float deg2rad(float)	16	static
J:/work_dir/work_dir/projects/testbed/software/robots/firmwares/libraries/general/stm32_core_cpp_lib/communication/uart_interface/../../utils/core_utils_Callback.h:16:2:Callback::Callback()	16	static
J:/work_dir/work_dir/projects/testbed/software/robots/firmwares/libraries/general/stm32_core_cpp_lib/communication/uart_interface/../../utils/core_utils_Callback.h:20:15:virtual void Callback::call()	16	static
J:/work_dir/work_dir/projects/testbed/software/robots/firmwares/libraries/general/stm32_core_cpp_lib/communication/uart_interface/../../utils/core_utils_Callback.h:24:15:virtual void Callback::call(void*)	16	static
J:/work_dir/work_dir/projects/testbed/software/robots/firmwares/libraries/general/stm32_core_cpp_lib/communication/uart_interface/../../utils/core_utils_registermap.h:25:15:virtual void RegisterEntry::write(void*)	16	static
J:/work_dir/work_dir/projects/testbed/software/robots/firmwares/libraries/general/stm32_core_cpp_lib/communication/uart_interface/../../utils/core_utils_registermap.h:28:15:virtual void RegisterEntry::write(uint8_t*)	16	static
J:/work_dir/work_dir/projects/testbed/software/robots/firmwares/libraries/general/stm32_core_cpp_lib/communication/uart_interface/../../utils/core_utils_registermap.h:31:18:virtual uint8_t RegisterEntry::readBytes(uint8_t*)	16	static
J:/work_dir/work_dir/projects/testbed/software/robots/firmwares/libraries/general/stm32_core_cpp_lib/communication/uart_interface/../../utils/core_utils_registermap.h:34:18:virtual uint8_t RegisterEntry::getSize()	16	static
J:/work_dir/work_dir/projects/testbed/software/robots/firmwares/libraries/general/stm32_core_cpp_lib/communication/uart_interface/../../utils/core_utils_registermap.h:37:18:virtual uint8_t RegisterEntry::getInputSize()	16	static
J:/work_dir/work_dir/projects/testbed/software/robots/firmwares/libraries/general/stm32_core_cpp_lib/communication/uart_interface/../../utils/core_utils_registermap.h:41:18:virtual uint8_t RegisterEntry::getOutputSize()	16	static
J:/work_dir/work_dir/projects/testbed/software/robots/firmwares/libraries/general/stm32_core_cpp_lib/communication/uart_interface/../../utils/core_utils_registermap.h:45:15:virtual void RegisterEntry::execute()	16	static
J:/work_dir/work_dir/projects/testbed/software/robots/firmwares/libraries/general/stm32_core_cpp_lib/communication/uart_interface/../../utils/core_utils_registermap.h:48:18:virtual uint8_t RegisterEntry::execute(uint8_t*, uint8_t*)	24	static
J:/work_dir/work_dir/projects/testbed/software/robots/firmwares/libraries/general/stm32_core_cpp_lib/communication/uart_interface/../../utils/core_utils_registermap.h:61:15:virtual void RegisterMap::write(uint16_t, void*)	24	static
J:/work_dir/work_dir/projects/testbed/software/robots/firmwares/libraries/general/stm32_core_cpp_lib/communication/uart_interface/../../utils/core_utils_registermap.h:63:15:virtual void RegisterMap::write(uint16_t, uint8_t*)	24	static
J:/work_dir/work_dir/projects/testbed/software/robots/firmwares/libraries/general/stm32_core_cpp_lib/communication/uart_interface/../../utils/core_utils_registermap.h:65:15:virtual void RegisterMap::addEntry(uint16_t, RegisterEntry*)	24	static
J:/work_dir/work_dir/projects/testbed/software/robots/firmwares/libraries/general/stm32_core_cpp_lib/communication/uart_interface/../../utils/core_utils_registermap.h:68:15:virtual bool RegisterMap::hasEntry(uint16_t)	16	static
J:/work_dir/work_dir/projects/testbed/software/robots/firmwares/libraries/general/stm32_core_cpp_lib/communication/uart_interface/../../utils/core_utils_registermap.h:71:18:virtual uint8_t RegisterMap::read(uint16_t, uint8_t*)	24	static
J:/work_dir/work_dir/projects/testbed/software/robots/firmwares/libraries/general/stm32_core_cpp_lib/communication/uart_interface/../../utils/core_utils_registermap.h:74:18:virtual uint8_t RegisterMap::getSize(uint16_t)	16	static
J:/work_dir/work_dir/projects/testbed/software/robots/firmwares/libraries/general/stm32_core_cpp_lib/communication/uart_interface/../../utils/core_utils_registermap.h:81:18:virtual uint8_t RegisterMap::execute(uint16_t, uint8_t*, uint8_t*)	24	static
J:/work_dir/work_dir/projects/testbed/software/robots/firmwares/libraries/general/stm32_core_cpp_lib/communication/uart_interface/../../utils/core_utils_registermap.h:85:18:virtual uint8_t RegisterMap::execute(uint16_t)	16	static
J:/work_dir/work_dir/projects/testbed/software/robots/firmwares/libraries/general/stm32_core_cpp_lib/communication/uart_interface/../../utils/core_utils_registermap.h:23:7:RegisterEntry::RegisterEntry()	16	static
J:/work_dir/work_dir/projects/testbed/software/robots/firmwares/libraries/general/stm32_core_cpp_lib/communication/uart_interface/../../utils/core_utils_Callback.h:14:7:constexpr Callback::Callback(Callback&&)	16	static
J:/work_dir/work_dir/projects/testbed/software/robots/firmwares/libraries/general/stm32_core_cpp_lib/communication/uart_interface/../../utils/core_utils_Callback.h:14:7:constexpr Callback& Callback::operator=(const Callback&)	16	static
J:/work_dir/work_dir/projects/testbed/software/robots/firmwares/libraries/general/stm32_core_cpp_lib/communication/uart_interface/../../utils/core_utils.h:23:13:void nop()	4	static
J:/work_dir/work_dir/projects/testbed/software/robots/firmwares/robots/TWIPR/firmware_v1/firmware.cpp:25:6:void firmware()	8	static
J:/work_dir/work_dir/projects/testbed/software/robots/firmwares/robots/TWIPR/firmware_v1/firmware.cpp:31:6:void firmware_task(void*)	24	static
J:/work_dir/work_dir/projects/testbed/software/robots/firmwares/robots/TWIPR/firmware_v1/firmware.hpp:35:16:twipr_firmware_register_entries_t::twipr_firmware_register_entries_t()	16	static
J:/work_dir/work_dir/projects/testbed/software/robots/firmwares/robots/TWIPR/firmware_v1/firmware.cpp:38:1:TWIPR_Firmware::TWIPR_Firmware()	16	static
J:/work_dir/work_dir/projects/testbed/software/robots/firmwares/robots/TWIPR/firmware_v1/firmware.cpp:43:6:void TWIPR_Firmware::task_function()	16	static
J:/work_dir/work_dir/projects/testbed/software/robots/firmwares/robots/TWIPR/firmware_v1/firmware.cpp:63:6:void TWIPR_Firmware::init()	280	static
J:/work_dir/work_dir/projects/testbed/software/robots/firmwares/robots/TWIPR/firmware_v1/firmware.cpp:168:6:void TWIPR_Firmware::start()	16	static
J:/work_dir/work_dir/projects/testbed/software/robots/firmwares/robots/TWIPR/firmware_v1/firmware.cpp:195:6:void TWIPR_Firmware::step()	16	static
J:/work_dir/work_dir/projects/testbed/software/robots/firmwares/robots/TWIPR/firmware_v1/firmware.cpp:218:6:void debug(uint8_t)	16	static
J:/work_dir/work_dir/projects/testbed/software/robots/firmwares/libraries/general/stm32_core_cpp_lib/communication/uart_interface/../../utils/core_utils_Callback.h:69:2:core_utils_Callback<R, void>::core_utils_Callback() [with R = void]	16	static
J:/work_dir/work_dir/projects/testbed/software/robots/firmwares/libraries/general/stm32_core_cpp_lib/communication/uart_interface/../../utils/core_utils_Callback.h:83:4:R core_utils_Callback<R, void>::call() [with R = void]	16	static
J:/work_dir/work_dir/projects/testbed/software/robots/firmwares/libraries/general/stm32_core_cpp_lib/communication/uart_interface/../../utils/core_utils_registermap.h:59:7:RegisterMap::RegisterMap()	16	static
J:/work_dir/work_dir/projects/testbed/software/robots/firmwares/libraries/general/stm32_core_cpp_lib/communication/uart_interface/../../utils/core_utils_registermap.h:97:2:core_utils_RegisterMap<size>::core_utils_RegisterMap(uint16_t) [with int size = 60]	16	static
J:/work_dir/work_dir/projects/testbed/software/robots/firmwares/libraries/general/stm32_core_cpp_lib/communication/uart_interface/../../utils/core_utils_registermap.h:177:2:core_utils_RegisterEntry<T>::core_utils_RegisterEntry() [with T = twipr_firmware_state_t]	56	static
J:/work_dir/work_dir/projects/testbed/software/robots/firmwares/libraries/general/stm32_core_cpp_lib/communication/uart_interface/../../utils/core_utils_registermap.h:394:2:core_utils_RegisterFunction<void, input_t>::core_utils_RegisterFunction() [with input_t = int [3]]	16	static
J:/work_dir/work_dir/projects/testbed/software/robots/firmwares/libraries/general/stm32_core_cpp_lib/communication/uart_interface/../../utils/core_utils_registermap.h:177:2:core_utils_RegisterEntry<T>::core_utils_RegisterEntry() [with T = long unsigned int]	56	static
J:/work_dir/work_dir/projects/testbed/software/robots/firmwares/libraries/general/stm32_core_cpp_lib/communication/uart_interface/../../utils/core_utils_registermap.h:394:2:core_utils_RegisterFunction<void, input_t>::core_utils_RegisterFunction() [with input_t = unsigned char]	16	static
J:/work_dir/work_dir/projects/testbed/software/robots/firmwares/libraries/general/stm32_core_cpp_lib/communication/uart_interface/../../utils/core_utils_registermap.h:203:7:void core_utils_RegisterEntry<T>::set(uint16_t, RegisterMap*, T*, register_entry_rw_t) [with T = twipr_firmware_state_t]	24	static
J:/work_dir/work_dir/projects/testbed/software/robots/firmwares/libraries/general/stm32_core_cpp_lib/communication/uart_interface/../../utils/core_utils_registermap.h:203:7:void core_utils_RegisterEntry<T>::set(uint16_t, RegisterMap*, T*, register_entry_rw_t) [with T = long unsigned int]	24	static
J:/work_dir/work_dir/projects/testbed/software/robots/firmwares/libraries/general/stm32_core_cpp_lib/communication/uart_interface/../../utils/core_utils_Callback.h:37:2:core_utils_Callback<R, A>::core_utils_Callback(R (*)(A)) [with R = void; A = unsigned char]	48	static
J:/work_dir/work_dir/projects/testbed/software/robots/firmwares/libraries/general/stm32_core_cpp_lib/communication/uart_interface/../../utils/core_utils_Callback.h:32:7:constexpr core_utils_Callback<void, unsigned char>& core_utils_Callback<void, unsigned char>::operator=(const core_utils_Callback<void, unsigned char>&)	24	static
J:/work_dir/work_dir/projects/testbed/software/robots/firmwares/libraries/general/stm32_core_cpp_lib/communication/uart_interface/../../utils/core_utils_registermap.h:413:7:void core_utils_RegisterFunction<void, input_t>::set(uint16_t, RegisterMap*, core_utils_Callback<void, input_t>) [with input_t = unsigned char]	24	static
J:/work_dir/work_dir/projects/testbed/software/robots/firmwares/libraries/general/stm32_core_cpp_lib/communication/uart_interface/../../utils/core_utils_functionpointer.h:118:2:core_utils_FunctionPointer<R, void>::core_utils_FunctionPointer(R (*)()) [with R = void]	16	static
J:/work_dir/work_dir/projects/testbed/software/robots/firmwares/libraries/general/stm32_core_cpp_lib/communication/uart_interface/../../utils/core_utils_functionpointer.h:171:7:R core_utils_FunctionPointer<R, void>::operator()() [with R = void]	16	static
J:/work_dir/work_dir/projects/testbed/software/robots/firmwares/libraries/general/stm32_core_cpp_lib/communication/uart_interface/../../utils/core_utils_Callback.h:34:2:core_utils_Callback<R, A>::core_utils_Callback() [with R = void; A = int [3]]	16	static
J:/work_dir/work_dir/projects/testbed/software/robots/firmwares/libraries/general/stm32_core_cpp_lib/communication/uart_interface/../../utils/core_utils_Callback.h:34:2:core_utils_Callback<R, A>::core_utils_Callback() [with R = void; A = unsigned char]	16	static
J:/work_dir/work_dir/projects/testbed/software/robots/firmwares/libraries/general/stm32_core_cpp_lib/communication/uart_interface/../../utils/core_utils_functionpointer.h:33:2:core_utils_FunctionPointer<R, A1>::core_utils_FunctionPointer(R (*)(A1)) [with R = void; A1 = unsigned char]	16	static
J:/work_dir/work_dir/projects/testbed/software/robots/firmwares/libraries/general/stm32_core_cpp_lib/communication/uart_interface/../../utils/core_utils_functionpointer.h:136:10:void core_utils_FunctionPointer<R, void>::attach(R (*)()) [with R = void]	16	static
J:/work_dir/work_dir/projects/testbed/software/robots/firmwares/libraries/general/stm32_core_cpp_lib/communication/uart_interface/../../utils/core_utils_functionpointer.h:155:7:R core_utils_FunctionPointer<R, void>::call() [with R = void]	16	static
J:/work_dir/work_dir/projects/testbed/software/robots/firmwares/libraries/general/stm32_core_cpp_lib/communication/uart_interface/../../utils/core_utils_functionpointer.h:33:2:core_utils_FunctionPointer<R, A1>::core_utils_FunctionPointer(R (*)(A1)) [with R = void; A1 = int [3]]	16	static
J:/work_dir/work_dir/projects/testbed/software/robots/firmwares/libraries/general/stm32_core_cpp_lib/communication/uart_interface/../../utils/core_utils_functionpointer.h:51:10:void core_utils_FunctionPointer<R, A1>::attach(R (*)(A1)) [with R = void; A1 = unsigned char]	16	static
J:/work_dir/work_dir/projects/testbed/software/robots/firmwares/libraries/general/stm32_core_cpp_lib/communication/uart_interface/../../utils/core_utils_functionpointer.h:51:10:void core_utils_FunctionPointer<R, A1>::attach(R (*)(A1)) [with R = void; A1 = int [3]]	16	static
J:/work_dir/work_dir/projects/testbed/software/robots/firmwares/robots/TWIPR/firmware_v1/firmware.cpp:221:1:void __static_initialization_and_destruction_0(int, int)	16	static
J:/work_dir/work_dir/projects/testbed/software/robots/firmwares/libraries/general/stm32_core_cpp_lib/communication/uart_interface/../../utils/core_utils_registermap.h:101:7:void core_utils_RegisterMap<size>::write(uint16_t, void*) [with int size = 60]	24	static
J:/work_dir/work_dir/projects/testbed/software/robots/firmwares/libraries/general/stm32_core_cpp_lib/communication/uart_interface/../../utils/core_utils_registermap.h:108:7:void core_utils_RegisterMap<size>::write(uint16_t, uint8_t*) [with int size = 60]	24	static
J:/work_dir/work_dir/projects/testbed/software/robots/firmwares/libraries/general/stm32_core_cpp_lib/communication/uart_interface/../../utils/core_utils_registermap.h:144:7:void core_utils_RegisterMap<size>::addEntry(uint16_t, RegisterEntry*) [with int size = 60]	24	static
J:/work_dir/work_dir/projects/testbed/software/robots/firmwares/libraries/general/stm32_core_cpp_lib/communication/uart_interface/../../utils/core_utils_registermap.h:148:7:bool core_utils_RegisterMap<size>::hasEntry(uint16_t) [with int size = 60]	16	static
J:/work_dir/work_dir/projects/testbed/software/robots/firmwares/libraries/general/stm32_core_cpp_lib/communication/uart_interface/../../utils/core_utils_registermap.h:115:10:uint8_t core_utils_RegisterMap<size>::read(uint16_t, uint8_t*) [with int size = 60]	24	static
J:/work_dir/work_dir/projects/testbed/software/robots/firmwares/libraries/general/stm32_core_cpp_lib/communication/uart_interface/../../utils/core_utils_registermap.h:156:10:uint8_t core_utils_RegisterMap<size>::getSize(uint16_t) [with int size = 60]	16	static
J:/work_dir/work_dir/projects/testbed/software/robots/firmwares/libraries/general/stm32_core_cpp_lib/communication/uart_interface/../../utils/core_utils_registermap.h:161:22:register_entry_type core_utils_RegisterMap<size>::getType(uint16_t) [with int size = 60]	16	static
J:/work_dir/work_dir/projects/testbed/software/robots/firmwares/libraries/general/stm32_core_cpp_lib/communication/uart_interface/../../utils/core_utils_registermap.h:164:22:register_entry_rw_t core_utils_RegisterMap<size>::getReadWriteSetting(uint16_t) [with int size = 60]	16	static
J:/work_dir/work_dir/projects/testbed/software/robots/firmwares/libraries/general/stm32_core_cpp_lib/communication/uart_interface/../../utils/core_utils_registermap.h:123:10:uint8_t core_utils_RegisterMap<size>::execute(uint16_t, uint8_t*, uint8_t*) [with int size = 60]	24	static
J:/work_dir/work_dir/projects/testbed/software/robots/firmwares/libraries/general/stm32_core_cpp_lib/communication/uart_interface/../../utils/core_utils_registermap.h:132:10:uint8_t core_utils_RegisterMap<size>::execute(uint16_t) [with int size = 60]	16	static
J:/work_dir/work_dir/projects/testbed/software/robots/firmwares/libraries/general/stm32_core_cpp_lib/communication/uart_interface/../../utils/core_utils_registermap.h:444:10:uint8_t core_utils_RegisterFunction<void, input_t>::getSize() [with input_t = unsigned char]	16	static
J:/work_dir/work_dir/projects/testbed/software/robots/firmwares/libraries/general/stm32_core_cpp_lib/communication/uart_interface/../../utils/core_utils_registermap.h:448:10:uint8_t core_utils_RegisterFunction<void, input_t>::getInputSize() [with input_t = unsigned char]	16	static
J:/work_dir/work_dir/projects/testbed/software/robots/firmwares/libraries/general/stm32_core_cpp_lib/communication/uart_interface/../../utils/core_utils_registermap.h:453:10:uint8_t core_utils_RegisterFunction<void, input_t>::getOutputSize() [with input_t = unsigned char]	16	static
J:/work_dir/work_dir/projects/testbed/software/robots/firmwares/libraries/general/stm32_core_cpp_lib/communication/uart_interface/../../utils/core_utils_registermap.h:436:10:uint8_t core_utils_RegisterFunction<void, input_t>::execute(uint8_t*, uint8_t*) [with input_t = unsigned char]	32	static
J:/work_dir/work_dir/projects/testbed/software/robots/firmwares/libraries/general/stm32_core_cpp_lib/communication/uart_interface/../../utils/core_utils_registermap.h:457:22:register_entry_type core_utils_RegisterFunction<void, input_t>::getType() [with input_t = unsigned char]	16	static
J:/work_dir/work_dir/projects/testbed/software/robots/firmwares/libraries/general/stm32_core_cpp_lib/communication/uart_interface/../../utils/core_utils_registermap.h:461:22:register_entry_rw_t core_utils_RegisterFunction<void, input_t>::getReadWriteSetting() [with input_t = unsigned char]	16	static
J:/work_dir/work_dir/projects/testbed/software/robots/firmwares/libraries/general/stm32_core_cpp_lib/communication/uart_interface/../../utils/core_utils_registermap.h:228:7:void core_utils_RegisterEntry<T>::write(void*) [with T = long unsigned int]	24	static
J:/work_dir/work_dir/projects/testbed/software/robots/firmwares/libraries/general/stm32_core_cpp_lib/communication/uart_interface/../../utils/core_utils_registermap.h:238:7:void core_utils_RegisterEntry<T>::write(uint8_t*) [with T = long unsigned int]	24	static
J:/work_dir/work_dir/projects/testbed/software/robots/firmwares/libraries/general/stm32_core_cpp_lib/communication/uart_interface/../../utils/core_utils_registermap.h:248:10:uint8_t core_utils_RegisterEntry<T>::readBytes(uint8_t*) [with T = long unsigned int]	24	static
J:/work_dir/work_dir/projects/testbed/software/robots/firmwares/libraries/general/stm32_core_cpp_lib/communication/uart_interface/../../utils/core_utils_registermap.h:268:10:uint8_t core_utils_RegisterEntry<T>::getSize() [with T = long unsigned int]	16	static
J:/work_dir/work_dir/projects/testbed/software/robots/firmwares/libraries/general/stm32_core_cpp_lib/communication/uart_interface/../../utils/core_utils_registermap.h:272:22:register_entry_type core_utils_RegisterEntry<T>::getType() [with T = long unsigned int]	16	static
J:/work_dir/work_dir/projects/testbed/software/robots/firmwares/libraries/general/stm32_core_cpp_lib/communication/uart_interface/../../utils/core_utils_registermap.h:275:22:register_entry_rw_t core_utils_RegisterEntry<T>::getReadWriteSetting() [with T = long unsigned int]	16	static
J:/work_dir/work_dir/projects/testbed/software/robots/firmwares/libraries/general/stm32_core_cpp_lib/communication/uart_interface/../../utils/core_utils_registermap.h:444:10:uint8_t core_utils_RegisterFunction<void, input_t>::getSize() [with input_t = int [3]]	16	static
J:/work_dir/work_dir/projects/testbed/software/robots/firmwares/libraries/general/stm32_core_cpp_lib/communication/uart_interface/../../utils/core_utils_registermap.h:448:10:uint8_t core_utils_RegisterFunction<void, input_t>::getInputSize() [with input_t = int [3]]	16	static
J:/work_dir/work_dir/projects/testbed/software/robots/firmwares/libraries/general/stm32_core_cpp_lib/communication/uart_interface/../../utils/core_utils_registermap.h:453:10:uint8_t core_utils_RegisterFunction<void, input_t>::getOutputSize() [with input_t = int [3]]	16	static
J:/work_dir/work_dir/projects/testbed/software/robots/firmwares/libraries/general/stm32_core_cpp_lib/communication/uart_interface/../../utils/core_utils_registermap.h:436:10:uint8_t core_utils_RegisterFunction<void, input_t>::execute(uint8_t*, uint8_t*) [with input_t = int [3]]	32	static
J:/work_dir/work_dir/projects/testbed/software/robots/firmwares/libraries/general/stm32_core_cpp_lib/communication/uart_interface/../../utils/core_utils_registermap.h:457:22:register_entry_type core_utils_RegisterFunction<void, input_t>::getType() [with input_t = int [3]]	16	static
J:/work_dir/work_dir/projects/testbed/software/robots/firmwares/libraries/general/stm32_core_cpp_lib/communication/uart_interface/../../utils/core_utils_registermap.h:461:22:register_entry_rw_t core_utils_RegisterFunction<void, input_t>::getReadWriteSetting() [with input_t = int [3]]	16	static
J:/work_dir/work_dir/projects/testbed/software/robots/firmwares/libraries/general/stm32_core_cpp_lib/communication/uart_interface/../../utils/core_utils_registermap.h:228:7:void core_utils_RegisterEntry<T>::write(void*) [with T = twipr_firmware_state_t]	24	static
J:/work_dir/work_dir/projects/testbed/software/robots/firmwares/libraries/general/stm32_core_cpp_lib/communication/uart_interface/../../utils/core_utils_registermap.h:238:7:void core_utils_RegisterEntry<T>::write(uint8_t*) [with T = twipr_firmware_state_t]	24	static
J:/work_dir/work_dir/projects/testbed/software/robots/firmwares/libraries/general/stm32_core_cpp_lib/communication/uart_interface/../../utils/core_utils_registermap.h:248:10:uint8_t core_utils_RegisterEntry<T>::readBytes(uint8_t*) [with T = twipr_firmware_state_t]	24	static
J:/work_dir/work_dir/projects/testbed/software/robots/firmwares/libraries/general/stm32_core_cpp_lib/communication/uart_interface/../../utils/core_utils_registermap.h:268:10:uint8_t core_utils_RegisterEntry<T>::getSize() [with T = twipr_firmware_state_t]	16	static
J:/work_dir/work_dir/projects/testbed/software/robots/firmwares/libraries/general/stm32_core_cpp_lib/communication/uart_interface/../../utils/core_utils_registermap.h:272:22:register_entry_type core_utils_RegisterEntry<T>::getType() [with T = twipr_firmware_state_t]	16	static
J:/work_dir/work_dir/projects/testbed/software/robots/firmwares/libraries/general/stm32_core_cpp_lib/communication/uart_interface/../../utils/core_utils_registermap.h:275:22:register_entry_rw_t core_utils_RegisterEntry<T>::getReadWriteSetting() [with T = twipr_firmware_state_t]	16	static
J:/work_dir/work_dir/projects/testbed/software/robots/firmwares/libraries/general/stm32_core_cpp_lib/communication/uart_interface/../../utils/core_utils_registermap.h:429:7:void core_utils_RegisterFunction<void, input_t>::execute(input_t) [with input_t = unsigned char]	16	static
J:/work_dir/work_dir/projects/testbed/software/robots/firmwares/libraries/general/stm32_core_cpp_lib/communication/uart_interface/../../utils/core_utils_registermap.h:220:7:void core_utils_RegisterEntry<T>::write(T) [with T = long unsigned int]	16	static
J:/work_dir/work_dir/projects/testbed/software/robots/firmwares/libraries/general/stm32_core_cpp_lib/communication/uart_interface/../../utils/core_utils_registermap.h:429:7:void core_utils_RegisterFunction<void, input_t>::execute(input_t) [with input_t = int [3]]	16	static
J:/work_dir/work_dir/projects/testbed/software/robots/firmwares/libraries/general/stm32_core_cpp_lib/communication/uart_interface/../../utils/core_utils_registermap.h:220:7:void core_utils_RegisterEntry<T>::write(T) [with T = twipr_firmware_state_t]	16	static
J:/work_dir/work_dir/projects/testbed/software/robots/firmwares/libraries/general/stm32_core_cpp_lib/communication/uart_interface/../../utils/core_utils_Callback.h:48:4:R core_utils_Callback<R, A>::call(A) [with R = void; A = unsigned char]	16	static
J:/work_dir/work_dir/projects/testbed/software/robots/firmwares/libraries/general/stm32_core_cpp_lib/communication/uart_interface/../../utils/core_utils_Callback.h:48:4:R core_utils_Callback<R, A>::call(A) [with R = void; A = int [3]]	16	static
J:/work_dir/work_dir/projects/testbed/software/robots/firmwares/libraries/general/stm32_core_cpp_lib/communication/uart_interface/../../utils/core_utils_functionpointer.h:86:7:R core_utils_FunctionPointer<R, A1>::operator()(A1) [with R = void; A1 = unsigned char]	16	static
J:/work_dir/work_dir/projects/testbed/software/robots/firmwares/libraries/general/stm32_core_cpp_lib/communication/uart_interface/../../utils/core_utils_functionpointer.h:86:7:R core_utils_FunctionPointer<R, A1>::operator()(A1) [with R = void; A1 = int [3]]	16	static
J:/work_dir/work_dir/projects/testbed/software/robots/firmwares/libraries/general/stm32_core_cpp_lib/communication/uart_interface/../../utils/core_utils_functionpointer.h:70:7:R core_utils_FunctionPointer<R, A1>::call(A1) [with R = void; A1 = unsigned char]	16	static
J:/work_dir/work_dir/projects/testbed/software/robots/firmwares/libraries/general/stm32_core_cpp_lib/communication/uart_interface/../../utils/core_utils_functionpointer.h:70:7:R core_utils_FunctionPointer<R, A1>::call(A1) [with R = void; A1 = int [3]]	16	static
J:/work_dir/work_dir/projects/testbed/software/robots/firmwares/robots/TWIPR/firmware_v1/firmware.cpp:221:1:cpp)	8	static
