/Users/lehmann/work_dir/work_dir/projects/testbed/software/robots/software_board/libraries/general/stm32_core_cpp_lib/communication/uart_interface/core_comm_SerialProtocol.cpp:10:6:void core_comm_SerialMessage::copyTo(core_comm_SerialMessage*)	24	static
/Users/lehmann/work_dir/work_dir/projects/testbed/software/robots/software_board/libraries/general/stm32_core_cpp_lib/communication/uart_interface/core_comm_SerialProtocol.cpp:22:9:uint8_t core_comm_SerialMessage::encode(uint8_t*)	24	static
/Users/lehmann/work_dir/work_dir/projects/testbed/software/robots/software_board/libraries/general/stm32_core_cpp_lib/communication/uart_interface/core_comm_SerialProtocol.cpp:40:6:void core_comm_SerialMessage::encode(Buffer*)	24	static
/Users/lehmann/work_dir/work_dir/projects/testbed/software/robots/software_board/libraries/general/stm32_core_cpp_lib/communication/uart_interface/core_comm_SerialProtocol.cpp:58:9:uint8_t core_comm_SerialMessage::check(uint8_t*, uint16_t)	32	static
/Users/lehmann/work_dir/work_dir/projects/testbed/software/robots/software_board/libraries/general/stm32_core_cpp_lib/communication/uart_interface/core_comm_SerialProtocol.cpp:84:9:uint8_t core_comm_SerialMessage::check(Buffer*)	16	static
/Users/lehmann/work_dir/work_dir/projects/testbed/software/robots/software_board/libraries/general/stm32_core_cpp_lib/communication/uart_interface/core_comm_SerialProtocol.cpp:88:9:uint8_t core_comm_SerialMessage::decode(uint8_t*, uint16_t)	32	static
/Users/lehmann/work_dir/work_dir/projects/testbed/software/robots/software_board/libraries/general/stm32_core_cpp_lib/communication/uart_interface/core_comm_SerialProtocol.cpp:115:9:uint8_t core_comm_SerialMessage::decode(Buffer*)	16	static
