J:/work_dir/work_dir/projects/testbed/software/robots/software_board/board_manager_mcu/rc_board-extender_firmware/firmware/utils/elapsedMillis.h:19:7:void elapsedMillis::reset()	16	static
J:/work_dir/work_dir/projects/testbed/software/robots/software_board/board_manager_mcu/rc_board-extender_firmware/firmware/utils/elapsedMillis.h:22:2:elapsedMillis::elapsedMillis()	16	static
J:/work_dir/work_dir/projects/testbed/software/robots/software_board/board_manager_mcu/rc_board-extender_firmware/firmware/utils/elapsedMillis.h:25:2:elapsedMillis::elapsedMillis(long unsigned int)	16	static
J:/work_dir/work_dir/projects/testbed/software/robots/software_board/board_manager_mcu/rc_board-extender_firmware/firmware/utils/elapsedMillis.h:31:2:elapsedMillis::operator long unsigned int() const	16	static
J:/work_dir/work_dir/projects/testbed/software/robots/software_board/board_manager_mcu/rc_board-extender_firmware/firmware/utils/elapsedMillis.h:38:18:elapsedMillis& elapsedMillis::operator=(long unsigned int)	16	static
../firmware/firmware.cpp:36:6:void firmware_init()	8	static
../firmware/firmware.cpp:77:6:void firmware_update()	8	static
../firmware/firmware.cpp:103:6:void checkUsb()	8	static
../firmware/firmware.cpp:112:6:void checkSD()	8	static
../firmware/firmware.cpp:121:6:void updateStatusLEDFromRegisters()	16	static
../firmware/firmware.cpp:141:6:void updateInternRGBLEDsFromRegisters()	40	static
../firmware/firmware.cpp:169:6:void updateBuzzerFromRegisters()	16	static
../firmware/firmware.cpp:185:6:void set_rgb_led_data(WS2812_LED*, uint8_t, uint8_t, uint8_t, uint8_t, uint8_t, uint8_t)	32	static
../firmware/firmware.cpp:226:1:void __static_initialization_and_destruction_0(int, int)	24	static
../firmware/firmware.cpp:226:1:cpp)	8	static
