Archive member included to satisfy reference by file (symbol)

C:/ST/STM32CubeIDE_1.13.2/STM32CubeIDE/plugins/com.st.stm32cube.ide.mcu.externaltools.gnu-tools-for-stm32.11.3.rel1.win32_1.1.100.202309141235/tools/bin/../lib/gcc/arm-none-eabi/11.3.1/../../../../arm-none-eabi/lib/thumb/v6-m/nofp\libc_nano.a(libc_a-exit.o)
                              C:/ST/STM32CubeIDE_1.13.2/STM32CubeIDE/plugins/com.st.stm32cube.ide.mcu.externaltools.gnu-tools-for-stm32.11.3.rel1.win32_1.1.100.202309141235/tools/bin/../lib/gcc/arm-none-eabi/11.3.1/../../../../arm-none-eabi/lib/thumb/v6-m/nofp/crt0.o (exit)
C:/ST/STM32CubeIDE_1.13.2/STM32CubeIDE/plugins/com.st.stm32cube.ide.mcu.externaltools.gnu-tools-for-stm32.11.3.rel1.win32_1.1.100.202309141235/tools/bin/../lib/gcc/arm-none-eabi/11.3.1/../../../../arm-none-eabi/lib/thumb/v6-m/nofp\libc_nano.a(libc_a-findfp.o)
                              C:/ST/STM32CubeIDE_1.13.2/STM32CubeIDE/plugins/com.st.stm32cube.ide.mcu.externaltools.gnu-tools-for-stm32.11.3.rel1.win32_1.1.100.202309141235/tools/bin/../lib/gcc/arm-none-eabi/11.3.1/../../../../arm-none-eabi/lib/thumb/v6-m/nofp\libc_nano.a(libc_a-exit.o) (__stdio_exit_handler)
C:/ST/STM32CubeIDE_1.13.2/STM32CubeIDE/plugins/com.st.stm32cube.ide.mcu.externaltools.gnu-tools-for-stm32.11.3.rel1.win32_1.1.100.202309141235/tools/bin/../lib/gcc/arm-none-eabi/11.3.1/../../../../arm-none-eabi/lib/thumb/v6-m/nofp\libc_nano.a(libc_a-fwalk.o)
                              C:/ST/STM32CubeIDE_1.13.2/STM32CubeIDE/plugins/com.st.stm32cube.ide.mcu.externaltools.gnu-tools-for-stm32.11.3.rel1.win32_1.1.100.202309141235/tools/bin/../lib/gcc/arm-none-eabi/11.3.1/../../../../arm-none-eabi/lib/thumb/v6-m/nofp\libc_nano.a(libc_a-findfp.o) (_fwalk_sglue)
C:/ST/STM32CubeIDE_1.13.2/STM32CubeIDE/plugins/com.st.stm32cube.ide.mcu.externaltools.gnu-tools-for-stm32.11.3.rel1.win32_1.1.100.202309141235/tools/bin/../lib/gcc/arm-none-eabi/11.3.1/../../../../arm-none-eabi/lib/thumb/v6-m/nofp\libc_nano.a(libc_a-stdio.o)
                              C:/ST/STM32CubeIDE_1.13.2/STM32CubeIDE/plugins/com.st.stm32cube.ide.mcu.externaltools.gnu-tools-for-stm32.11.3.rel1.win32_1.1.100.202309141235/tools/bin/../lib/gcc/arm-none-eabi/11.3.1/../../../../arm-none-eabi/lib/thumb/v6-m/nofp\libc_nano.a(libc_a-findfp.o) (__sread)
C:/ST/STM32CubeIDE_1.13.2/STM32CubeIDE/plugins/com.st.stm32cube.ide.mcu.externaltools.gnu-tools-for-stm32.11.3.rel1.win32_1.1.100.202309141235/tools/bin/../lib/gcc/arm-none-eabi/11.3.1/../../../../arm-none-eabi/lib/thumb/v6-m/nofp\libc_nano.a(libc_a-memset.o)
                              C:/ST/STM32CubeIDE_1.13.2/STM32CubeIDE/plugins/com.st.stm32cube.ide.mcu.externaltools.gnu-tools-for-stm32.11.3.rel1.win32_1.1.100.202309141235/tools/bin/../lib/gcc/arm-none-eabi/11.3.1/../../../../arm-none-eabi/lib/thumb/v6-m/nofp/crt0.o (memset)
C:/ST/STM32CubeIDE_1.13.2/STM32CubeIDE/plugins/com.st.stm32cube.ide.mcu.externaltools.gnu-tools-for-stm32.11.3.rel1.win32_1.1.100.202309141235/tools/bin/../lib/gcc/arm-none-eabi/11.3.1/../../../../arm-none-eabi/lib/thumb/v6-m/nofp\libc_nano.a(libc_a-closer.o)
                              C:/ST/STM32CubeIDE_1.13.2/STM32CubeIDE/plugins/com.st.stm32cube.ide.mcu.externaltools.gnu-tools-for-stm32.11.3.rel1.win32_1.1.100.202309141235/tools/bin/../lib/gcc/arm-none-eabi/11.3.1/../../../../arm-none-eabi/lib/thumb/v6-m/nofp\libc_nano.a(libc_a-stdio.o) (_close_r)
C:/ST/STM32CubeIDE_1.13.2/STM32CubeIDE/plugins/com.st.stm32cube.ide.mcu.externaltools.gnu-tools-for-stm32.11.3.rel1.win32_1.1.100.202309141235/tools/bin/../lib/gcc/arm-none-eabi/11.3.1/../../../../arm-none-eabi/lib/thumb/v6-m/nofp\libc_nano.a(libc_a-reent.o)
                              C:/ST/STM32CubeIDE_1.13.2/STM32CubeIDE/plugins/com.st.stm32cube.ide.mcu.externaltools.gnu-tools-for-stm32.11.3.rel1.win32_1.1.100.202309141235/tools/bin/../lib/gcc/arm-none-eabi/11.3.1/../../../../arm-none-eabi/lib/thumb/v6-m/nofp\libc_nano.a(libc_a-closer.o) (errno)
C:/ST/STM32CubeIDE_1.13.2/STM32CubeIDE/plugins/com.st.stm32cube.ide.mcu.externaltools.gnu-tools-for-stm32.11.3.rel1.win32_1.1.100.202309141235/tools/bin/../lib/gcc/arm-none-eabi/11.3.1/../../../../arm-none-eabi/lib/thumb/v6-m/nofp\libc_nano.a(libc_a-impure.o)
                              C:/ST/STM32CubeIDE_1.13.2/STM32CubeIDE/plugins/com.st.stm32cube.ide.mcu.externaltools.gnu-tools-for-stm32.11.3.rel1.win32_1.1.100.202309141235/tools/bin/../lib/gcc/arm-none-eabi/11.3.1/../../../../arm-none-eabi/lib/thumb/v6-m/nofp\libc_nano.a(libc_a-reent.o) (_impure_ptr)
C:/ST/STM32CubeIDE_1.13.2/STM32CubeIDE/plugins/com.st.stm32cube.ide.mcu.externaltools.gnu-tools-for-stm32.11.3.rel1.win32_1.1.100.202309141235/tools/bin/../lib/gcc/arm-none-eabi/11.3.1/../../../../arm-none-eabi/lib/thumb/v6-m/nofp\libc_nano.a(libc_a-lseekr.o)
[...]
Memory Configuration

Name             Origin             Length             Attributes
RAM              0x0000000020000000 0x0000000000002000 xrw
FLASH            0x0000000008000000 0x0000000000010000 xr
*default*        0x0000000000000000 0xffffffffffffffff

Linker script and memory map

LOAD C:/ST/STM32CubeIDE_1.13.2/STM32CubeIDE/plugins/com.st.stm32cube.ide.mcu.externaltools.gnu-tools-for-stm32.11.3.rel1.win32_1.1.100.202309141235/tools/bin/../lib/gcc/arm-none-eabi/11.3.1/thumb/v6-m/nofp/crti.o
LOAD C:/ST/STM32CubeIDE_1.13.2/STM32CubeIDE/plugins/com.st.stm32cube.ide.mcu.externaltools.gnu-tools-for-stm32.11.3.rel1.win32_1.1.100.202309141235/tools/bin/../lib/gcc/arm-none-eabi/11.3.1/thumb/v6-m/nofp/crtbegin.o
LOAD C:/ST/STM32CubeIDE_1.13.2/STM32CubeIDE/plugins/com.st.stm32cube.ide.mcu.externaltools.gnu-tools-for-stm32.11.3.rel1.win32_1.1.100.202309141235/tools/bin/../lib/gcc/arm-none-eabi/11.3.1/../../../../arm-none-eabi/lib/thumb/v6-m/nofp/crt0.o
LOAD ./Core/Src/main.o
LOAD ./Core/Src/stm32g0xx_hal_msp.o
LOAD ./Core/Src/stm32g0xx_it.o
LOAD ./Core/Src/syscalls.o
LOAD ./Core/Src/sysmem.o
LOAD ./Core/Src/system_stm32g0xx.o
LOAD ./Core/Startup/startup_stm32g031g8ux.o
LOAD ./Drivers/STM32G0xx_HAL_Driver/Src/stm32g0xx_hal.o
LOAD ./Drivers/STM32G0xx_HAL_Driver/Src/stm32g0xx_hal_adc.o
LOAD ./Drivers/STM32G0xx_HAL_Driver/Src/stm32g0xx_hal_adc_ex.o
LOAD ./Drivers/STM32G0xx_HAL_Driver/Src/stm32g0xx_hal_cortex.o
LOAD ./Drivers/STM32G0xx_HAL_Driver/Src/stm32g0xx_hal_dma.o
LOAD ./Drivers/STM32G0xx_HAL_Driver/Src/stm32g0xx_hal_dma_ex.o
LOAD ./Drivers/STM32G0xx_HAL_Driver/Src/stm32g0xx_hal_exti.o
LOAD ./Drivers/STM32G0xx_HAL_Driver/Src/stm32g0xx_hal_flash.o
LOAD ./Drivers/STM32G0xx_HAL_Driver/Src/stm32g0xx_hal_flash_ex.o
LOAD ./Drivers/STM32G0xx_HAL_Driver/Src/stm32g0xx_hal_gpio.o
LOAD ./Drivers/STM32G0xx_HAL_Driver/Src/stm32g0xx_hal_i2c.o
LOAD ./Drivers/STM32G0xx_HAL_Driver/Src/stm32g0xx_hal_i2c_ex.o
LOAD ./Drivers/STM32G0xx_HAL_Driver/Src/stm32g0xx_hal_pwr.o
LOAD ./Drivers/STM32G0xx_HAL_Driver/Src/stm32g0xx_hal_pwr_ex.o
LOAD ./Drivers/STM32G0xx_HAL_Driver/Src/stm32g0xx_hal_rcc.o
LOAD ./Drivers/STM32G0xx_HAL_Driver/Src/stm32g0xx_hal_rcc_ex.o
LOAD ./Drivers/STM32G0xx_HAL_Driver/Src/stm32g0xx_hal_tim.o
LOAD ./Drivers/STM32G0xx_HAL_Driver/Src/stm32g0xx_hal_tim_ex.o
LOAD ./Drivers/STM32G0xx_HAL_Driver/Src/stm32g0xx_ll_adc.o
LOAD ./Drivers/STM32G0xx_HAL_Driver/Src/stm32g0xx_ll_dma.o
LOAD ./Drivers/STM32G0xx_HAL_Driver/Src/stm32g0xx_ll_rcc.o
LOAD ./firmware/buzzer/buzzer.o
LOAD ./firmware/callbacks/callback.o
LOAD ./firmware/eeprom/eeprom.o
LOAD ./firmware/firmware.o
LOAD ./firmware/registers.o
LOAD ./firmware/i2c/i2c_slave.o
LOAD ./firmware/led/led.o
LOAD ./firmware/neopixel/ws2812.o
LOAD ./firmware/utils/elapsedMillis.o
START GROUP
LOAD C:/ST/STM32CubeIDE_1.13.2/STM32CubeIDE/plugins/com.st.stm32cube.ide.mcu.externaltools.gnu-tools-for-stm32.11.3.rel1.win32_1.1.100.202309141235/tools/bin/../lib/gcc/arm-none-eabi/11.3.1/../../../../arm-none-eabi/lib/thumb/v6-m/nofp\libstdc++_nano.a
LOAD C:/ST/STM32CubeIDE_1.13.2/STM32CubeIDE/plugins/com.st.stm32cube.ide.mcu.externaltools.gnu-tools-for-stm32.11.3.rel1.win32_1.1.100.202309141235/tools/bin/../lib/gcc/arm-none-eabi/11.3.1/../../../../arm-none-eabi/lib/thumb/v6-m/nofp\libsupc++_nano.a
END GROUP
LOAD C:/ST/STM32CubeIDE_1.13.2/STM32CubeIDE/plugins/com.st.stm32cube.ide.mcu.externaltools.gnu-tools-for-stm32.11.3.rel1.win32_1.1.100.202309141235/tools/bin/../lib/gcc/arm-none-eabi/11.3.1/../../../../arm-none-eabi/lib/thumb/v6-m/nofp\libstdc++_nano.a
LOAD C:/ST/STM32CubeIDE_1.13.2/STM32CubeIDE/plugins/com.st.stm32cube.ide.mcu.externaltools.gnu-tools-for-stm32.11.3.rel1.win32_1.1.100.202309141235/tools/bin/../lib/gcc/arm-none-eabi/11.3.1/../../../../arm-none-eabi/lib/thumb/v6-m/nofp\libm.a
LOAD C:/ST/STM32CubeIDE_1.13.2/STM32CubeIDE/plugins/com.st.stm32cube.ide.mcu.externaltools.gnu-tools-for-stm32.11.3.rel1.win32_1.1.100.202309141235/tools/bin/../lib/gcc/arm-none-eabi/11.3.1/../../../../arm-none-eabi/lib/thumb/v6-m/nofp\libc_nano.a
START GROUP
LOAD C:/ST/STM32CubeIDE_1.13.2/STM32CubeIDE/plugins/com.st.stm32cube.ide.mcu.externaltools.gnu-tools-for-stm32.11.3.rel1.win32_1.1.100.202309141235/tools/bin/../lib/gcc/arm-none-eabi/11.3.1/thumb/v6-m/nofp\libgcc.a
LOAD C:/ST/STM32CubeIDE_1.13.2/STM32CubeIDE/plugins/com.st.stm32cube.ide.mcu.externaltools.gnu-tools-for-stm32.11.3.rel1.win32_1.1.100.202309141235/tools/bin/../lib/gcc/arm-none-eabi/11.3.1/../../../../arm-none-eabi/lib/thumb/v6-m/nofp\libc_nano.a
END GROUP
START GROUP
LOAD C:/ST/STM32CubeIDE_1.13.2/STM32CubeIDE/plugins/com.st.stm32cube.ide.mcu.externaltools.gnu-tools-for-stm32.11.3.rel1.win32_1.1.100.202309141235/tools/bin/../lib/gcc/arm-none-eabi/11.3.1/thumb/v6-m/nofp\libgcc.a
LOAD C:/ST/STM32CubeIDE_1.13.2/STM32CubeIDE/plugins/com.st.stm32cube.ide.mcu.externaltools.gnu-tools-for-stm32.11.3.rel1.win32_1.1.100.202309141235/tools/bin/../lib/gcc/arm-none-eabi/11.3.1/../../../../arm-none-eabi/lib/thumb/v6-m/nofp\libc_nano.a
LOAD C:/ST/STM32CubeIDE_1.13.2/STM32CubeIDE/plugins/com.st.stm32cube.ide.mcu.externaltools.gnu-tools-for-stm32.11.3.rel1.win32_1.1.100.202309141235/tools/bin/../lib/gcc/arm-none-eabi/11.3.1/../../../../arm-none-eabi/lib/thumb/v6-m/nofp\libnosys.a
END GROUP
START GROUP
LOAD C:/ST/STM32CubeIDE_1.13.2/STM32CubeIDE/plugins/com.st.stm32cube.ide.mcu.externaltools.gnu-tools-for-stm32.11.3.rel1.win32_1.1.100.202309141235/tools/bin/../lib/gcc/arm-none-eabi/11.3.1/thumb/v6-m/nofp\libgcc.a
LOAD C:/ST/STM32CubeIDE_1.13.2/STM32CubeIDE/plugins/com.st.stm32cube.ide.mcu.externaltools.gnu-tools-for-stm32.11.3.rel1.win32_1.1.100.202309141235/tools/bin/../lib/gcc/arm-none-eabi/11.3.1/../../../../arm-none-eabi/lib/thumb/v6-m/nofp\libc_nano.a
LOAD C:/ST/STM32CubeIDE_1.13.2/STM32CubeIDE/plugins/com.st.stm32cube.ide.mcu.externaltools.gnu-tools-for-stm32.11.3.rel1.win32_1.1.100.202309141235/tools/bin/../lib/gcc/arm-none-eabi/11.3.1/../../../../arm-none-eabi/lib/thumb/v6-m/nofp\libnosys.a
END GROUP
LOAD C:/ST/STM32CubeIDE_1.13.2/STM32CubeIDE/plugins/com.st.stm32cube.ide.mcu.externaltools.gnu-tools-for-stm32.11.3.rel1.win32_1.1.100.202309141235/tools/bin/../lib/gcc/arm-none-eabi/11.3.1/thumb/v6-m/nofp/crtend.o
LOAD C:/ST/STM32CubeIDE_1.13.2/STM32CubeIDE/plugins/com.st.stm32cube.ide.mcu.externaltools.gnu-tools-for-stm32.11.3.rel1.win32_1.1.100.202309141235/tools/bin/../lib/gcc/arm-none-eabi/11.3.1/thumb/v6-m/nofp/crtn.o
                0x0000000020002000                _estack = (ORIGIN (RAM) + LENGTH (RAM))
                0x0000000000000200                _Min_Heap_Size = 0x200
                0x0000000000000400                _Min_Stack_Size = 0x400

.isr_vector     0x0000000008000000       0xbc
                0x0000000008000000                . = ALIGN (0x4)
 *(.isr_vector)
 .isr_vector    0x0000000008000000       0xbc ./Core/Startup/startup_stm32g031g8ux.o
                0x0000000008000000                g_pfnVectors
                0x00000000080000bc                . = ALIGN (0x4)

.text           0x00000000080000bc     0x8158
                0x00000000080000bc                . = ALIGN (0x4)
 *(.text)
 .text          0x00000000080000bc       0x48 C:/ST/STM32CubeIDE_1.13.2/STM32CubeIDE/plugins/com.st.stm32cube.ide.mcu.externaltools.gnu-tools-for-stm32.11.3.rel1.win32_1.1.100.202309141235/tools/bin/../lib/gcc/arm-none-eabi/11.3.1/thumb/v6-m/nofp/crtbegin.o
 .text          0x0000000008000104      0x114 C:/ST/STM32CubeIDE_1.13.2/STM32CubeIDE/plugins/com.st.stm32cube.ide.mcu.externaltools.gnu-tools-for-stm32.11.3.rel1.win32_1.1.100.202309141235/tools/bin/../lib/gcc/arm-none-eabi/11.3.1/thumb/v6-m/nofp\libgcc.a(_udivsi3.o)
                0x0000000008000104                __aeabi_uidiv
                0x0000000008000104                __udivsi3
                0x0000000008000210                __aeabi_uidivmod
 .text          0x0000000008000218        0x4 C:/ST/STM32CubeIDE_1.13.2/STM32CubeIDE/plugins/com.st.stm32cube.ide.mcu.externaltools.gnu-tools-for-stm32.11.3.rel1.win32_1.1.100.202309141235/tools/bin/../lib/gcc/arm-none-eabi/11.3.1/thumb/v6-m/nofp\libgcc.a(_dvmd_tls.o)
                0x0000000008000218                __aeabi_idiv0
                0x0000000008000218                __aeabi_ldiv0
 .text          0x000000000800021c       0x30 C:/ST/STM32CubeIDE_1.13.2/STM32CubeIDE/plugins/com.st.stm32cube.ide.mcu.externaltools.gnu-tools-for-stm32.11.3.rel1.win32_1.1.100.202309141235/tools/bin/../lib/gcc/arm-none-eabi/11.3.1/thumb/v6-m/nofp\libgcc.a(_fixunssfsi.o)
                0x000000000800021c                __fixunssfsi
                0x000000000800021c                __aeabi_f2uiz
 .text          0x000000000800024c      0x340 C:/ST/STM32CubeIDE_1.13.2/STM32CubeIDE/plugins/com.st.stm32cube.ide.mcu.externaltools.gnu-tools-for-stm32.11.3.rel1.win32_1.1.100.202309141235/tools/bin/../lib/gcc/arm-none-eabi/11.3.1/thumb/v6-m/nofp\libgcc.a(addsf3.o)
                0x000000000800024c                __aeabi_fadd
 .text          0x000000000800058c      0x234 C:/ST/STM32CubeIDE_1.13.2/STM32CubeIDE/plugins/com.st.stm32cube.ide.mcu.externaltools.gnu-tools-for-stm32.11.3.rel1.win32_1.1.100.202309141235/tools/bin/../lib/gcc/arm-none-eabi/11.3.1/thumb/v6-m/nofp\libgcc.a(divsf3.o)
                0x000000000800058c                __aeabi_fdiv
 .text          0x00000000080007c0      0x29c C:/ST/STM32CubeIDE_1.13.2/STM32CubeIDE/plugins/com.st.stm32cube.ide.mcu.externaltools.gnu-tools-for-stm32.11.3.rel1.win32_1.1.100.202309141235/tools/bin/../lib/gcc/arm-none-eabi/11.3.1/thumb/v6-m/nofp\libgcc.a(mulsf3.o)
                0x00000000080007c0                __aeabi_fmul
 .text          0x0000000008000a5c      0x340 C:/ST/STM32CubeIDE_1.13.2/STM32CubeIDE/plugins/com.st.stm32cube.ide.mcu.externaltools.gnu-tools-for-stm32.11.3.rel1.win32_1.1.100.202309141235/tools/bin/../lib/gcc/arm-none-eabi/11.3.1/thumb/v6-m/nofp\libgcc.a(subsf3.o)
                0x0000000008000a5c                __aeabi_fsub
 .text          0x0000000008000d9c       0x40 C:/ST/STM32CubeIDE_1.13.2/STM32CubeIDE/plugins/com.st.stm32cube.ide.mcu.externaltools.gnu-tools-for-stm32.11.3.rel1.win32_1.1.100.202309141235/tools/bin/../lib/gcc/arm-none-eabi/11.3.1/thumb/v6-m/nofp\libgcc.a(fixsfsi.o)
                0x0000000008000d9c                __aeabi_f2iz
 .text          0x0000000008000ddc       0xa4 C:/ST/STM32CubeIDE_1.13.2/STM32CubeIDE/plugins/com.st.stm32cube.ide.mcu.externaltools.gnu-tools-for-stm32.11.3.rel1.win32_1.1.100.202309141235/tools/bin/../lib/gcc/arm-none-eabi/11.3.1/thumb/v6-m/nofp\libgcc.a(floatsisf.o)
                0x0000000008000ddc                __aeabi_i2f
 .text          0x0000000008000e80       0x74 C:/ST/STM32CubeIDE_1.13.2/STM32CubeIDE/plugins/com.st.stm32cube.ide.mcu.externaltools.gnu-tools-for-stm32.11.3.rel1.win32_1.1.100.202309141235/tools/bin/../lib/gcc/arm-none-eabi/11.3.1/thumb/v6-m/nofp\libgcc.a(_arm_cmpsf2.o)
                0x0000000008000e80                __aeabi_cfrcmple
                0x0000000008000e88                __aeabi_cfcmpeq
                0x0000000008000e88                __aeabi_cfcmple
                0x0000000008000e98                __aeabi_fcmpeq
                0x0000000008000ea4                __aeabi_fcmplt
                0x0000000008000eb8                __aeabi_fcmple
                0x0000000008000ecc                __aeabi_fcmpgt
                0x0000000008000ee0                __aeabi_fcmpge
 .text          0x0000000008000ef4       0x3c C:/ST/STM32CubeIDE_1.13.2/STM32CubeIDE/plugins/com.st.stm32cube.ide.mcu.externaltools.gnu-tools-for-stm32.11.3.rel1.win32_1.1.100.202309141235/tools/bin/../lib/gcc/arm-none-eabi/11.3.1/thumb/v6-m/nofp\libgcc.a(_clzsi2.o)
                0x0000000008000ef4                __clzsi2
 .text          0x0000000008000f30       0x4c C:/ST/STM32CubeIDE_1.13.2/STM32CubeIDE/plugins/com.st.stm32cube.ide.mcu.externaltools.gnu-tools-for-stm32.11.3.rel1.win32_1.1.100.202309141235/tools/bin/../lib/gcc/arm-none-eabi/11.3.1/thumb/v6-m/nofp\libgcc.a(eqsf2.o)
                0x0000000008000f30                __eqsf2
                0x0000000008000f30                __nesf2
 .text          0x0000000008000f7c       0x8c C:/ST/STM32CubeIDE_1.13.2/STM32CubeIDE/plugins/com.st.stm32cube.ide.mcu.externaltools.gnu-tools-for-stm32.11.3.rel1.win32_1.1.100.202309141235/tools/bin/../lib/gcc/arm-none-eabi/11.3.1/thumb/v6-m/nofp\libgcc.a(gesf2.o)
                0x0000000008000f7c                __gesf2
                0x0000000008000f7c                __gtsf2
 .text          0x0000000008001008       0x88 C:/ST/STM32CubeIDE_1.13.2/STM32CubeIDE/plugins/com.st.stm32cube.ide.mcu.externaltools.gnu-tools-for-stm32.11.3.rel1.win32_1.1.100.202309141235/tools/bin/../lib/gcc/arm-none-eabi/11.3.1/thumb/v6-m/nofp\libgcc.a(lesf2.o)
                0x0000000008001008                __ltsf2
                0x0000000008001008                __lesf2
 *(.text*)
 .text.main     0x0000000008001090       0x36 ./Core/Src/main.o
                0x0000000008001090                main
 .text.SystemClock_Config
                0x00000000080010c6       0xbe ./Core/Src/main.o
                0x00000000080010c6                SystemClock_Config
 .text.MX_ADC1_Init
                0x0000000008001184       0xd8 ./Core/Src/main.o
 .text.MX_I2C1_Init
                0x000000000800125c       0x80 ./Core/Src/main.o
 .text.MX_I2C2_Init
                0x00000000080012dc       0x80 ./Core/Src/main.o
 .text.MX_TIM1_Init
                0x000000000800135c      0x158 ./Core/Src/main.o
 .text.MX_TIM2_Init
                0x00000000080014b4       0xbc ./Core/Src/main.o
 .text.MX_TIM3_Init
                0x0000000008001570       0xc0 ./Core/Src/main.o
 .text.MX_DMA_Init
                0x0000000008001630       0x4c ./Core/Src/main.o
 .text.MX_GPIO_Init
                0x000000000800167c      0x174 ./Core/Src/main.o
 .text.Error_Handler
                0x00000000080017f0        0xa ./Core/Src/main.o
                0x00000000080017f0                Error_Handler
 *fill*         0x00000000080017fa        0x2 
 .text.HAL_MspInit
                0x00000000080017fc       0x48 ./Core/Src/stm32g0xx_hal_msp.o
                0x00000000080017fc                HAL_MspInit
 .text.HAL_ADC_MspInit
                0x0000000008001844       0x88 ./Core/Src/stm32g0xx_hal_msp.o
                0x0000000008001844                HAL_ADC_MspInit
 .text.HAL_I2C_MspInit
                0x00000000080018cc      0x158 ./Core/Src/stm32g0xx_hal_msp.o
                0x00000000080018cc                HAL_I2C_MspInit
 .text.HAL_TIM_PWM_MspInit
                0x0000000008001a24      0x174 ./Core/Src/stm32g0xx_hal_msp.o
                0x0000000008001a24                HAL_TIM_PWM_MspInit
 .text.HAL_TIM_MspPostInit
                0x0000000008001b98      0x124 ./Core/Src/stm32g0xx_hal_msp.o
                0x0000000008001b98                HAL_TIM_MspPostInit
 .text.NMI_Handler
                0x0000000008001cbc        0x6 ./Core/Src/stm32g0xx_it.o
                0x0000000008001cbc                NMI_Handler
 .text.HardFault_Handler
                0x0000000008001cc2        0x6 ./Core/Src/stm32g0xx_it.o
                0x0000000008001cc2                HardFault_Handler
 .text.SVC_Handler
                0x0000000008001cc8        0xa ./Core/Src/stm32g0xx_it.o
                0x0000000008001cc8                SVC_Handler
 .text.PendSV_Handler
                0x0000000008001cd2        0xa ./Core/Src/stm32g0xx_it.o
                0x0000000008001cd2                PendSV_Handler
 .text.SysTick_Handler
                0x0000000008001cdc        0xe ./Core/Src/stm32g0xx_it.o
                0x0000000008001cdc                SysTick_Handler
 *fill*         0x0000000008001cea        0x2 
 .text.DMA1_Channel1_IRQHandler
                0x0000000008001cec       0x18 ./Core/Src/stm32g0xx_it.o
                0x0000000008001cec                DMA1_Channel1_IRQHandler
 .text.DMA1_Channel2_3_IRQHandler
                0x0000000008001d04       0x18 ./Core/Src/stm32g0xx_it.o
                0x0000000008001d04                DMA1_Channel2_3_IRQHandler
 .text.I2C1_IRQHandler
                0x0000000008001d1c       0x30 ./Core/Src/stm32g0xx_it.o
                0x0000000008001d1c                I2C1_IRQHandler
 .text.I2C2_IRQHandler
                0x0000000008001d4c       0x30 ./Core/Src/stm32g0xx_it.o
                0x0000000008001d4c                I2C2_IRQHandler
 .text.SystemInit
                0x0000000008001d7c        0xa ./Core/Src/system_stm32g0xx.o
                0x0000000008001d7c                SystemInit
 *fill*         0x0000000008001d86        0x2 
 .text.Reset_Handler
                0x0000000008001d88       0x50 ./Core/Startup/startup_stm32g031g8ux.o
                0x0000000008001d88                Reset_Handler
 .text.Default_Handler
                0x0000000008001dd8        0x2 ./Core/Startup/startup_stm32g031g8ux.o
                0x0000000008001dd8                TIM1_CC_IRQHandler
                0x0000000008001dd8                PVD_IRQHandler
                0x0000000008001dd8                LPTIM2_IRQHandler
                0x0000000008001dd8                RTC_TAMP_IRQHandler
                0x0000000008001dd8                SPI1_IRQHandler
                0x0000000008001dd8                DMA1_Ch4_5_DMAMUX1_OVR_IRQHandler
                0x0000000008001dd8                EXTI2_3_IRQHandler
                0x0000000008001dd8                ADC1_IRQHandler
                0x0000000008001dd8                TIM17_IRQHandler
                0x0000000008001dd8                TIM16_IRQHandler
                0x0000000008001dd8                TIM3_IRQHandler
                0x0000000008001dd8                EXTI4_15_IRQHandler
                0x0000000008001dd8                RCC_IRQHandler
                0x0000000008001dd8                Default_Handler
                0x0000000008001dd8                TIM14_IRQHandler
                0x0000000008001dd8                EXTI0_1_IRQHandler
                0x0000000008001dd8                SPI2_IRQHandler
                0x0000000008001dd8                WWDG_IRQHandler
                0x0000000008001dd8                LPUART1_IRQHandler
                0x0000000008001dd8                TIM2_IRQHandler
                0x0000000008001dd8                USART2_IRQHandler
                0x0000000008001dd8                FLASH_IRQHandler
                0x0000000008001dd8                USART1_IRQHandler
                0x0000000008001dd8                TIM1_BRK_UP_TRG_COM_IRQHandler
                0x0000000008001dd8                LPTIM1_IRQHandler
 *fill*         0x0000000008001dda        0x2 
 .text.HAL_Init
                0x0000000008001ddc       0x40 ./Drivers/STM32G0xx_HAL_Driver/Src/stm32g0xx_hal.o
                0x0000000008001ddc                HAL_Init
 .text.HAL_InitTick
                0x0000000008001e1c       0x94 ./Drivers/STM32G0xx_HAL_Driver/Src/stm32g0xx_hal.o
                0x0000000008001e1c                HAL_InitTick
 .text.HAL_IncTick
                0x0000000008001eb0       0x24 ./Drivers/STM32G0xx_HAL_Driver/Src/stm32g0xx_hal.o
                0x0000000008001eb0                HAL_IncTick
 .text.HAL_GetTick
                0x0000000008001ed4       0x14 ./Drivers/STM32G0xx_HAL_Driver/Src/stm32g0xx_hal.o
                0x0000000008001ed4                HAL_GetTick
 .text.HAL_Delay
                0x0000000008001ee8       0x48 ./Drivers/STM32G0xx_HAL_Driver/Src/stm32g0xx_hal.o
                0x0000000008001ee8                HAL_Delay
 .text.LL_ADC_SetCommonPathInternalCh
                0x0000000008001f30       0x28 ./Drivers/STM32G0xx_HAL_Driver/Src/stm32g0xx_hal_adc.o
 .text.LL_ADC_GetCommonPathInternalCh
                0x0000000008001f58       0x1a ./Drivers/STM32G0xx_HAL_Driver/Src/stm32g0xx_hal_adc.o
 .text.LL_ADC_SetSamplingTimeCommonChannels
                0x0000000008001f72       0x3a ./Drivers/STM32G0xx_HAL_Driver/Src/stm32g0xx_hal_adc.o
 .text.LL_ADC_GetSamplingTimeCommonChannels
                0x0000000008001fac       0x2e ./Drivers/STM32G0xx_HAL_Driver/Src/stm32g0xx_hal_adc.o
 .text.LL_ADC_REG_SetSequencerRanks
                0x0000000008001fda       0x40 ./Drivers/STM32G0xx_HAL_Driver/Src/stm32g0xx_hal_adc.o
 .text.LL_ADC_REG_SetSequencerChAdd
                0x000000000800201a       0x22 ./Drivers/STM32G0xx_HAL_Driver/Src/stm32g0xx_hal_adc.o
 .text.LL_ADC_REG_SetSequencerChRem
                0x000000000800203c       0x24 ./Drivers/STM32G0xx_HAL_Driver/Src/stm32g0xx_hal_adc.o
 .text.LL_ADC_SetChannelSamplingTime
                0x0000000008002060       0x38 ./Drivers/STM32G0xx_HAL_Driver/Src/stm32g0xx_hal_adc.o
 .text.LL_ADC_EnableInternalRegulator
                0x0000000008002098       0x28 ./Drivers/STM32G0xx_HAL_Driver/Src/stm32g0xx_hal_adc.o
 .text.LL_ADC_IsInternalRegulatorEnabled
                0x00000000080020c0       0x28 ./Drivers/STM32G0xx_HAL_Driver/Src/stm32g0xx_hal_adc.o
 .text.LL_ADC_IsEnabled
                0x00000000080020e8       0x22 ./Drivers/STM32G0xx_HAL_Driver/Src/stm32g0xx_hal_adc.o
 .text.LL_ADC_REG_IsConversionOngoing
                0x000000000800210a       0x22 ./Drivers/STM32G0xx_HAL_Driver/Src/stm32g0xx_hal_adc.o
 .text.HAL_ADC_Init
                0x000000000800212c      0x350 ./Drivers/STM32G0xx_HAL_Driver/Src/stm32g0xx_hal_adc.o
                0x000000000800212c                HAL_ADC_Init
 .text.HAL_ADC_ConfigChannel
                0x000000000800247c      0x3b0 ./Drivers/STM32G0xx_HAL_Driver/Src/stm32g0xx_hal_adc.o
                0x000000000800247c                HAL_ADC_ConfigChannel
 .text.__NVIC_EnableIRQ
                0x000000000800282c       0x34 ./Drivers/STM32G0xx_HAL_Driver/Src/stm32g0xx_hal_cortex.o
 .text.__NVIC_SetPriority
                0x0000000008002860       0xdc ./Drivers/STM32G0xx_HAL_Driver/Src/stm32g0xx_hal_cortex.o
 .text.SysTick_Config
                0x000000000800293c       0x48 ./Drivers/STM32G0xx_HAL_Driver/Src/stm32g0xx_hal_cortex.o
 .text.HAL_NVIC_SetPriority
                0x0000000008002984       0x2a ./Drivers/STM32G0xx_HAL_Driver/Src/stm32g0xx_hal_cortex.o
                0x0000000008002984                HAL_NVIC_SetPriority
 .text.HAL_NVIC_EnableIRQ
                0x00000000080029ae       0x20 ./Drivers/STM32G0xx_HAL_Driver/Src/stm32g0xx_hal_cortex.o
                0x00000000080029ae                HAL_NVIC_EnableIRQ
 .text.HAL_SYSTICK_Config
                0x00000000080029ce       0x1a ./Drivers/STM32G0xx_HAL_Driver/Src/stm32g0xx_hal_cortex.o
                0x00000000080029ce                HAL_SYSTICK_Config
 .text.HAL_DMA_Init
                0x00000000080029e8      0x114 ./Drivers/STM32G0xx_HAL_Driver/Src/stm32g0xx_hal_dma.o
                0x00000000080029e8                HAL_DMA_Init
 .text.HAL_DMA_Start_IT
                0x0000000008002afc      0x10c ./Drivers/STM32G0xx_HAL_Driver/Src/stm32g0xx_hal_dma.o
                0x0000000008002afc                HAL_DMA_Start_IT
 .text.HAL_DMA_Abort_IT
                0x0000000008002c08       0xd4 ./Drivers/STM32G0xx_HAL_Driver/Src/stm32g0xx_hal_dma.o
                0x0000000008002c08                HAL_DMA_Abort_IT
 .text.HAL_DMA_IRQHandler
                0x0000000008002cdc      0x164 ./Drivers/STM32G0xx_HAL_Driver/Src/stm32g0xx_hal_dma.o
                0x0000000008002cdc                HAL_DMA_IRQHandler
 .text.HAL_DMA_GetState
                0x0000000008002e40       0x18 ./Drivers/STM32G0xx_HAL_Driver/Src/stm32g0xx_hal_dma.o
                0x0000000008002e40                HAL_DMA_GetState
 .text.DMA_SetConfig
                0x0000000008002e58       0x80 ./Drivers/STM32G0xx_HAL_Driver/Src/stm32g0xx_hal_dma.o
 .text.DMA_CalcDMAMUXChannelBaseAndMask
                0x0000000008002ed8       0x58 ./Drivers/STM32G0xx_HAL_Driver/Src/stm32g0xx_hal_dma.o
 .text.DMA_CalcDMAMUXRequestGenBaseAndMask
                0x0000000008002f30       0x48 ./Drivers/STM32G0xx_HAL_Driver/Src/stm32g0xx_hal_dma.o
 .text.HAL_GPIO_Init
                0x0000000008002f78      0x2c8 ./Drivers/STM32G0xx_HAL_Driver/Src/stm32g0xx_hal_gpio.o
                0x0000000008002f78                HAL_GPIO_Init
 .text.HAL_GPIO_ReadPin
                0x0000000008003240       0x3a ./Drivers/STM32G0xx_HAL_Driver/Src/stm32g0xx_hal_gpio.o
                0x0000000008003240                HAL_GPIO_ReadPin
 .text.HAL_GPIO_WritePin
                0x000000000800327a       0x3a ./Drivers/STM32G0xx_HAL_Driver/Src/stm32g0xx_hal_gpio.o
                0x000000000800327a                HAL_GPIO_WritePin
 .text.HAL_GPIO_TogglePin
                0x00000000080032b4       0x36 ./Drivers/STM32G0xx_HAL_Driver/Src/stm32g0xx_hal_gpio.o
                0x00000000080032b4                HAL_GPIO_TogglePin
 *fill*         0x00000000080032ea        0x2 
 .text.HAL_I2C_Init
                0x00000000080032ec      0x12c ./Drivers/STM32G0xx_HAL_Driver/Src/stm32g0xx_hal_i2c.o
                0x00000000080032ec                HAL_I2C_Init
 .text.HAL_I2C_Slave_Seq_Transmit_IT
                0x0000000008003418      0x180 ./Drivers/STM32G0xx_HAL_Driver/Src/stm32g0xx_hal_i2c.o
                0x0000000008003418                HAL_I2C_Slave_Seq_Transmit_IT
 .text.HAL_I2C_Slave_Seq_Receive_IT
                0x0000000008003598      0x184 ./Drivers/STM32G0xx_HAL_Driver/Src/stm32g0xx_hal_i2c.o
                0x0000000008003598                HAL_I2C_Slave_Seq_Receive_IT
 .text.HAL_I2C_EnableListen_IT
                0x000000000800371c       0x44 ./Drivers/STM32G0xx_HAL_Driver/Src/stm32g0xx_hal_i2c.o
                0x000000000800371c                HAL_I2C_EnableListen_IT
 .text.HAL_I2C_EV_IRQHandler
                0x0000000008003760       0x34 ./Drivers/STM32G0xx_HAL_Driver/Src/stm32g0xx_hal_i2c.o
                0x0000000008003760                HAL_I2C_EV_IRQHandler
 .text.HAL_I2C_ER_IRQHandler
                0x0000000008003794       0xb2 ./Drivers/STM32G0xx_HAL_Driver/Src/stm32g0xx_hal_i2c.o
                0x0000000008003794                HAL_I2C_ER_IRQHandler
 .text.HAL_I2C_MasterTxCpltCallback
                0x0000000008003846       0x10 ./Drivers/STM32G0xx_HAL_Driver/Src/stm32g0xx_hal_i2c.o
                0x0000000008003846                HAL_I2C_MasterTxCpltCallback
 .text.HAL_I2C_MasterRxCpltCallback
                0x0000000008003856       0x10 ./Drivers/STM32G0xx_HAL_Driver/Src/stm32g0xx_hal_i2c.o
                0x0000000008003856                HAL_I2C_MasterRxCpltCallback
 .text.HAL_I2C_MemTxCpltCallback
                0x0000000008003866       0x10 ./Drivers/STM32G0xx_HAL_Driver/Src/stm32g0xx_hal_i2c.o
                0x0000000008003866                HAL_I2C_MemTxCpltCallback
 .text.HAL_I2C_MemRxCpltCallback
                0x0000000008003876       0x10 ./Drivers/STM32G0xx_HAL_Driver/Src/stm32g0xx_hal_i2c.o
                0x0000000008003876                HAL_I2C_MemRxCpltCallback
 *fill*         0x0000000008003886        0x2 
 .text.I2C_Slave_ISR_IT
                0x0000000008003888      0x200 ./Drivers/STM32G0xx_HAL_Driver/Src/stm32g0xx_hal_i2c.o
 .text.I2C_Master_ISR_DMA
                0x0000000008003a88      0x1f8 ./Drivers/STM32G0xx_HAL_Driver/Src/stm32g0xx_hal_i2c.o
 .text.I2C_Slave_ISR_DMA
                0x0000000008003c80      0x1cc ./Drivers/STM32G0xx_HAL_Driver/Src/stm32g0xx_hal_i2c.o
 .text.I2C_ITAddrCplt
                0x0000000008003e4c      0x148 ./Drivers/STM32G0xx_HAL_Driver/Src/stm32g0xx_hal_i2c.o
 .text.I2C_ITMasterSeqCplt
                0x0000000008003f94       0x82 ./Drivers/STM32G0xx_HAL_Driver/Src/stm32g0xx_hal_i2c.o
 *fill*         0x0000000008004016        0x2 
 .text.I2C_ITSlaveSeqCplt
                0x0000000008004018       0xc8 ./Drivers/STM32G0xx_HAL_Driver/Src/stm32g0xx_hal_i2c.o
 .text.I2C_ITMasterCplt
                0x00000000080040e0      0x19c ./Drivers/STM32G0xx_HAL_Driver/Src/stm32g0xx_hal_i2c.o
 .text.I2C_ITSlaveCplt
                0x000000000800427c      0x240 ./Drivers/STM32G0xx_HAL_Driver/Src/stm32g0xx_hal_i2c.o
 .text.I2C_ITListenCplt
                0x00000000080044bc       0xb0 ./Drivers/STM32G0xx_HAL_Driver/Src/stm32g0xx_hal_i2c.o
 .text.I2C_ITError
                0x000000000800456c      0x1c4 ./Drivers/STM32G0xx_HAL_Driver/Src/stm32g0xx_hal_i2c.o
 .text.I2C_TreatErrorCallback
                0x0000000008004730       0x52 ./Drivers/STM32G0xx_HAL_Driver/Src/stm32g0xx_hal_i2c.o
 .text.I2C_Flush_TXDR
                0x0000000008004782       0x44 ./Drivers/STM32G0xx_HAL_Driver/Src/stm32g0xx_hal_i2c.o
 .text.I2C_DMAAbort
                0x00000000080047c6       0x3e ./Drivers/STM32G0xx_HAL_Driver/Src/stm32g0xx_hal_i2c.o
 .text.I2C_TransferConfig
                0x0000000008004804       0x74 ./Drivers/STM32G0xx_HAL_Driver/Src/stm32g0xx_hal_i2c.o
 .text.I2C_Enable_IRQ
                0x0000000008004878       0xe0 ./Drivers/STM32G0xx_HAL_Driver/Src/stm32g0xx_hal_i2c.o
 .text.I2C_Disable_IRQ
                0x0000000008004958       0xc6 ./Drivers/STM32G0xx_HAL_Driver/Src/stm32g0xx_hal_i2c.o
 *fill*         0x0000000008004a1e        0x2 
 .text.HAL_I2CEx_ConfigAnalogFilter
                0x0000000008004a20       0x98 ./Drivers/STM32G0xx_HAL_Driver/Src/stm32g0xx_hal_i2c_ex.o
                0x0000000008004a20                HAL_I2CEx_ConfigAnalogFilter
 .text.HAL_I2CEx_ConfigDigitalFilter
                0x0000000008004ab8       0x98 ./Drivers/STM32G0xx_HAL_Driver/Src/stm32g0xx_hal_i2c_ex.o
                0x0000000008004ab8                HAL_I2CEx_ConfigDigitalFilter
 .text.HAL_PWREx_ControlVoltageScaling
                0x0000000008004b50       0x80 ./Drivers/STM32G0xx_HAL_Driver/Src/stm32g0xx_hal_pwr_ex.o
                0x0000000008004b50                HAL_PWREx_ControlVoltageScaling
 .text.HAL_RCC_OscConfig
                0x0000000008004bd0      0x634 ./Drivers/STM32G0xx_HAL_Driver/Src/stm32g0xx_hal_rcc.o
                0x0000000008004bd0                HAL_RCC_OscConfig
 .text.HAL_RCC_ClockConfig
                0x0000000008005204      0x210 ./Drivers/STM32G0xx_HAL_Driver/Src/stm32g0xx_hal_rcc.o
                0x0000000008005204                HAL_RCC_ClockConfig
 .text.HAL_RCC_GetSysClockFreq
                0x0000000008005414      0x104 ./Drivers/STM32G0xx_HAL_Driver/Src/stm32g0xx_hal_rcc.o
                0x0000000008005414                HAL_RCC_GetSysClockFreq
 .text.HAL_RCCEx_PeriphCLKConfig
                0x0000000008005518      0x2f4 ./Drivers/STM32G0xx_HAL_Driver/Src/stm32g0xx_hal_rcc_ex.o
                0x0000000008005518                HAL_RCCEx_PeriphCLKConfig
 .text.HAL_TIM_PWM_Init
                0x000000000800580c       0xb0 ./Drivers/STM32G0xx_HAL_Driver/Src/stm32g0xx_hal_tim.o
                0x000000000800580c                HAL_TIM_PWM_Init
 .text.HAL_TIM_PWM_Start
                0x00000000080058bc      0x1bc ./Drivers/STM32G0xx_HAL_Driver/Src/stm32g0xx_hal_tim.o
                0x00000000080058bc                HAL_TIM_PWM_Start
 .text.HAL_TIM_PWM_Stop
                0x0000000008005a78      0x10c ./Drivers/STM32G0xx_HAL_Driver/Src/stm32g0xx_hal_tim.o
                0x0000000008005a78                HAL_TIM_PWM_Stop
 .text.HAL_TIM_PWM_Start_DMA
                0x0000000008005b84      0x3e8 ./Drivers/STM32G0xx_HAL_Driver/Src/stm32g0xx_hal_tim.o
                0x0000000008005b84                HAL_TIM_PWM_Start_DMA
 .text.HAL_TIM_PWM_Stop_DMA
                0x0000000008005f6c      0x1d4 ./Drivers/STM32G0xx_HAL_Driver/Src/stm32g0xx_hal_tim.o
                0x0000000008005f6c                HAL_TIM_PWM_Stop_DMA
 .text.HAL_TIM_PWM_ConfigChannel
                0x0000000008006140      0x200 ./Drivers/STM32G0xx_HAL_Driver/Src/stm32g0xx_hal_tim.o
                0x0000000008006140                HAL_TIM_PWM_ConfigChannel
 .text.HAL_TIM_PWM_PulseFinishedHalfCpltCallback
                0x0000000008006340       0x10 ./Drivers/STM32G0xx_HAL_Driver/Src/stm32g0xx_hal_tim.o
                0x0000000008006340                HAL_TIM_PWM_PulseFinishedHalfCpltCallback
 .text.HAL_TIM_ErrorCallback
                0x0000000008006350       0x10 ./Drivers/STM32G0xx_HAL_Driver/Src/stm32g0xx_hal_tim.o
                0x0000000008006350                HAL_TIM_ErrorCallback
 .text.TIM_DMAError
                0x0000000008006360       0x94 ./Drivers/STM32G0xx_HAL_Driver/Src/stm32g0xx_hal_tim.o
                0x0000000008006360                TIM_DMAError
 .text.TIM_DMADelayPulseCplt
                0x00000000080063f4       0xaa ./Drivers/STM32G0xx_HAL_Driver/Src/stm32g0xx_hal_tim.o
 .text.TIM_DMADelayPulseHalfCplt
                0x000000000800649e       0x6a ./Drivers/STM32G0xx_HAL_Driver/Src/stm32g0xx_hal_tim.o
                0x000000000800649e                TIM_DMADelayPulseHalfCplt
 .text.TIM_Base_SetConfig
                0x0000000008006508       0xec ./Drivers/STM32G0xx_HAL_Driver/Src/stm32g0xx_hal_tim.o
                0x0000000008006508                TIM_Base_SetConfig
 .text.TIM_OC1_SetConfig
                0x00000000080065f4      0x100 ./Drivers/STM32G0xx_HAL_Driver/Src/stm32g0xx_hal_tim.o
 .text.TIM_OC2_SetConfig
                0x00000000080066f4       0xfc ./Drivers/STM32G0xx_HAL_Driver/Src/stm32g0xx_hal_tim.o
                0x00000000080066f4                TIM_OC2_SetConfig
 .text.TIM_OC3_SetConfig
                0x00000000080067f0      0x104 ./Drivers/STM32G0xx_HAL_Driver/Src/stm32g0xx_hal_tim.o
 .text.TIM_OC4_SetConfig
                0x00000000080068f4       0xc8 ./Drivers/STM32G0xx_HAL_Driver/Src/stm32g0xx_hal_tim.o
 .text.TIM_OC5_SetConfig
                0x00000000080069bc       0xb4 ./Drivers/STM32G0xx_HAL_Driver/Src/stm32g0xx_hal_tim.o
 .text.TIM_OC6_SetConfig
                0x0000000008006a70       0xbc ./Drivers/STM32G0xx_HAL_Driver/Src/stm32g0xx_hal_tim.o
 .text.TIM_CCxChannelCmd
                0x0000000008006b2c       0x46 ./Drivers/STM32G0xx_HAL_Driver/Src/stm32g0xx_hal_tim.o
                0x0000000008006b2c                TIM_CCxChannelCmd
 *fill*         0x0000000008006b72        0x2 
 .text.HAL_TIMEx_MasterConfigSynchronization
                0x0000000008006b74       0xd0 ./Drivers/STM32G0xx_HAL_Driver/Src/stm32g0xx_hal_tim_ex.o
                0x0000000008006b74                HAL_TIMEx_MasterConfigSynchronization
 .text.HAL_TIMEx_ConfigBreakDeadTime
                0x0000000008006c44      0x14c ./Drivers/STM32G0xx_HAL_Driver/Src/stm32g0xx_hal_tim_ex.o
                0x0000000008006c44                HAL_TIMEx_ConfigBreakDeadTime
 .text._ZN13elapsedMillis5resetEv
                0x0000000008006d90       0x1a ./firmware/buzzer/buzzer.o
                0x0000000008006d90                elapsedMillis::reset()
 .text._ZN13elapsedMillisC2Ev
                0x0000000008006daa       0x1c ./firmware/buzzer/buzzer.o
                0x0000000008006daa                elapsedMillis::elapsedMillis()
                0x0000000008006daa                elapsedMillis::elapsedMillis()
 .text._ZNK13elapsedMilliscvmEv
                0x0000000008006dc6       0x1c ./firmware/buzzer/buzzer.o
                0x0000000008006dc6                elapsedMillis::operator unsigned long() const
 .text._ZN6BuzzerC2EP17TIM_HandleTypeDefm
                0x0000000008006de2       0x3e ./firmware/buzzer/buzzer.o
                0x0000000008006de2                Buzzer::Buzzer(TIM_HandleTypeDef*, unsigned long)
                0x0000000008006de2                Buzzer::Buzzer(TIM_HandleTypeDef*, unsigned long)
 .text._ZN6Buzzer8pwmStartEv
                0x0000000008006e20      0x1b8 ./firmware/buzzer/buzzer.o
                0x0000000008006e20                Buzzer::pwmStart()
 .text._ZN6Buzzer7pwmStopEv
                0x0000000008006fd8       0x26 ./firmware/buzzer/buzzer.o
                0x0000000008006fd8                Buzzer::pwmStop()
 .text._ZN6Buzzer9setConfigEfta
                0x0000000008006ffe       0x34 ./firmware/buzzer/buzzer.o
                0x0000000008006ffe                Buzzer::setConfig(float, unsigned short, signed char)
 .text._ZN6Buzzer5startEv
                0x0000000008007032       0x30 ./firmware/buzzer/buzzer.o
                0x0000000008007032                Buzzer::start()
 .text._ZN6Buzzer6updateEv
                0x0000000008007062       0x9c ./firmware/buzzer/buzzer.o
                0x0000000008007062                Buzzer::update()
 .text._ZN19core_utils_CallbackC2Ev
                0x00000000080070fe       0x18 ./firmware/callbacks/callback.o
                0x00000000080070fe                core_utils_Callback::core_utils_Callback()
                0x00000000080070fe                core_utils_Callback::core_utils_Callback()
 .text._ZN19core_utils_Callback4callEPv
                0x0000000008007116       0x20 ./firmware/callbacks/callback.o
                0x0000000008007116                core_utils_Callback::call(void*)
 .text._ZN6EEPROMC2EP19__I2C_HandleTypeDefh
                0x0000000008007136       0x26 ./firmware/eeprom/eeprom.o
                0x0000000008007136                EEPROM::EEPROM(__I2C_HandleTypeDef*, unsigned char)
                0x0000000008007136                EEPROM::EEPROM(__I2C_HandleTypeDef*, unsigned char)
 .text._ZN13elapsedMillisC2Em
                0x000000000800715c       0x22 ./firmware/firmware.o
                0x000000000800715c                elapsedMillis::elapsedMillis(unsigned long)
                0x000000000800715c                elapsedMillis::elapsedMillis(unsigned long)
 .text._ZN13elapsedMillisaSEm
                0x000000000800717e       0x22 ./firmware/firmware.o
                0x000000000800717e                elapsedMillis::operator=(unsigned long)
 .text.firmware_init
                0x00000000080071a0      0x108 ./firmware/firmware.o
                0x00000000080071a0                firmware_init
 .text.firmware_update
                0x00000000080072a8       0xac ./firmware/firmware.o
                0x00000000080072a8                firmware_update
 .text._Z8checkUsbv
                0x0000000008007354       0x3c ./firmware/firmware.o
                0x0000000008007354                checkUsb()
 .text._Z7checkSDv
                0x0000000008007390       0x40 ./firmware/firmware.o
                0x0000000008007390                checkSD()
 .text._Z28updateStatusLEDFromRegistersv
                0x00000000080073d0       0x64 ./firmware/firmware.o
                0x00000000080073d0                updateStatusLEDFromRegisters()
 .text._Z32updateInternRGBLEDsFromRegistersv
                0x0000000008007434       0xd8 ./firmware/firmware.o
                0x0000000008007434                updateInternRGBLEDsFromRegisters()
 .text._Z25updateBuzzerFromRegistersv
                0x000000000800750c       0x90 ./firmware/firmware.o
                0x000000000800750c                updateBuzzerFromRegisters()
 .text._Z16set_rgb_led_dataP10WS2812_LEDhhhhhh
                0x000000000800759c       0xe6 ./firmware/firmware.o
                0x000000000800759c                set_rgb_led_data(WS2812_LED*, unsigned char, unsigned char, unsigned char, unsigned char, unsigned char, unsigned char)
 *fill*         0x0000000008007682        0x2 
 .text._Z41__static_initialization_and_destruction_0ii
                0x0000000008007684      0x10c ./firmware/firmware.o
 .text._GLOBAL__sub_I_neopixel_intern
                0x0000000008007790       0x18 ./firmware/firmware.o
 .text._Z3nopv  0x00000000080077a8        0xa ./firmware/i2c/i2c_slave.o
                0x00000000080077a8                nop()
 *fill*         0x00000000080077b2        0x2 
 .text._Z13get_I2C_slaveP19__I2C_HandleTypeDef
                0x00000000080077b4       0x4c ./firmware/i2c/i2c_slave.o
                0x00000000080077b4                get_I2C_slave(__I2C_HandleTypeDef*)
 .text.HAL_I2C_ListenCpltCallback
                0x0000000008007800       0x2a ./firmware/i2c/i2c_slave.o
                0x0000000008007800                HAL_I2C_ListenCpltCallback
 .text.HAL_I2C_AddrCallback
                0x000000000800782a       0x42 ./firmware/i2c/i2c_slave.o
                0x000000000800782a                HAL_I2C_AddrCallback
 .text.HAL_I2C_SlaveRxCpltCallback
                0x000000000800786c       0x2a ./firmware/i2c/i2c_slave.o
                0x000000000800786c                HAL_I2C_SlaveRxCpltCallback
 .text.HAL_I2C_SlaveTxCpltCallback
                0x0000000008007896       0x2a ./firmware/i2c/i2c_slave.o
                0x0000000008007896                HAL_I2C_SlaveTxCpltCallback
 .text.HAL_I2C_ErrorCallback
                0x00000000080078c0       0x2a ./firmware/i2c/i2c_slave.o
                0x00000000080078c0                HAL_I2C_ErrorCallback
 .text.HAL_I2C_AbortCpltCallback
                0x00000000080078ea       0x2a ./firmware/i2c/i2c_slave.o
                0x00000000080078ea                HAL_I2C_AbortCpltCallback
 .text._ZN19I2C_Slave_callbacksC2Ev
                0x0000000008007914       0x1a ./firmware/i2c/i2c_slave.o
                0x0000000008007914                I2C_Slave_callbacks::I2C_Slave_callbacks()
                0x0000000008007914                I2C_Slave_callbacks::I2C_Slave_callbacks()
 *fill*         0x000000000800792e        0x2 
 .text._ZN9I2C_SlaveC2EP19__I2C_HandleTypeDefhPhh
                0x0000000008007930       0x7c ./firmware/i2c/i2c_slave.o
                0x0000000008007930                I2C_Slave::I2C_Slave(__I2C_HandleTypeDef*, unsigned char, unsigned char*, unsigned char)
                0x0000000008007930                I2C_Slave::I2C_Slave(__I2C_HandleTypeDef*, unsigned char, unsigned char*, unsigned char)
 .text._ZN9I2C_Slave4initEv
                0x00000000080079ac       0x10 ./firmware/i2c/i2c_slave.o
                0x00000000080079ac                I2C_Slave::init()
 .text._ZN9I2C_Slave5startEv
                0x00000000080079bc       0x1a ./firmware/i2c/i2c_slave.o
                0x00000000080079bc                I2C_Slave::start()
 .text._ZN9I2C_Slave16i2c_addrCallbackEht
                0x00000000080079d6       0x78 ./firmware/i2c/i2c_slave.o
                0x00000000080079d6                I2C_Slave::i2c_addrCallback(unsigned char, unsigned short)
 .text._ZN9I2C_Slave26i2c_listenCompleteCallbackEv
                0x0000000008007a4e       0x3a ./firmware/i2c/i2c_slave.o
                0x0000000008007a4e                I2C_Slave::i2c_listenCompleteCallback()
 .text._ZN9I2C_Slave22i2c_rxCompleteCallbackEv
                0x0000000008007a88       0x48 ./firmware/i2c/i2c_slave.o
                0x0000000008007a88                I2C_Slave::i2c_rxCompleteCallback()
 .text._ZN9I2C_Slave22i2c_txCompleteCallbackEv
                0x0000000008007ad0       0x40 ./firmware/i2c/i2c_slave.o
                0x0000000008007ad0                I2C_Slave::i2c_txCompleteCallback()
 .text._ZN9I2C_Slave17i2c_errorCallbackEv
                0x0000000008007b10       0x1e ./firmware/i2c/i2c_slave.o
                0x0000000008007b10                I2C_Slave::i2c_errorCallback()
 .text._ZN9I2C_Slave25i2c_abortCompleteCallbackEv
                0x0000000008007b2e       0x14 ./firmware/i2c/i2c_slave.o
                0x0000000008007b2e                I2C_Slave::i2c_abortCompleteCallback()
 .text._ZN3LEDC2EP12GPIO_TypeDeft
                0x0000000008007b42       0x26 ./firmware/led/led.o
                0x0000000008007b42                LED::LED(GPIO_TypeDef*, unsigned short)
                0x0000000008007b42                LED::LED(GPIO_TypeDef*, unsigned short)
 .text._ZN3LED2onEv
                0x0000000008007b68       0x20 ./firmware/led/led.o
                0x0000000008007b68                LED::on()
 .text._ZN3LED3offEv
                0x0000000008007b88       0x20 ./firmware/led/led.o
                0x0000000008007b88                LED::off()
 .text._ZN3LED6toggleEv
                0x0000000008007ba8       0x20 ./firmware/led/led.o
                0x0000000008007ba8                LED::toggle()
 .text._ZN3LED8getStateEv
                0x0000000008007bc8       0x22 ./firmware/led/led.o
                0x0000000008007bc8                LED::getState()
 .text._ZN10WS2812_LEDC2Ev
                0x0000000008007bea       0x42 ./firmware/neopixel/ws2812.o
                0x0000000008007bea                WS2812_LED::WS2812_LED()
                0x0000000008007bea                WS2812_LED::WS2812_LED()
 .text._ZN10WS2812_LED8setColorEhhh
                0x0000000008007c2c       0x40 ./firmware/neopixel/ws2812.o
                0x0000000008007c2c                WS2812_LED::setColor(unsigned char, unsigned char, unsigned char)
 .text._ZN10WS2812_LED7setModeE15WS2812_LED_Mode
                0x0000000008007c6c       0x36 ./firmware/neopixel/ws2812.o
                0x0000000008007c6c                WS2812_LED::setMode(WS2812_LED_Mode)
 .text._ZN10WS2812_LED14setBlinkConfigEta
                0x0000000008007ca2       0x30 ./firmware/neopixel/ws2812.o
                0x0000000008007ca2                WS2812_LED::setBlinkConfig(unsigned short, signed char)
 .text._ZN10WS2812_LED5blinkEv
                0x0000000008007cd2       0x4a ./firmware/neopixel/ws2812.o
                0x0000000008007cd2                WS2812_LED::blink()
 .text._ZN10WS2812_LED6updateEv
                0x0000000008007d1c       0xee ./firmware/neopixel/ws2812.o
                0x0000000008007d1c                WS2812_LED::update()
 .text._ZN13WS2812_StrandC2EP17TIM_HandleTypeDefmh
                0x0000000008007e0a       0x66 ./firmware/neopixel/ws2812.o
                0x0000000008007e0a                WS2812_Strand::WS2812_Strand(TIM_HandleTypeDef*, unsigned long, unsigned char)
                0x0000000008007e0a                WS2812_Strand::WS2812_Strand(TIM_HandleTypeDef*, unsigned long, unsigned char)
 .text._ZN13WS2812_Strand4initEv
                0x0000000008007e70       0x74 ./firmware/neopixel/ws2812.o
                0x0000000008007e70                WS2812_Strand::init()
 .text._ZN13WS2812_Strand6updateEv
                0x0000000008007ee4      0x144 ./firmware/neopixel/ws2812.o
                0x0000000008007ee4                WS2812_Strand::update()
 .text._ZN13WS2812_Strand4sendEv
                0x0000000008008028       0x58 ./firmware/neopixel/ws2812.o
                0x0000000008008028                WS2812_Strand::send()
 .text._ZN13WS2812_Strand5resetEv
                0x0000000008008080       0x9c ./firmware/neopixel/ws2812.o
                0x0000000008008080                WS2812_Strand::reset()
 .text.HAL_TIM_PWM_PulseFinishedCallback
                0x000000000800811c       0x78 ./firmware/neopixel/ws2812.o
                0x000000000800811c                HAL_TIM_PWM_PulseFinishedCallback
 .text._Z6millisv
                0x0000000008008194       0x10 ./firmware/utils/elapsedMillis.o
                0x0000000008008194                millis()
 .text.memset   0x00000000080081a4       0x10 C:/ST/STM32CubeIDE_1.13.2/STM32CubeIDE/plugins/com.st.stm32cube.ide.mcu.externaltools.gnu-tools-for-stm32.11.3.rel1.win32_1.1.100.202309141235/tools/bin/../lib/gcc/arm-none-eabi/11.3.1/../../../../arm-none-eabi/lib/thumb/v6-m/nofp\libc_nano.a(libc_a-memset.o)
                0x00000000080081a4                memset
 .text.__libc_init_array
                0x00000000080081b4       0x48 C:/ST/STM32CubeIDE_1.13.2/STM32CubeIDE/plugins/com.st.stm32cube.ide.mcu.externaltools.gnu-tools-for-stm32.11.3.rel1.win32_1.1.100.202309141235/tools/bin/../lib/gcc/arm-none-eabi/11.3.1/../../../../arm-none-eabi/lib/thumb/v6-m/nofp\libc_nano.a(libc_a-init.o)
                0x00000000080081b4                __libc_init_array
 *(.glue_7)
 .glue_7        0x00000000080081fc        0x0 linker stubs
 *(.glue_7t)
 .glue_7t       0x00000000080081fc        0x0 linker stubs
 *(.eh_frame)
 .eh_frame      0x00000000080081fc        0x0 C:/ST/STM32CubeIDE_1.13.2/STM32CubeIDE/plugins/com.st.stm32cube.ide.mcu.externaltools.gnu-tools-for-stm32.11.3.rel1.win32_1.1.100.202309141235/tools/bin/../lib/gcc/arm-none-eabi/11.3.1/thumb/v6-m/nofp/crtbegin.o
 *(.init)
 .init          0x00000000080081fc        0x4 C:/ST/STM32CubeIDE_1.13.2/STM32CubeIDE/plugins/com.st.stm32cube.ide.mcu.externaltools.gnu-tools-for-stm32.11.3.rel1.win32_1.1.100.202309141235/tools/bin/../lib/gcc/arm-none-eabi/11.3.1/thumb/v6-m/nofp/crti.o
                0x00000000080081fc                _init
 .init          0x0000000008008200        0x8 C:/ST/STM32CubeIDE_1.13.2/STM32CubeIDE/plugins/com.st.stm32cube.ide.mcu.externaltools.gnu-tools-for-stm32.11.3.rel1.win32_1.1.100.202309141235/tools/bin/../lib/gcc/arm-none-eabi/11.3.1/thumb/v6-m/nofp/crtn.o
 *(.fini)
 .fini          0x0000000008008208        0x4 C:/ST/STM32CubeIDE_1.13.2/STM32CubeIDE/plugins/com.st.stm32cube.ide.mcu.externaltools.gnu-tools-for-stm32.11.3.rel1.win32_1.1.100.202309141235/tools/bin/../lib/gcc/arm-none-eabi/11.3.1/thumb/v6-m/nofp/crti.o
                0x0000000008008208                _fini
 .fini          0x000000000800820c        0x8 C:/ST/STM32CubeIDE_1.13.2/STM32CubeIDE/plugins/com.st.stm32cube.ide.mcu.externaltools.gnu-tools-for-stm32.11.3.rel1.win32_1.1.100.202309141235/tools/bin/../lib/gcc/arm-none-eabi/11.3.1/thumb/v6-m/nofp/crtn.o
                0x0000000008008214                . = ALIGN (0x4)
                0x0000000008008214                _etext = .

.vfp11_veneer   0x0000000008008214        0x0
 .vfp11_veneer  0x0000000008008214        0x0 linker stubs

.v4_bx          0x0000000008008214        0x0
 .v4_bx         0x0000000008008214        0x0 linker stubs

.iplt           0x0000000008008214        0x0
 .iplt          0x0000000008008214        0x0 C:/ST/STM32CubeIDE_1.13.2/STM32CubeIDE/plugins/com.st.stm32cube.ide.mcu.externaltools.gnu-tools-for-stm32.11.3.rel1.win32_1.1.100.202309141235/tools/bin/../lib/gcc/arm-none-eabi/11.3.1/thumb/v6-m/nofp/crtbegin.o

.rodata         0x0000000008008214      0x124
                0x0000000008008214                . = ALIGN (0x4)
 *(.rodata)
 .rodata        0x0000000008008214       0x10 ./firmware/neopixel/ws2812.o
 .rodata        0x0000000008008224       0x80 C:/ST/STM32CubeIDE_1.13.2/STM32CubeIDE/plugins/com.st.stm32cube.ide.mcu.externaltools.gnu-tools-for-stm32.11.3.rel1.win32_1.1.100.202309141235/tools/bin/../lib/gcc/arm-none-eabi/11.3.1/thumb/v6-m/nofp\libgcc.a(divsf3.o)
 *(.rodata*)
 .rodata.AHBPrescTable
                0x00000000080082a4       0x40 ./Core/Src/system_stm32g0xx.o
                0x00000000080082a4                AHBPrescTable
 .rodata.HAL_TIM_PWM_ConfigChannel
                0x00000000080082e4       0x54 ./Drivers/STM32G0xx_HAL_Driver/Src/stm32g0xx_hal_tim.o
                0x0000000008008338                . = ALIGN (0x4)

.rel.dyn        0x0000000008008338        0x0
 .rel.iplt      0x0000000008008338        0x0 C:/ST/STM32CubeIDE_1.13.2/STM32CubeIDE/plugins/com.st.stm32cube.ide.mcu.externaltools.gnu-tools-for-stm32.11.3.rel1.win32_1.1.100.202309141235/tools/bin/../lib/gcc/arm-none-eabi/11.3.1/thumb/v6-m/nofp/crtbegin.o

.ARM.extab      0x0000000008008338        0x0
                0x0000000008008338                . = ALIGN (0x4)
 *(.ARM.extab* .gnu.linkonce.armextab.*)
                0x0000000008008338                . = ALIGN (0x4)

.ARM            0x0000000008008338        0x0
                0x0000000008008338                . = ALIGN (0x4)
                0x0000000008008338                __exidx_start = .
 *(.ARM.exidx*)
                0x0000000008008338                __exidx_end = .
                0x0000000008008338                . = ALIGN (0x4)

.preinit_array  0x0000000008008338        0x0
                0x0000000008008338                . = ALIGN (0x4)
                0x0000000008008338                PROVIDE (__preinit_array_start = .)
 *(.preinit_array*)
                0x0000000008008338                PROVIDE (__preinit_array_end = .)
                0x0000000008008338                . = ALIGN (0x4)

.init_array     0x0000000008008338        0x8
                0x0000000008008338                . = ALIGN (0x4)
                0x0000000008008338                PROVIDE (__init_array_start = .)
 *(SORT_BY_NAME(.init_array.*))
 *(.init_array*)
 .init_array    0x0000000008008338        0x4 C:/ST/STM32CubeIDE_1.13.2/STM32CubeIDE/plugins/com.st.stm32cube.ide.mcu.externaltools.gnu-tools-for-stm32.11.3.rel1.win32_1.1.100.202309141235/tools/bin/../lib/gcc/arm-none-eabi/11.3.1/thumb/v6-m/nofp/crtbegin.o
 .init_array    0x000000000800833c        0x4 ./firmware/firmware.o
                0x0000000008008340                PROVIDE (__init_array_end = .)
                0x0000000008008340                . = ALIGN (0x4)

.fini_array     0x0000000008008340        0x4
                0x0000000008008340                . = ALIGN (0x4)
                [!provide]                        PROVIDE (__fini_array_start = .)
 *(SORT_BY_NAME(.fini_array.*))
 *(.fini_array*)
 .fini_array    0x0000000008008340        0x4 C:/ST/STM32CubeIDE_1.13.2/STM32CubeIDE/plugins/com.st.stm32cube.ide.mcu.externaltools.gnu-tools-for-stm32.11.3.rel1.win32_1.1.100.202309141235/tools/bin/../lib/gcc/arm-none-eabi/11.3.1/thumb/v6-m/nofp/crtbegin.o
                [!provide]                        PROVIDE (__fini_array_end = .)
                0x0000000008008344                . = ALIGN (0x4)
                0x0000000008008344                _sidata = LOADADDR (.data)

.data           0x0000000020000000        0xc load address 0x0000000008008344
                0x0000000020000000                . = ALIGN (0x4)
                0x0000000020000000                _sdata = .
 *(.data)
 *(.data*)
 .data.SystemCoreClock
                0x0000000020000000        0x4 ./Core/Src/system_stm32g0xx.o
                0x0000000020000000                SystemCoreClock
 .data.uwTickPrio
                0x0000000020000004        0x4 ./Drivers/STM32G0xx_HAL_Driver/Src/stm32g0xx_hal.o
                0x0000000020000004                uwTickPrio
 .data.uwTickFreq
                0x0000000020000008        0x1 ./Drivers/STM32G0xx_HAL_Driver/Src/stm32g0xx_hal.o
                0x0000000020000008                uwTickFreq
 *(.RamFunc)
 *(.RamFunc*)
                0x000000002000000c                . = ALIGN (0x4)
 *fill*         0x0000000020000009        0x3 
                0x000000002000000c                _edata = .

.igot.plt       0x000000002000000c        0x0 load address 0x0000000008008350
 .igot.plt      0x000000002000000c        0x0 C:/ST/STM32CubeIDE_1.13.2/STM32CubeIDE/plugins/com.st.stm32cube.ide.mcu.externaltools.gnu-tools-for-stm32.11.3.rel1.win32_1.1.100.202309141235/tools/bin/../lib/gcc/arm-none-eabi/11.3.1/thumb/v6-m/nofp/crtbegin.o
                0x000000002000000c                . = ALIGN (0x4)

.bss            0x000000002000000c      0xb5c load address 0x0000000008008350
                0x000000002000000c                _sbss = .
                0x000000002000000c                __bss_start__ = _sbss
 *(.bss)
 .bss           0x000000002000000c       0x1c C:/ST/STM32CubeIDE_1.13.2/STM32CubeIDE/plugins/com.st.stm32cube.ide.mcu.externaltools.gnu-tools-for-stm32.11.3.rel1.win32_1.1.100.202309141235/tools/bin/../lib/gcc/arm-none-eabi/11.3.1/thumb/v6-m/nofp/crtbegin.o
 *(.bss*)
 .bss.hadc1     0x0000000020000028       0x64 ./Core/Src/main.o
                0x0000000020000028                hadc1
 .bss.hi2c1     0x000000002000008c       0x54 ./Core/Src/main.o
                0x000000002000008c                hi2c1
 .bss.hi2c2     0x00000000200000e0       0x54 ./Core/Src/main.o
                0x00000000200000e0                hi2c2
 .bss.htim1     0x0000000020000134       0x4c ./Core/Src/main.o
                0x0000000020000134                htim1
 .bss.htim2     0x0000000020000180       0x4c ./Core/Src/main.o
                0x0000000020000180                htim2
 .bss.htim3     0x00000000200001cc       0x4c ./Core/Src/main.o
                0x00000000200001cc                htim3
 .bss.hdma_tim2_ch1
                0x0000000020000218       0x5c ./Core/Src/main.o
                0x0000000020000218                hdma_tim2_ch1
 .bss.hdma_tim3_ch1
                0x0000000020000274       0x5c ./Core/Src/main.o
                0x0000000020000274                hdma_tim3_ch1
 .bss.uwTick    0x00000000200002d0        0x4 ./Drivers/STM32G0xx_HAL_Driver/Src/stm32g0xx_hal.o
                0x00000000200002d0                uwTick
 .bss.neopixel_intern
                0x00000000200002d4      0x380 ./firmware/firmware.o
                0x00000000200002d4                neopixel_intern
 .bss.neopixel_extern
                0x0000000020000654      0x380 ./firmware/firmware.o
                0x0000000020000654                neopixel_extern
 .bss.rc_buzzer
                0x00000000200009d4       0x18 ./firmware/firmware.o
                0x00000000200009d4                rc_buzzer
 .bss.led_status
                0x00000000200009ec        0x8 ./firmware/firmware.o
                0x00000000200009ec                led_status
 .bss.led_usb   0x00000000200009f4        0x8 ./firmware/firmware.o
                0x00000000200009f4                led_usb
 .bss.eeprom_config
                0x00000000200009fc        0x8 ./firmware/firmware.o
                0x00000000200009fc                eeprom_config
 .bss.timer_check
                0x0000000020000a04        0x4 ./firmware/firmware.o
                0x0000000020000a04                timer_check
 .bss.timer_led_update
                0x0000000020000a08        0x4 ./firmware/firmware.o
                0x0000000020000a08                timer_led_update
 .bss.timer_led_register_read
                0x0000000020000a0c        0x4 ./firmware/firmware.o
                0x0000000020000a0c                timer_led_register_read
 .bss.register_map
                0x0000000020000a10       0xff ./firmware/firmware.o
                0x0000000020000a10                register_map
 *fill*         0x0000000020000b0f        0x1 
 .bss.i2c_slave_cm4
                0x0000000020000b10       0x20 ./firmware/firmware.o
                0x0000000020000b10                i2c_slave_cm4
 .bss.i2c_slave_intern
                0x0000000020000b30       0x20 ./firmware/firmware.o
                0x0000000020000b30                i2c_slave_intern
 .bss.timer_test
                0x0000000020000b50        0x4 ./firmware/firmware.o
                0x0000000020000b50                timer_test
 .bss.registered_i2c_slaves
                0x0000000020000b54        0x8 ./firmware/i2c/i2c_slave.o
                0x0000000020000b54                registered_i2c_slaves
 .bss.num_i2c_slave
                0x0000000020000b5c        0x1 ./firmware/i2c/i2c_slave.o
                0x0000000020000b5c                num_i2c_slave
 .bss.num_neopixel
                0x0000000020000b5d        0x1 ./firmware/neopixel/ws2812.o
                0x0000000020000b5d                num_neopixel
 *fill*         0x0000000020000b5e        0x2 
 .bss.neopixel_handler
                0x0000000020000b60        0x8 ./firmware/neopixel/ws2812.o
                0x0000000020000b60                neopixel_handler
 *(COMMON)
                0x0000000020000b68                . = ALIGN (0x4)
                0x0000000020000b68                _ebss = .
                0x0000000020000b68                __bss_end__ = _ebss

._user_heap_stack
                0x0000000020000b68      0x600 load address 0x0000000008008350
                0x0000000020000b68                . = ALIGN (0x8)
                [!provide]                        PROVIDE (end = .)
                0x0000000020000b68                PROVIDE (_end = .)
                0x0000000020000d68                . = (. + _Min_Heap_Size)
 *fill*         0x0000000020000b68      0x200 
                0x0000000020001168                . = (. + _Min_Stack_Size)
 *fill*         0x0000000020000d68      0x400 
                0x0000000020001168                . = ALIGN (0x8)

/DISCARD/
 libc.a(*)
 libm.a(*)
 libgcc.a(*)

.ARM.attributes
                0x0000000000000000       0x28
 *(.ARM.attributes)
 .ARM.attributes
                0x0000000000000000       0x1e C:/ST/STM32CubeIDE_1.13.2/STM32CubeIDE/plugins/com.st.stm32cube.ide.mcu.externaltools.gnu-tools-for-stm32.11.3.rel1.win32_1.1.100.202309141235/tools/bin/../lib/gcc/arm-none-eabi/11.3.1/thumb/v6-m/nofp/crti.o
 .ARM.attributes
                0x000000000000001e       0x2c C:/ST/STM32CubeIDE_1.13.2/STM32CubeIDE/plugins/com.st.stm32cube.ide.mcu.externaltools.gnu-tools-for-stm32.11.3.rel1.win32_1.1.100.202309141235/tools/bin/../lib/gcc/arm-none-eabi/11.3.1/thumb/v6-m/nofp/crtbegin.o
 .ARM.attributes
                0x000000000000004a       0x2c ./Core/Src/main.o
 .ARM.attributes
                0x0000000000000076       0x2c ./Core/Src/stm32g0xx_hal_msp.o
 .ARM.attributes
                0x00000000000000a2       0x2c ./Core/Src/stm32g0xx_it.o
 .ARM.attributes
                0x00000000000000ce       0x2c ./Core/Src/system_stm32g0xx.o
 .ARM.attributes
                0x00000000000000fa       0x22 ./Core/Startup/startup_stm32g031g8ux.o
 .ARM.attributes
                0x000000000000011c       0x2c ./Drivers/STM32G0xx_HAL_Driver/Src/stm32g0xx_hal.o
 .ARM.attributes
                0x0000000000000148       0x2c ./Drivers/STM32G0xx_HAL_Driver/Src/stm32g0xx_hal_adc.o
 .ARM.attributes
                0x0000000000000174       0x2c ./Drivers/STM32G0xx_HAL_Driver/Src/stm32g0xx_hal_cortex.o
 .ARM.attributes
                0x00000000000001a0       0x2c ./Drivers/STM32G0xx_HAL_Driver/Src/stm32g0xx_hal_dma.o
 .ARM.attributes
                0x00000000000001cc       0x2c ./Drivers/STM32G0xx_HAL_Driver/Src/stm32g0xx_hal_gpio.o
 .ARM.attributes
                0x00000000000001f8       0x2c ./Drivers/STM32G0xx_HAL_Driver/Src/stm32g0xx_hal_i2c.o
 .ARM.attributes
                0x0000000000000224       0x2c ./Drivers/STM32G0xx_HAL_Driver/Src/stm32g0xx_hal_i2c_ex.o
 .ARM.attributes
                0x0000000000000250       0x2c ./Drivers/STM32G0xx_HAL_Driver/Src/stm32g0xx_hal_pwr_ex.o
 .ARM.attributes
                0x000000000000027c       0x2c ./Drivers/STM32G0xx_HAL_Driver/Src/stm32g0xx_hal_rcc.o
 .ARM.attributes
                0x00000000000002a8       0x2c ./Drivers/STM32G0xx_HAL_Driver/Src/stm32g0xx_hal_rcc_ex.o
 .ARM.attributes
                0x00000000000002d4       0x2c ./Drivers/STM32G0xx_HAL_Driver/Src/stm32g0xx_hal_tim.o
 .ARM.attributes
                0x0000000000000300       0x2c ./Drivers/STM32G0xx_HAL_Driver/Src/stm32g0xx_hal_tim_ex.o
 .ARM.attributes
                0x000000000000032c       0x2c ./firmware/buzzer/buzzer.o
 .ARM.attributes
                0x0000000000000358       0x2c ./firmware/callbacks/callback.o
 .ARM.attributes
                0x0000000000000384       0x2c ./firmware/eeprom/eeprom.o
 .ARM.attributes
                0x00000000000003b0       0x2c ./firmware/firmware.o
 .ARM.attributes
                0x00000000000003dc       0x2c ./firmware/i2c/i2c_slave.o
 .ARM.attributes
                0x0000000000000408       0x2c ./firmware/led/led.o
 .ARM.attributes
                0x0000000000000434       0x2c ./firmware/neopixel/ws2812.o
 .ARM.attributes
                0x0000000000000460       0x2c ./firmware/utils/elapsedMillis.o
 .ARM.attributes
                0x000000000000048c       0x2c C:/ST/STM32CubeIDE_1.13.2/STM32CubeIDE/plugins/com.st.stm32cube.ide.mcu.externaltools.gnu-tools-for-stm32.11.3.rel1.win32_1.1.100.202309141235/tools/bin/../lib/gcc/arm-none-eabi/11.3.1/../../../../arm-none-eabi/lib/thumb/v6-m/nofp\libc_nano.a(libc_a-memset.o)
 .ARM.attributes
                0x00000000000004b8       0x2c C:/ST/STM32CubeIDE_1.13.2/STM32CubeIDE/plugins/com.st.stm32cube.ide.mcu.externaltools.gnu-tools-for-stm32.11.3.rel1.win32_1.1.100.202309141235/tools/bin/../lib/gcc/arm-none-eabi/11.3.1/../../../../arm-none-eabi/lib/thumb/v6-m/nofp\libc_nano.a(libc_a-init.o)
 .ARM.attributes
                0x00000000000004e4       0x1e C:/ST/STM32CubeIDE_1.13.2/STM32CubeIDE/plugins/com.st.stm32cube.ide.mcu.externaltools.gnu-tools-for-stm32.11.3.rel1.win32_1.1.100.202309141235/tools/bin/../lib/gcc/arm-none-eabi/11.3.1/thumb/v6-m/nofp\libgcc.a(_udivsi3.o)
 .ARM.attributes
                0x0000000000000502       0x1e C:/ST/STM32CubeIDE_1.13.2/STM32CubeIDE/plugins/com.st.stm32cube.ide.mcu.externaltools.gnu-tools-for-stm32.11.3.rel1.win32_1.1.100.202309141235/tools/bin/../lib/gcc/arm-none-eabi/11.3.1/thumb/v6-m/nofp\libgcc.a(_dvmd_tls.o)
 .ARM.attributes
                0x0000000000000520       0x2c C:/ST/STM32CubeIDE_1.13.2/STM32CubeIDE/plugins/com.st.stm32cube.ide.mcu.externaltools.gnu-tools-for-stm32.11.3.rel1.win32_1.1.100.202309141235/tools/bin/../lib/gcc/arm-none-eabi/11.3.1/thumb/v6-m/nofp\libgcc.a(_fixunssfsi.o)
 .ARM.attributes
                0x000000000000054c       0x2c C:/ST/STM32CubeIDE_1.13.2/STM32CubeIDE/plugins/com.st.stm32cube.ide.mcu.externaltools.gnu-tools-for-stm32.11.3.rel1.win32_1.1.100.202309141235/tools/bin/../lib/gcc/arm-none-eabi/11.3.1/thumb/v6-m/nofp\libgcc.a(addsf3.o)
 .ARM.attributes
                0x0000000000000578       0x2c C:/ST/STM32CubeIDE_1.13.2/STM32CubeIDE/plugins/com.st.stm32cube.ide.mcu.externaltools.gnu-tools-for-stm32.11.3.rel1.win32_1.1.100.202309141235/tools/bin/../lib/gcc/arm-none-eabi/11.3.1/thumb/v6-m/nofp\libgcc.a(divsf3.o)
 .ARM.attributes
                0x00000000000005a4       0x2c C:/ST/STM32CubeIDE_1.13.2/STM32CubeIDE/plugins/com.st.stm32cube.ide.mcu.externaltools.gnu-tools-for-stm32.11.3.rel1.win32_1.1.100.202309141235/tools/bin/../lib/gcc/arm-none-eabi/11.3.1/thumb/v6-m/nofp\libgcc.a(mulsf3.o)
 .ARM.attributes
                0x00000000000005d0       0x2c C:/ST/STM32CubeIDE_1.13.2/STM32CubeIDE/plugins/com.st.stm32cube.ide.mcu.externaltools.gnu-tools-for-stm32.11.3.rel1.win32_1.1.100.202309141235/tools/bin/../lib/gcc/arm-none-eabi/11.3.1/thumb/v6-m/nofp\libgcc.a(subsf3.o)
 .ARM.attributes
                0x00000000000005fc       0x2c C:/ST/STM32CubeIDE_1.13.2/STM32CubeIDE/plugins/com.st.stm32cube.ide.mcu.externaltools.gnu-tools-for-stm32.11.3.rel1.win32_1.1.100.202309141235/tools/bin/../lib/gcc/arm-none-eabi/11.3.1/thumb/v6-m/nofp\libgcc.a(fixsfsi.o)
 .ARM.attributes
                0x0000000000000628       0x2c C:/ST/STM32CubeIDE_1.13.2/STM32CubeIDE/plugins/com.st.stm32cube.ide.mcu.externaltools.gnu-tools-for-stm32.11.3.rel1.win32_1.1.100.202309141235/tools/bin/../lib/gcc/arm-none-eabi/11.3.1/thumb/v6-m/nofp\libgcc.a(floatsisf.o)
 .ARM.attributes
                0x0000000000000654       0x1e C:/ST/STM32CubeIDE_1.13.2/STM32CubeIDE/plugins/com.st.stm32cube.ide.mcu.externaltools.gnu-tools-for-stm32.11.3.rel1.win32_1.1.100.202309141235/tools/bin/../lib/gcc/arm-none-eabi/11.3.1/thumb/v6-m/nofp\libgcc.a(_arm_cmpsf2.o)
 .ARM.attributes
                0x0000000000000672       0x1e C:/ST/STM32CubeIDE_1.13.2/STM32CubeIDE/plugins/com.st.stm32cube.ide.mcu.externaltools.gnu-tools-for-stm32.11.3.rel1.win32_1.1.100.202309141235/tools/bin/../lib/gcc/arm-none-eabi/11.3.1/thumb/v6-m/nofp\libgcc.a(_clzsi2.o)
 .ARM.attributes
                0x0000000000000690       0x2c C:/ST/STM32CubeIDE_1.13.2/STM32CubeIDE/plugins/com.st.stm32cube.ide.mcu.externaltools.gnu-tools-for-stm32.11.3.rel1.win32_1.1.100.202309141235/tools/bin/../lib/gcc/arm-none-eabi/11.3.1/thumb/v6-m/nofp\libgcc.a(eqsf2.o)
 .ARM.attributes
                0x00000000000006bc       0x2c C:/ST/STM32CubeIDE_1.13.2/STM32CubeIDE/plugins/com.st.stm32cube.ide.mcu.externaltools.gnu-tools-for-stm32.11.3.rel1.win32_1.1.100.202309141235/tools/bin/../lib/gcc/arm-none-eabi/11.3.1/thumb/v6-m/nofp\libgcc.a(gesf2.o)
 .ARM.attributes
                0x00000000000006e8       0x2c C:/ST/STM32CubeIDE_1.13.2/STM32CubeIDE/plugins/com.st.stm32cube.ide.mcu.externaltools.gnu-tools-for-stm32.11.3.rel1.win32_1.1.100.202309141235/tools/bin/../lib/gcc/arm-none-eabi/11.3.1/thumb/v6-m/nofp\libgcc.a(lesf2.o)
 .ARM.attributes
                0x0000000000000714       0x1e C:/ST/STM32CubeIDE_1.13.2/STM32CubeIDE/plugins/com.st.stm32cube.ide.mcu.externaltools.gnu-tools-for-stm32.11.3.rel1.win32_1.1.100.202309141235/tools/bin/../lib/gcc/arm-none-eabi/11.3.1/thumb/v6-m/nofp/crtn.o
OUTPUT(RobotControl_BoardExtender.elf elf32-littlearm)
LOAD linker stubs
LOAD C:/ST/STM32CubeIDE_1.13.2/STM32CubeIDE/plugins/com.st.stm32cube.ide.mcu.externaltools.gnu-tools-for-stm32.11.3.rel1.win32_1.1.100.202309141235/tools/bin/../lib/gcc/arm-none-eabi/11.3.1/../../../../arm-none-eabi/lib/thumb/v6-m/nofp\libc.a
LOAD C:/ST/STM32CubeIDE_1.13.2/STM32CubeIDE/plugins/com.st.stm32cube.ide.mcu.externaltools.gnu-tools-for-stm32.11.3.rel1.win32_1.1.100.202309141235/tools/bin/../lib/gcc/arm-none-eabi/11.3.1/../../../../arm-none-eabi/lib/thumb/v6-m/nofp\libm.a
LOAD C:/ST/STM32CubeIDE_1.13.2/STM32CubeIDE/plugins/com.st.stm32cube.ide.mcu.externaltools.gnu-tools-for-stm32.11.3.rel1.win32_1.1.100.202309141235/tools/bin/../lib/gcc/arm-none-eabi/11.3.1/thumb/v6-m/nofp\libgcc.a

.comment        0x0000000000000000       0x43
 .comment       0x0000000000000000       0x43 C:/ST/STM32CubeIDE_1.13.2/STM32CubeIDE/plugins/com.st.stm32cube.ide.mcu.externaltools.gnu-tools-for-stm32.11.3.rel1.win32_1.1.100.202309141235/tools/bin/../lib/gcc/arm-none-eabi/11.3.1/thumb/v6-m/nofp/crtbegin.o
                                         0x44 (size before relaxing)
 .comment       0x0000000000000043       0x44 ./Core/Src/main.o
 .comment       0x0000000000000043       0x44 ./Core/Src/stm32g0xx_hal_msp.o
 .comment       0x0000000000000043       0x44 ./Core/Src/stm32g0xx_it.o
 .comment       0x0000000000000043       0x44 ./Core/Src/system_stm32g0xx.o
 .comment       0x0000000000000043       0x44 ./Drivers/STM32G0xx_HAL_Driver/Src/stm32g0xx_hal.o
 .comment       0x0000000000000043       0x44 ./Drivers/STM32G0xx_HAL_Driver/Src/stm32g0xx_hal_adc.o
 .comment       0x0000000000000043       0x44 ./Drivers/STM32G0xx_HAL_Driver/Src/stm32g0xx_hal_cortex.o
 .comment       0x0000000000000043       0x44 ./Drivers/STM32G0xx_HAL_Driver/Src/stm32g0xx_hal_dma.o
 .comment       0x0000000000000043       0x44 ./Drivers/STM32G0xx_HAL_Driver/Src/stm32g0xx_hal_gpio.o
 .comment       0x0000000000000043       0x44 ./Drivers/STM32G0xx_HAL_Driver/Src/stm32g0xx_hal_i2c.o
 .comment       0x0000000000000043       0x44 ./Drivers/STM32G0xx_HAL_Driver/Src/stm32g0xx_hal_i2c_ex.o
 .comment       0x0000000000000043       0x44 ./Drivers/STM32G0xx_HAL_Driver/Src/stm32g0xx_hal_pwr_ex.o
 .comment       0x0000000000000043       0x44 ./Drivers/STM32G0xx_HAL_Driver/Src/stm32g0xx_hal_rcc.o
 .comment       0x0000000000000043       0x44 ./Drivers/STM32G0xx_HAL_Driver/Src/stm32g0xx_hal_rcc_ex.o
 .comment       0x0000000000000043       0x44 ./Drivers/STM32G0xx_HAL_Driver/Src/stm32g0xx_hal_tim.o
 .comment       0x0000000000000043       0x44 ./Drivers/STM32G0xx_HAL_Driver/Src/stm32g0xx_hal_tim_ex.o
 .comment       0x0000000000000043       0x44 ./firmware/buzzer/buzzer.o
 .comment       0x0000000000000043       0x44 ./firmware/callbacks/callback.o
 .comment       0x0000000000000043       0x44 ./firmware/eeprom/eeprom.o
 .comment       0x0000000000000043       0x44 ./firmware/firmware.o
 .comment       0x0000000000000043       0x44 ./firmware/i2c/i2c_slave.o
 .comment       0x0000000000000043       0x44 ./firmware/led/led.o
 .comment       0x0000000000000043       0x44 ./firmware/neopixel/ws2812.o
 .comment       0x0000000000000043       0x44 ./firmware/utils/elapsedMillis.o

.debug_info     0x0000000000000000    0x184b4
 .debug_info    0x0000000000000000     0x18f5 ./Core/Src/main.o
 .debug_info    0x00000000000018f5     0x1551 ./Core/Src/stm32g0xx_hal_msp.o
 .debug_info    0x0000000000002e46      0x7da ./Core/Src/stm32g0xx_it.o
 .debug_info    0x0000000000003620      0x316 ./Core/Src/system_stm32g0xx.o
 .debug_info    0x0000000000003936       0x23 ./Core/Startup/startup_stm32g031g8ux.o
 .debug_info    0x0000000000003959      0xa2f ./Drivers/STM32G0xx_HAL_Driver/Src/stm32g0xx_hal.o
 .debug_info    0x0000000000004388     0x1534 ./Drivers/STM32G0xx_HAL_Driver/Src/stm32g0xx_hal_adc.o
 .debug_info    0x00000000000058bc      0x87b ./Drivers/STM32G0xx_HAL_Driver/Src/stm32g0xx_hal_cortex.o
 .debug_info    0x0000000000006137      0x86b ./Drivers/STM32G0xx_HAL_Driver/Src/stm32g0xx_hal_dma.o
 .debug_info    0x00000000000069a2      0x59d ./Drivers/STM32G0xx_HAL_Driver/Src/stm32g0xx_hal_gpio.o
 .debug_info    0x0000000000006f3f     0x2146 ./Drivers/STM32G0xx_HAL_Driver/Src/stm32g0xx_hal_i2c.o
 .debug_info    0x0000000000009085      0x9e5 ./Drivers/STM32G0xx_HAL_Driver/Src/stm32g0xx_hal_i2c_ex.o
 .debug_info    0x0000000000009a6a      0x77d ./Drivers/STM32G0xx_HAL_Driver/Src/stm32g0xx_hal_pwr_ex.o
 .debug_info    0x000000000000a1e7      0xb1e ./Drivers/STM32G0xx_HAL_Driver/Src/stm32g0xx_hal_rcc.o
 .debug_info    0x000000000000ad05      0x75b ./Drivers/STM32G0xx_HAL_Driver/Src/stm32g0xx_hal_rcc_ex.o
 .debug_info    0x000000000000b460     0x2b84 ./Drivers/STM32G0xx_HAL_Driver/Src/stm32g0xx_hal_tim.o
 .debug_info    0x000000000000dfe4     0x18b8 ./Drivers/STM32G0xx_HAL_Driver/Src/stm32g0xx_hal_tim_ex.o
 .debug_info    0x000000000000f89c      0xefa ./firmware/buzzer/buzzer.o
 .debug_info    0x0000000000010796      0x211 ./firmware/callbacks/callback.o
 .debug_info    0x00000000000109a7      0x9a0 ./firmware/eeprom/eeprom.o
 .debug_info    0x0000000000011347     0x3292 ./firmware/firmware.o
 .debug_info    0x00000000000145d9     0x106b ./firmware/i2c/i2c_slave.o
 .debug_info    0x0000000000015644      0x446 ./firmware/led/led.o
 .debug_info    0x0000000000015a8a     0x28b5 ./firmware/neopixel/ws2812.o
 .debug_info    0x000000000001833f      0x175 ./firmware/utils/elapsedMillis.o

.debug_abbrev   0x0000000000000000     0x3c1d
 .debug_abbrev  0x0000000000000000      0x2f8 ./Core/Src/main.o
 .debug_abbrev  0x00000000000002f8      0x269 ./Core/Src/stm32g0xx_hal_msp.o
 .debug_abbrev  0x0000000000000561      0x1b4 ./Core/Src/stm32g0xx_it.o
 .debug_abbrev  0x0000000000000715      0x119 ./Core/Src/system_stm32g0xx.o
 .debug_abbrev  0x000000000000082e       0x12 ./Core/Startup/startup_stm32g031g8ux.o
 .debug_abbrev  0x0000000000000840      0x2b6 ./Drivers/STM32G0xx_HAL_Driver/Src/stm32g0xx_hal.o
 .debug_abbrev  0x0000000000000af6      0x27e ./Drivers/STM32G0xx_HAL_Driver/Src/stm32g0xx_hal_adc.o
 .debug_abbrev  0x0000000000000d74      0x2ab ./Drivers/STM32G0xx_HAL_Driver/Src/stm32g0xx_hal_cortex.o
 .debug_abbrev  0x000000000000101f      0x1e1 ./Drivers/STM32G0xx_HAL_Driver/Src/stm32g0xx_hal_dma.o
 .debug_abbrev  0x0000000000001200      0x1c3 ./Drivers/STM32G0xx_HAL_Driver/Src/stm32g0xx_hal_gpio.o
 .debug_abbrev  0x00000000000013c3      0x291 ./Drivers/STM32G0xx_HAL_Driver/Src/stm32g0xx_hal_i2c.o
 .debug_abbrev  0x0000000000001654      0x1ea ./Drivers/STM32G0xx_HAL_Driver/Src/stm32g0xx_hal_i2c_ex.o
 .debug_abbrev  0x000000000000183e      0x237 ./Drivers/STM32G0xx_HAL_Driver/Src/stm32g0xx_hal_pwr_ex.o
 .debug_abbrev  0x0000000000001a75      0x2a9 ./Drivers/STM32G0xx_HAL_Driver/Src/stm32g0xx_hal_rcc.o
 .debug_abbrev  0x0000000000001d1e      0x229 ./Drivers/STM32G0xx_HAL_Driver/Src/stm32g0xx_hal_rcc_ex.o
 .debug_abbrev  0x0000000000001f47      0x29b ./Drivers/STM32G0xx_HAL_Driver/Src/stm32g0xx_hal_tim.o
 .debug_abbrev  0x00000000000021e2      0x2ab ./Drivers/STM32G0xx_HAL_Driver/Src/stm32g0xx_hal_tim_ex.o
 .debug_abbrev  0x000000000000248d      0x335 ./firmware/buzzer/buzzer.o
 .debug_abbrev  0x00000000000027c2      0x16f ./firmware/callbacks/callback.o
 .debug_abbrev  0x0000000000002931      0x27a ./firmware/eeprom/eeprom.o
 .debug_abbrev  0x0000000000002bab      0x575 ./firmware/firmware.o
 .debug_abbrev  0x0000000000003120      0x345 ./firmware/i2c/i2c_slave.o
 .debug_abbrev  0x0000000000003465      0x228 ./firmware/led/led.o
 .debug_abbrev  0x000000000000368d      0x4cb ./firmware/neopixel/ws2812.o
 .debug_abbrev  0x0000000000003b58       0xc5 ./firmware/utils/elapsedMillis.o

.debug_aranges  0x0000000000000000     0x13b0
 .debug_aranges
                0x0000000000000000       0x70 ./Core/Src/main.o
 .debug_aranges
                0x0000000000000070       0x58 ./Core/Src/stm32g0xx_hal_msp.o
 .debug_aranges
                0x00000000000000c8       0x60 ./Core/Src/stm32g0xx_it.o
 .debug_aranges
                0x0000000000000128       0x28 ./Core/Src/system_stm32g0xx.o
 .debug_aranges
                0x0000000000000150       0x28 ./Core/Startup/startup_stm32g031g8ux.o
 .debug_aranges
                0x0000000000000178      0x128 ./Drivers/STM32G0xx_HAL_Driver/Src/stm32g0xx_hal.o
 .debug_aranges
                0x00000000000002a0      0x1f0 ./Drivers/STM32G0xx_HAL_Driver/Src/stm32g0xx_hal_adc.o
 .debug_aranges
                0x0000000000000490       0xd8 ./Drivers/STM32G0xx_HAL_Driver/Src/stm32g0xx_hal_cortex.o
 .debug_aranges
                0x0000000000000568       0x90 ./Drivers/STM32G0xx_HAL_Driver/Src/stm32g0xx_hal_dma.o
 .debug_aranges
                0x00000000000005f8       0x60 ./Drivers/STM32G0xx_HAL_Driver/Src/stm32g0xx_hal_gpio.o
 .debug_aranges
                0x0000000000000658      0x2a0 ./Drivers/STM32G0xx_HAL_Driver/Src/stm32g0xx_hal_i2c.o
 .debug_aranges
                0x00000000000008f8       0x48 ./Drivers/STM32G0xx_HAL_Driver/Src/stm32g0xx_hal_i2c_ex.o
 .debug_aranges
                0x0000000000000940       0xf0 ./Drivers/STM32G0xx_HAL_Driver/Src/stm32g0xx_hal_pwr_ex.o
 .debug_aranges
                0x0000000000000a30       0xa0 ./Drivers/STM32G0xx_HAL_Driver/Src/stm32g0xx_hal_rcc.o
 .debug_aranges
                0x0000000000000ad0       0x40 ./Drivers/STM32G0xx_HAL_Driver/Src/stm32g0xx_hal_rcc_ex.o
 .debug_aranges
                0x0000000000000b10      0x3e0 ./Drivers/STM32G0xx_HAL_Driver/Src/stm32g0xx_hal_tim.o
 .debug_aranges
                0x0000000000000ef0      0x198 ./Drivers/STM32G0xx_HAL_Driver/Src/stm32g0xx_hal_tim_ex.o
 .debug_aranges
                0x0000000000001088       0x70 ./firmware/buzzer/buzzer.o
 .debug_aranges
                0x00000000000010f8       0x30 ./firmware/callbacks/callback.o
 .debug_aranges
                0x0000000000001128       0x30 ./firmware/eeprom/eeprom.o
 .debug_aranges
                0x0000000000001158       0x90 ./firmware/firmware.o
 .debug_aranges
                0x00000000000011e8       0xb8 ./firmware/i2c/i2c_slave.o
 .debug_aranges
                0x00000000000012a0       0x40 ./firmware/led/led.o
 .debug_aranges
                0x00000000000012e0       0xb0 ./firmware/neopixel/ws2812.o
 .debug_aranges
                0x0000000000001390       0x20 ./firmware/utils/elapsedMillis.o

.debug_rnglists
                0x0000000000000000      0xf31
 .debug_rnglists
                0x0000000000000000       0x57 ./Core/Src/main.o
 .debug_rnglists
                0x0000000000000057       0x42 ./Core/Src/stm32g0xx_hal_msp.o
 .debug_rnglists
                0x0000000000000099       0x43 ./Core/Src/stm32g0xx_it.o
 .debug_rnglists
                0x00000000000000dc       0x1a ./Core/Src/system_stm32g0xx.o
 .debug_rnglists
                0x00000000000000f6       0x19 ./Core/Startup/startup_stm32g031g8ux.o
 .debug_rnglists
                0x000000000000010f       0xda ./Drivers/STM32G0xx_HAL_Driver/Src/stm32g0xx_hal.o
 .debug_rnglists
                0x00000000000001e9      0x17f ./Drivers/STM32G0xx_HAL_Driver/Src/stm32g0xx_hal_adc.o
 .debug_rnglists
                0x0000000000000368       0x9f ./Drivers/STM32G0xx_HAL_Driver/Src/stm32g0xx_hal_cortex.o
 .debug_rnglists
                0x0000000000000407       0x72 ./Drivers/STM32G0xx_HAL_Driver/Src/stm32g0xx_hal_dma.o
 .debug_rnglists
                0x0000000000000479       0x45 ./Drivers/STM32G0xx_HAL_Driver/Src/stm32g0xx_hal_gpio.o
 .debug_rnglists
                0x00000000000004be      0x226 ./Drivers/STM32G0xx_HAL_Driver/Src/stm32g0xx_hal_i2c.o
 .debug_rnglists
                0x00000000000006e4       0x35 ./Drivers/STM32G0xx_HAL_Driver/Src/stm32g0xx_hal_i2c_ex.o
 .debug_rnglists
                0x0000000000000719       0xb5 ./Drivers/STM32G0xx_HAL_Driver/Src/stm32g0xx_hal_pwr_ex.o
 .debug_rnglists
                0x00000000000007ce       0x79 ./Drivers/STM32G0xx_HAL_Driver/Src/stm32g0xx_hal_rcc.o
 .debug_rnglists
                0x0000000000000847       0x30 ./Drivers/STM32G0xx_HAL_Driver/Src/stm32g0xx_hal_rcc_ex.o
 .debug_rnglists
                0x0000000000000877      0x32a ./Drivers/STM32G0xx_HAL_Driver/Src/stm32g0xx_hal_tim.o
 .debug_rnglists
                0x0000000000000ba1      0x14e ./Drivers/STM32G0xx_HAL_Driver/Src/stm32g0xx_hal_tim_ex.o
 .debug_rnglists
                0x0000000000000cef       0x51 ./firmware/buzzer/buzzer.o
 .debug_rnglists
                0x0000000000000d40       0x1f ./firmware/callbacks/callback.o
 .debug_rnglists
                0x0000000000000d5f       0x1f ./firmware/eeprom/eeprom.o
 .debug_rnglists
                0x0000000000000d7e       0x6d ./firmware/firmware.o
 .debug_rnglists
                0x0000000000000deb       0x86 ./firmware/i2c/i2c_slave.o
 .debug_rnglists
                0x0000000000000e71       0x2b ./firmware/led/led.o
 .debug_rnglists
                0x0000000000000e9c       0x82 ./firmware/neopixel/ws2812.o
 .debug_rnglists
                0x0000000000000f1e       0x13 ./firmware/utils/elapsedMillis.o

.debug_macro    0x0000000000000000    0x1a79c
 .debug_macro   0x0000000000000000      0x225 ./Core/Src/main.o
 .debug_macro   0x0000000000000225      0xa7e ./Core/Src/main.o
 .debug_macro   0x0000000000000ca3      0x123 ./Core/Src/main.o
 .debug_macro   0x0000000000000dc6       0x2e ./Core/Src/main.o
 .debug_macro   0x0000000000000df4       0x28 ./Core/Src/main.o
 .debug_macro   0x0000000000000e1c       0x22 ./Core/Src/main.o
 .debug_macro   0x0000000000000e3e       0x8e ./Core/Src/main.o
 .debug_macro   0x0000000000000ecc       0x51 ./Core/Src/main.o
 .debug_macro   0x0000000000000f1d      0x103 ./Core/Src/main.o
 .debug_macro   0x0000000000001020       0x6a ./Core/Src/main.o
 .debug_macro   0x000000000000108a      0x1df ./Core/Src/main.o
 .debug_macro   0x0000000000001269       0x1c ./Core/Src/main.o
 .debug_macro   0x0000000000001285       0x22 ./Core/Src/main.o
 .debug_macro   0x00000000000012a7       0xd1 ./Core/Src/main.o
 .debug_macro   0x0000000000001378      0x4da ./Core/Src/main.o
 .debug_macro   0x0000000000001852      0x11f ./Core/Src/main.o
 .debug_macro   0x0000000000001971     0xac09 ./Core/Src/main.o
 .debug_macro   0x000000000000c57a       0x66 ./Core/Src/main.o
 .debug_macro   0x000000000000c5e0     0x34fd ./Core/Src/main.o
 .debug_macro   0x000000000000fadd      0x174 ./Core/Src/main.o
 .debug_macro   0x000000000000fc51       0x5c ./Core/Src/main.o
 .debug_macro   0x000000000000fcad      0x53b ./Core/Src/main.o
 .debug_macro   0x00000000000101e8      0xf23 ./Core/Src/main.o
 .debug_macro   0x000000000001110b      0x1d8 ./Core/Src/main.o
 .debug_macro   0x00000000000112e3      0x1cf ./Core/Src/main.o
 .debug_macro   0x00000000000114b2      0x122 ./Core/Src/main.o
 .debug_macro   0x00000000000115d4      0x390 ./Core/Src/main.o
 .debug_macro   0x0000000000011964      0x202 ./Core/Src/main.o
 .debug_macro   0x0000000000011b66      0x2ff ./Core/Src/main.o
 .debug_macro   0x0000000000011e65      0x1b2 ./Core/Src/main.o
 .debug_macro   0x0000000000012017       0x43 ./Core/Src/main.o
 .debug_macro   0x000000000001205a      0x1f1 ./Core/Src/main.o
 .debug_macro   0x000000000001224b      0x8a8 ./Core/Src/main.o
 .debug_macro   0x0000000000012af3      0x5b4 ./Core/Src/main.o
 .debug_macro   0x00000000000130a7       0x2e ./Core/Src/main.o
 .debug_macro   0x00000000000130d5      0x1d6 ./Core/Src/main.o
 .debug_macro   0x00000000000132ab      0x38a ./Core/Src/main.o
 .debug_macro   0x0000000000013635       0x28 ./Core/Src/main.o
 .debug_macro   0x000000000001365d       0xe4 ./Core/Src/main.o
 .debug_macro   0x0000000000013741      0x22c ./Core/Src/main.o
 .debug_macro   0x000000000001396d       0x67 ./Core/Src/main.o
 .debug_macro   0x00000000000139d4       0xa5 ./Core/Src/main.o
 .debug_macro   0x0000000000013a79      0x10c ./Core/Src/main.o
 .debug_macro   0x0000000000013b85      0x240 ./Core/Src/main.o
 .debug_macro   0x0000000000013dc5      0xabb ./Core/Src/main.o
 .debug_macro   0x0000000000014880      0x135 ./Core/Src/main.o
 .debug_macro   0x00000000000149b5      0x49d ./Core/Src/main.o
 .debug_macro   0x0000000000014e52       0x7c ./Core/Src/main.o
 .debug_macro   0x0000000000014ece      0x225 ./Core/Src/stm32g0xx_hal_msp.o
 .debug_macro   0x00000000000150f3      0x22f ./Core/Src/stm32g0xx_it.o
 .debug_macro   0x0000000000015322      0x20c ./Core/Src/system_stm32g0xx.o
 .debug_macro   0x000000000001552e      0x230 ./Drivers/STM32G0xx_HAL_Driver/Src/stm32g0xx_hal.o
 .debug_macro   0x000000000001575e      0x230 ./Drivers/STM32G0xx_HAL_Driver/Src/stm32g0xx_hal_adc.o
 .debug_macro   0x000000000001598e      0x20c ./Drivers/STM32G0xx_HAL_Driver/Src/stm32g0xx_hal_cortex.o
 .debug_macro   0x0000000000015b9a      0x20c ./Drivers/STM32G0xx_HAL_Driver/Src/stm32g0xx_hal_dma.o
 .debug_macro   0x0000000000015da6      0x213 ./Drivers/STM32G0xx_HAL_Driver/Src/stm32g0xx_hal_gpio.o
 .debug_macro   0x0000000000015fb9      0x2d8 ./Drivers/STM32G0xx_HAL_Driver/Src/stm32g0xx_hal_i2c.o
 .debug_macro   0x0000000000016291      0x20c ./Drivers/STM32G0xx_HAL_Driver/Src/stm32g0xx_hal_i2c_ex.o
 .debug_macro   0x000000000001649d      0x236 ./Drivers/STM32G0xx_HAL_Driver/Src/stm32g0xx_hal_pwr_ex.o
 .debug_macro   0x00000000000166d3      0x248 ./Drivers/STM32G0xx_HAL_Driver/Src/stm32g0xx_hal_rcc.o
 .debug_macro   0x000000000001691b      0x224 ./Drivers/STM32G0xx_HAL_Driver/Src/stm32g0xx_hal_rcc_ex.o
 .debug_macro   0x0000000000016b3f      0x214 ./Drivers/STM32G0xx_HAL_Driver/Src/stm32g0xx_hal_tim.o
 .debug_macro   0x0000000000016d53      0x212 ./Drivers/STM32G0xx_HAL_Driver/Src/stm32g0xx_hal_tim_ex.o
 .debug_macro   0x0000000000016f65      0x22a ./firmware/buzzer/buzzer.o
 .debug_macro   0x000000000001718f      0xb56 ./firmware/buzzer/buzzer.o
 .debug_macro   0x0000000000017ce5       0x1c ./firmware/buzzer/buzzer.o
 .debug_macro   0x0000000000017d01      0x4da ./firmware/buzzer/buzzer.o
 .debug_macro   0x00000000000181db      0x17b ./firmware/buzzer/buzzer.o
 .debug_macro   0x0000000000018356       0x10 ./firmware/buzzer/buzzer.o
 .debug_macro   0x0000000000018366       0x72 ./firmware/callbacks/callback.o
 .debug_macro   0x00000000000183d8      0x21b ./firmware/eeprom/eeprom.o
 .debug_macro   0x00000000000185f3      0x3dc ./firmware/firmware.o
 .debug_macro   0x00000000000189cf      0x1b2 ./firmware/firmware.o
 .debug_macro   0x0000000000018b81       0x10 ./firmware/firmware.o
 .debug_macro   0x0000000000018b91      0x3df ./firmware/firmware.o
 .debug_macro   0x0000000000018f70       0x18 ./firmware/firmware.o
 .debug_macro   0x0000000000018f88       0x61 ./firmware/firmware.o
 .debug_macro   0x0000000000018fe9       0x34 ./firmware/firmware.o
 .debug_macro   0x000000000001901d       0x43 ./firmware/firmware.o
 .debug_macro   0x0000000000019060       0x16 ./firmware/firmware.o
 .debug_macro   0x0000000000019076      0x38c ./firmware/firmware.o
 .debug_macro   0x0000000000019402      0x194 ./firmware/firmware.o
 .debug_macro   0x0000000000019596       0x10 ./firmware/firmware.o
 .debug_macro   0x00000000000195a6       0x35 ./firmware/firmware.o
 .debug_macro   0x00000000000195db       0x10 ./firmware/firmware.o
 .debug_macro   0x00000000000195eb      0x3c7 ./firmware/firmware.o
 .debug_macro   0x00000000000199b2       0x28 ./firmware/firmware.o
 .debug_macro   0x00000000000199da       0x16 ./firmware/firmware.o
 .debug_macro   0x00000000000199f0       0x3a ./firmware/firmware.o
 .debug_macro   0x0000000000019a2a      0x3a5 ./firmware/firmware.o
 .debug_macro   0x0000000000019dcf      0x22b ./firmware/i2c/i2c_slave.o
 .debug_macro   0x0000000000019ffa      0x21b ./firmware/led/led.o
 .debug_macro   0x000000000001a215      0x36c ./firmware/neopixel/ws2812.o
 .debug_macro   0x000000000001a581      0x21b ./firmware/utils/elapsedMillis.o

.debug_line     0x0000000000000000    0x1911d
 .debug_line    0x0000000000000000      0xbb0 ./Core/Src/main.o
 .debug_line    0x0000000000000bb0      0xa8b ./Core/Src/stm32g0xx_hal_msp.o
 .debug_line    0x000000000000163b      0x94a ./Core/Src/stm32g0xx_it.o
 .debug_line    0x0000000000001f85      0x849 ./Core/Src/system_stm32g0xx.o
 .debug_line    0x00000000000027ce       0x7b ./Core/Startup/startup_stm32g031g8ux.o
 .debug_line    0x0000000000002849      0xb97 ./Drivers/STM32G0xx_HAL_Driver/Src/stm32g0xx_hal.o
 .debug_line    0x00000000000033e0     0x1924 ./Drivers/STM32G0xx_HAL_Driver/Src/stm32g0xx_hal_adc.o
 .debug_line    0x0000000000004d04      0xc00 ./Drivers/STM32G0xx_HAL_Driver/Src/stm32g0xx_hal_cortex.o
 .debug_line    0x0000000000005904      0xe20 ./Drivers/STM32G0xx_HAL_Driver/Src/stm32g0xx_hal_dma.o
 .debug_line    0x0000000000006724      0xbec ./Drivers/STM32G0xx_HAL_Driver/Src/stm32g0xx_hal_gpio.o
 .debug_line    0x0000000000007310     0x379c ./Drivers/STM32G0xx_HAL_Driver/Src/stm32g0xx_hal_i2c.o
 .debug_line    0x000000000000aaac      0x9f4 ./Drivers/STM32G0xx_HAL_Driver/Src/stm32g0xx_hal_i2c_ex.o
 .debug_line    0x000000000000b4a0      0xb5c ./Drivers/STM32G0xx_HAL_Driver/Src/stm32g0xx_hal_pwr_ex.o
 .debug_line    0x000000000000bffc      0xfa7 ./Drivers/STM32G0xx_HAL_Driver/Src/stm32g0xx_hal_rcc.o
 .debug_line    0x000000000000cfa3      0xcc9 ./Drivers/STM32G0xx_HAL_Driver/Src/stm32g0xx_hal_rcc_ex.o
 .debug_line    0x000000000000dc6c     0x3c70 ./Drivers/STM32G0xx_HAL_Driver/Src/stm32g0xx_hal_tim.o
 .debug_line    0x00000000000118dc     0x1cd6 ./Drivers/STM32G0xx_HAL_Driver/Src/stm32g0xx_hal_tim_ex.o
 .debug_line    0x00000000000135b2      0xa7a ./firmware/buzzer/buzzer.o
 .debug_line    0x000000000001402c      0x4eb ./firmware/callbacks/callback.o
 .debug_line    0x0000000000014517      0x812 ./firmware/eeprom/eeprom.o
 .debug_line    0x0000000000014d29     0x1577 ./firmware/firmware.o
 .debug_line    0x00000000000162a0      0xb12 ./firmware/i2c/i2c_slave.o
 .debug_line    0x0000000000016db2      0x829 ./firmware/led/led.o
 .debug_line    0x00000000000175db     0x1360 ./firmware/neopixel/ws2812.o
 .debug_line    0x000000000001893b      0x7e2 ./firmware/utils/elapsedMillis.o

.debug_str      0x0000000000000000    0x9f376
 .debug_str     0x0000000000000000    0x9224c ./Core/Src/main.o
                                      0x92cd0 (size before relaxing)
 .debug_str     0x000000000009224c      0x1fa ./Core/Src/stm32g0xx_hal_msp.o
                                      0x929a5 (size before relaxing)
 .debug_str     0x0000000000092446      0x115 ./Core/Src/stm32g0xx_it.o
                                      0x92019 (size before relaxing)
 .debug_str     0x000000000009255b       0x8e ./Core/Src/system_stm32g0xx.o
                                      0x91866 (size before relaxing)
 .debug_str     0x00000000000925e9       0x34 ./Core/Startup/startup_stm32g031g8ux.o
                                         0xac (size before relaxing)
 .debug_str     0x000000000009261d      0x55d ./Drivers/STM32G0xx_HAL_Driver/Src/stm32g0xx_hal.o
                                      0x9203c (size before relaxing)
 .debug_str     0x0000000000092b7a      0x8d8 ./Drivers/STM32G0xx_HAL_Driver/Src/stm32g0xx_hal_adc.o
                                      0x9261f (size before relaxing)
 .debug_str     0x0000000000093452      0x24a ./Drivers/STM32G0xx_HAL_Driver/Src/stm32g0xx_hal_cortex.o
                                      0x91cb8 (size before relaxing)
 .debug_str     0x000000000009369c      0x269 ./Drivers/STM32G0xx_HAL_Driver/Src/stm32g0xx_hal_dma.o
                                      0x91d00 (size before relaxing)
 .debug_str     0x0000000000093905      0x134 ./Drivers/STM32G0xx_HAL_Driver/Src/stm32g0xx_hal_gpio.o
                                      0x9199b (size before relaxing)
 .debug_str     0x0000000000093a39      0xd6f ./Drivers/STM32G0xx_HAL_Driver/Src/stm32g0xx_hal_i2c.o
                                      0x92c35 (size before relaxing)
 .debug_str     0x00000000000947a8       0xb8 ./Drivers/STM32G0xx_HAL_Driver/Src/stm32g0xx_hal_i2c_ex.o
                                      0x91ecf (size before relaxing)
 .debug_str     0x0000000000094860      0x37b ./Drivers/STM32G0xx_HAL_Driver/Src/stm32g0xx_hal_pwr_ex.o
                                      0x91cdf (size before relaxing)
 .debug_str     0x0000000000094bdb      0x345 ./Drivers/STM32G0xx_HAL_Driver/Src/stm32g0xx_hal_rcc.o
                                      0x91e89 (size before relaxing)
 .debug_str     0x0000000000094f20      0x185 ./Drivers/STM32G0xx_HAL_Driver/Src/stm32g0xx_hal_rcc_ex.o
                                      0x91bf5 (size before relaxing)
 .debug_str     0x00000000000950a5      0xe24 ./Drivers/STM32G0xx_HAL_Driver/Src/stm32g0xx_hal_tim.o
                                      0x92d98 (size before relaxing)
 .debug_str     0x0000000000095ec9      0x4fd ./Drivers/STM32G0xx_HAL_Driver/Src/stm32g0xx_hal_tim_ex.o
                                      0x92736 (size before relaxing)
 .debug_str     0x00000000000963c6      0xc0f ./firmware/buzzer/buzzer.o
                                      0x92828 (size before relaxing)
 .debug_str     0x0000000000096fd5      0x125 ./firmware/callbacks/callback.o
                                       0x41d1 (size before relaxing)
 .debug_str     0x00000000000970fa      0x126 ./firmware/eeprom/eeprom.o
                                      0x92419 (size before relaxing)
 .debug_str     0x0000000000097220     0x7ef3 ./firmware/firmware.o
                                      0x9afcb (size before relaxing)
 .debug_str     0x000000000009f113      0x13f ./firmware/i2c/i2c_slave.o
                                      0x92a9e (size before relaxing)
 .debug_str     0x000000000009f252       0x33 ./firmware/led/led.o
                                      0x91dbc (size before relaxing)
 .debug_str     0x000000000009f285       0xcd ./firmware/neopixel/ws2812.o
                                      0x98c28 (size before relaxing)
 .debug_str     0x000000000009f352       0x24 ./firmware/utils/elapsedMillis.o
                                      0x91c7c (size before relaxing)

.debug_frame    0x0000000000000000     0x484c
 .debug_frame   0x0000000000000000      0x160 ./Core/Src/main.o
 .debug_frame   0x0000000000000160      0x110 ./Core/Src/stm32g0xx_hal_msp.o
 .debug_frame   0x0000000000000270      0x10c ./Core/Src/stm32g0xx_it.o
 .debug_frame   0x000000000000037c       0x4c ./Core/Src/system_stm32g0xx.o
 .debug_frame   0x00000000000003c8      0x3fc ./Drivers/STM32G0xx_HAL_Driver/Src/stm32g0xx_hal.o
 .debug_frame   0x00000000000007c4      0x78c ./Drivers/STM32G0xx_HAL_Driver/Src/stm32g0xx_hal_adc.o
 .debug_frame   0x0000000000000f50      0x2fc ./Drivers/STM32G0xx_HAL_Driver/Src/stm32g0xx_hal_cortex.o
 .debug_frame   0x000000000000124c      0x1f0 ./Drivers/STM32G0xx_HAL_Driver/Src/stm32g0xx_hal_dma.o
 .debug_frame   0x000000000000143c      0x130 ./Drivers/STM32G0xx_HAL_Driver/Src/stm32g0xx_hal_gpio.o
 .debug_frame   0x000000000000156c      0xa64 ./Drivers/STM32G0xx_HAL_Driver/Src/stm32g0xx_hal_i2c.o
 .debug_frame   0x0000000000001fd0       0xd0 ./Drivers/STM32G0xx_HAL_Driver/Src/stm32g0xx_hal_i2c_ex.o
 .debug_frame   0x00000000000020a0      0x32c ./Drivers/STM32G0xx_HAL_Driver/Src/stm32g0xx_hal_pwr_ex.o
 .debug_frame   0x00000000000023cc      0x214 ./Drivers/STM32G0xx_HAL_Driver/Src/stm32g0xx_hal_rcc.o