J:/work_dir/work_dir/projects/testbed/software/robots/firmwares/libraries/general/stm32_core_cpp_lib/hardware/board_hardware/core_board_LedDriver.cpp:12:1:core_board_LedDriver::core_board_LedDriver(I2C_HandleTypeDef*, uint8_t)	24	static
J:/work_dir/work_dir/projects/testbed/software/robots/firmwares/libraries/general/stm32_core_cpp_lib/hardware/board_hardware/core_board_LedDriver.cpp:18:6:void core_board_LedDriver::setStatusLed(uint8_t, uint8_t, uint8_t, uint8_t)	16	static
J:/work_dir/work_dir/projects/testbed/software/robots/firmwares/libraries/general/stm32_core_cpp_lib/hardware/board_hardware/core_board_LedDriver.cpp:24:6:void core_board_LedDriver::setExternalLed(uint8_t, uint8_t, uint8_t, uint8_t)	16	static
J:/work_dir/work_dir/projects/testbed/software/robots/firmwares/libraries/general/stm32_core_cpp_lib/hardware/board_hardware/core_board_LedDriver.cpp:30:6:void core_board_LedDriver::setBuzzer(uint16_t, uint16_t)	16	static
J:/work_dir/work_dir/projects/testbed/software/robots/firmwares/libraries/general/stm32_core_cpp_lib/hardware/board_hardware/core_board_LedDriver.cpp:35:6:void core_board_LedDriver::sendCommand(uint8_t, uint8_t*, uint8_t)	24	static
