/Users/lehmann/work_dir/work_dir/projects/testbed/software/robots/software_board/libraries/general/stm32_core_cpp_lib/ext/madgwick_ahrs/MadgwickAHRS.h:38:10:void Madgwick::begin(float)	16	static
/Users/lehmann/work_dir/work_dir/projects/testbed/software/robots/software_board/libraries/general/stm32_core_cpp_lib/ext/madgwick_ahrs/MadgwickAHRS.h:56:11:float Madgwick::getRollRadians()	16	static
../firmware/estimation/twipr_estimation.cpp:14:1:TWIPR_Estimation::TWIPR_Estimation()	16	static
../firmware/estimation/twipr_estimation.cpp:19:6:void TWIPR_Estimation::init(twipr_estimation_config_t)	24	static
../firmware/estimation/twipr_estimation.cpp:29:6:void TWIPR_Estimation::start()	16	static
../firmware/estimation/twipr_estimation.cpp:33:6:void TWIPR_Estimation::reset()	16	static
../firmware/estimation/twipr_estimation.cpp:37:6:void TWIPR_Estimation::task_function()	24	static
../firmware/estimation/twipr_estimation.cpp:51:6:void TWIPR_Estimation::stop()	16	static
../firmware/estimation/twipr_estimation.cpp:55:6:void TWIPR_Estimation::update()	80	static
../firmware/estimation/twipr_estimation.cpp:119:26:twipr_estimation_state_t TWIPR_Estimation::getMeanState()	24	static
../firmware/estimation/twipr_estimation.cpp:127:26:twipr_estimation_state_t TWIPR_Estimation::getState()	24	static
../firmware/estimation/twipr_estimation.cpp:134:6:void TWIPR_Estimation::setState(twipr_estimation_state_t)	16	static
../firmware/estimation/twipr_estimation.cpp:138:28:twipr_logging_estimation_t TWIPR_Estimation::getSample()	48	static
../firmware/estimation/twipr_estimation.cpp:144:6:void estimation_task(void*)	24	static
